app magic 0x48533410  (0826 V/f map, N_TEL=128)
MODE MPPT -> 1.0
RESET_FAULT -> 3.0
START -> 1.0
logging to e2_vf_20260914_131801_ret2000d2.csv - Ctrl-C to stop the LOG (the drive keeps running)
    0.11s  Vdc  535.0  Idc   0.77  P    410 W  f  5.00  m 0.103  OFF  flags 0  stop 5
    0.45s  Vdc  536.9  Idc   0.80  P    429 W  f  0.10  m 0.010  ON  flags 0  stop 5
    3.68s  Vdc  536.5  Idc   0.85  P    458 W  f  1.32  m 0.027  ON  flags 1  stop 5
    4.41s  Vdc  536.4  Idc   0.90  P    485 W  f  1.70  m 0.035  ON  flags 0  stop 5
    5.42s  Vdc  536.4  Idc   0.92  P    492 W  f  2.10  m 0.043  ON  flags 1  stop 5
    6.43s  Vdc  536.2  Idc   1.00  P    539 W  f  2.50  m 0.051  ON  flags 0  stop 5
    6.97s  Vdc  536.2  Idc   1.04  P    557 W  f  2.70  m 0.055  ON  flags 1  stop 5
    7.43s  Vdc  536.1  Idc   1.05  P    560 W  f  2.90  m 0.059  ON  flags 0  stop 5
    7.70s  Vdc  536.1  Idc   1.08  P    577 W  f  2.92  m 0.060  ON  flags 1  stop 5
    8.44s  Vdc  536.0  Idc   1.10  P    591 W  f  3.30  m 0.068  ON  flags 0  stop 5
   10.46s  Vdc  535.6  Idc   1.33  P    711 W  f  4.10  m 0.084  ON  flags 1  stop 5
   11.46s  Vdc  535.2  Idc   1.56  P    836 W  f  4.50  m 0.092  ON  flags 1  stop 5
   12.47s  Vdc  535.0  Idc   1.69  P    907 W  f  4.90  m 0.101  ON  flags 0  stop 5
   13.48s  Vdc  535.5  Idc   1.42  P    762 W  f  5.30  m 0.109  ON  flags 1  stop 5
   13.75s  Vdc  535.4  Idc   1.43  P    763 W  f  5.32  m 0.109  ON  flags 0  stop 5
   17.51s  Vdc  535.2  Idc   1.58  P    844 W  f  6.90  m 0.142  ON  flags 1  stop 5
   17.78s  Vdc  535.2  Idc   1.58  P    844 W  f  6.92  m 0.142  ON  flags 0  stop 5
   22.54s  Vdc  534.8  Idc   1.75  P    938 W  f  8.70  m 0.179  ON  flags 1  stop 5
   22.69s  Vdc  534.8  Idc   1.78  P    952 W  f  8.70  m 0.179  ON  flags 1  stop 5
   22.82s  Vdc  534.8  Idc   1.78  P    952 W  f  8.90  m 0.183  ON  flags 0  stop 5
   23.09s  Vdc  534.7  Idc   1.82  P    971 W  f  9.10  m 0.187  ON  flags 1  stop 5
   23.55s  Vdc  534.7  Idc   1.85  P    990 W  f  9.30  m 0.191  ON  flags 0  stop 5
   29.13s  Vdc  533.7  Idc   2.33  P   1245 W  f 14.12  m 0.291  ON  flags 1  stop 5
   29.60s  Vdc  533.2  Idc   2.57  P   1371 W  f 14.92  m 0.308  ON  flags 0  stop 5
   30.87s  Vdc  532.6  Idc   2.91  P   1550 W  f 16.92  m 0.349  ON  flags 1  stop 5
   31.61s  Vdc  532.6  Idc   2.86  P   1525 W  f 17.32  m 0.358  ON  flags 0  stop 5
   33.83s  Vdc  531.1  Idc   3.64  P   1935 W  f 20.48  m 0.424  ON  flags 0  stop 5
   34.17s  Vdc  530.9  Idc   3.81  P   2023 W  f 20.92  m 0.433  ON  flags 1  stop 5
   34.90s  Vdc  530.0  Idc   4.25  P   2252 W  f 22.52  m 0.467  ON  flags 0  stop 5
   38.93s  Vdc  523.7  Idc   7.88  P   4127 W  f 30.52  m 0.644  ON  flags 1  stop 5
   39.67s  Vdc  519.9  Idc  10.19  P   5298 W  f 31.32  m 0.663  ON  flags 0  stop 5
   44.98s  Vdc  496.7  Idc  22.49  P  11172 W  f 42.52  m 0.940  ON  flags 0  stop 5
   56.51s  Vdc  464.4  Idc  34.00  P  15789 W  f 48.12  m 0.940  ON  flags 0  stop 5
   68.15s  Vdc  461.5  Idc  34.78  P  16051 W  f 48.08  m 0.940  ON  flags 0  stop 5
   79.31s  Vdc  462.2  Idc  34.61  P  15998 W  f 48.48  m 0.940  ON  flags 0  stop 5
   90.89s  Vdc  466.0  Idc  33.84  P  15772 W  f 48.08  m 0.940  ON  flags 0  stop 5
  102.72s  Vdc  463.2  Idc  34.55  P  16002 W  f 48.12  m 0.940  ON  flags 0  stop 5
  114.55s  Vdc  466.6  Idc  33.70  P  15727 W  f 48.12  m 0.940  ON  flags 0  stop 5
  126.13s  Vdc  459.5  Idc  35.38  P  16257 W  f 48.48  m 0.940  ON  flags 0  stop 5
  137.27s  Vdc  459.5  Idc  35.32  P  16228 W  f 48.52  m 0.940  ON  flags 0  stop 5
  149.03s  Vdc  459.4  Idc  35.41  P  16265 W  f 48.52  m 0.940  ON  flags 0  stop 5
  160.51s  Vdc  463.6  Idc  34.47  P  15983 W  f 48.48  m 0.940  ON  flags 0  stop 5
  171.73s  Vdc  459.6  Idc  35.37  P  16257 W  f 48.48  m 0.940  ON  flags 0  stop 5
  182.88s  Vdc  459.8  Idc  35.42  P  16285 W  f 48.52  m 0.940  ON  flags 0  stop 5
  194.23s  Vdc  463.9  Idc  34.44  P  15976 W  f 48.12  m 0.940  ON  flags 0  stop 5
  205.81s  Vdc  460.6  Idc  35.30  P  16262 W  f 48.52  m 0.940  ON  flags 0  stop 5
  217.97s  Vdc  465.1  Idc  34.39  P  15993 W  f 48.52  m 0.940  ON  flags 0  stop 5
  229.12s  Vdc  446.1  Idc   9.78  P   4363 W  f 30.03  m 0.741  ON  flags 0  stop 5
  241.38s  Vdc  450.2  Idc   9.44  P   4250 W  f 29.59  m 0.732  ON  flags 0  stop 5
  254.01s  Vdc  449.2  Idc   9.64  P   4329 W  f 29.23  m 0.716  ON  flags 0  stop 5
  265.17s  Vdc  444.1  Idc  10.31  P   4578 W  f 29.63  m 0.734  ON  flags 0  stop 5
  276.31s  Vdc  448.2  Idc   9.97  P   4468 W  f 29.63  m 0.727  ON  flags 0  stop 5
  287.54s  Vdc  451.7  Idc   9.60  P   4335 W  f 29.23  m 0.712  ON  flags 0  stop 5
  298.68s  Vdc  446.4  Idc  10.26  P   4581 W  f 29.59  m 0.729  ON  flags 0  stop 5
  310.35s  Vdc  452.1  Idc   9.65  P   4361 W  f 29.19  m 0.710  ON  flags 0  stop 5
  321.58s  Vdc  483.7  Idc  28.86  P  13962 W  f 44.83  m 0.940  ON  flags 0  stop 5
  332.74s  Vdc  464.9  Idc  34.52  P  16050 W  f 48.43  m 0.940  ON  flags 0  stop 5
  345.29s  Vdc  465.7  Idc  34.32  P  15984 W  f 48.03  m 0.940  ON  flags 0  stop 5
  356.98s  Vdc  465.0  Idc  34.44  P  16013 W  f 48.39  m 0.940  ON  flags 0  stop 5
  368.64s  Vdc  472.0  Idc  32.58  P  15377 W  f 47.63  m 0.940  ON  flags 0  stop 5
  379.80s  Vdc  464.9  Idc  34.41  P  15997 W  f 48.43  m 0.940  ON  flags 0  stop 5
  391.15s  Vdc  464.9  Idc  34.39  P  15988 W  f 48.43  m 0.940  ON  flags 0  stop 5
  403.67s  Vdc  465.8  Idc  34.19  P  15926 W  f 48.03  m 0.940  ON  flags 0  stop 5
  414.90s  Vdc  465.0  Idc  34.35  P  15972 W  f 48.39  m 0.940  ON  flags 0  stop 5
  426.04s  Vdc  461.6  Idc  35.00  P  16153 W  f 48.43  m 0.940  ON  flags 0  stop 5
  437.20s  Vdc  461.7  Idc  35.04  P  16179 W  f 48.43  m 0.940  ON  flags 0  stop 5
  448.46s  Vdc  468.7  Idc  33.48  P  15690 W  f 48.39  m 0.940  ON  flags 0  stop 5
  460.55s  Vdc  465.1  Idc  34.33  P  15969 W  f 48.39  m 0.940  ON  flags 0  stop 5
  472.40s  Vdc  461.8  Idc  35.05  P  16188 W  f 48.39  m 0.940  ON  flags 0  stop 5
  484.04s  Vdc  466.0  Idc  34.07  P  15877 W  f 48.03  m 0.940  ON  flags 0  stop 5
  495.18s  Vdc  469.2  Idc  33.39  P  15669 W  f 48.39  m 0.940  ON  flags 0  stop 5
  506.34s  Vdc  469.0  Idc  33.46  P  15693 W  f 48.03  m 0.940  ON  flags 0  stop 5
  518.11s  Vdc  461.2  Idc  35.22  P  16242 W  f 48.79  m 0.940  ON  flags 0  stop 5
  530.10s  Vdc  466.3  Idc  34.08  P  15890 W  f 48.03  m 0.940  ON  flags 0  stop 5
  541.25s  Vdc  465.6  Idc  34.16  P  15906 W  f 48.39  m 0.940  ON  flags 0  stop 5
  552.59s  Vdc  468.6  Idc  33.50  P  15699 W  f 48.03  m 0.940  ON  flags 0  stop 5
  563.81s  Vdc  459.4  Idc   7.83  P   3599 W  f 29.51  m 0.706  ON  flags 0  stop 5
  574.97s  Vdc  451.5  Idc   9.01  P   4070 W  f 29.87  m 0.736  ON  flags 0  stop 5
  586.12s  Vdc  448.8  Idc   9.42  P   4229 W  f 29.07  m 0.712  ON  flags 0  stop 5
  597.68s  Vdc  447.1  Idc   9.71  P   4343 W  f 29.10  m 0.714  ON  flags 0  stop 5
  609.03s  Vdc  447.2  Idc   9.74  P   4356 W  f 29.07  m 0.715  ON  flags 0  stop 5
  620.26s  Vdc  448.4  Idc   9.70  P   4348 W  f 29.07  m 0.713  ON  flags 0  stop 5
  633.78s  Vdc  450.5  Idc   9.55  P   4302 W  f 29.10  m 0.711  ON  flags 0  stop 5
  636.87s  Vdc  448.5  Idc   9.78  P   4384 W  f 29.07  m 0.713  ON  flags 1  stop 5
  637.14s  Vdc  450.8  Idc   9.51  P   4287 W  f 29.10  m 0.710  ON  flags 0  stop 5
  644.93s  Vdc  448.8  Idc   9.73  P   4368 W  f 29.10  m 0.713  ON  flags 1  stop 5
  645.20s  Vdc  448.8  Idc   9.73  P   4368 W  f 29.47  m 0.725  ON  flags 0  stop 5
  656.15s  Vdc  503.9  Idc  13.85  P   6977 W  f 35.11  m 0.766  ON  flags 0  stop 5
  668.40s  Vdc  463.5  Idc  34.22  P  15861 W  f 47.91  m 0.940  ON  flags 0  stop 5
  679.64s  Vdc  460.4  Idc  34.96  P  16097 W  f 48.27  m 0.940  ON  flags 0  stop 5
  690.78s  Vdc  464.8  Idc  33.97  P  15792 W  f 48.31  m 0.940  ON  flags 0  stop 5
  701.93s  Vdc  460.7  Idc  34.84  P  16053 W  f 48.27  m 0.940  ON  flags 0  stop 5
  713.78s  Vdc  465.2  Idc  33.85  P  15746 W  f 47.91  m 0.940  ON  flags 0  stop 5
  725.36s  Vdc  459.4  Idc  35.21  P  16174 W  f 47.91  m 0.940  ON  flags 0  stop 5
  736.50s  Vdc  461.9  Idc  34.76  P  16054 W  f 48.31  m 0.940  ON  flags 0  stop 5
  747.65s  Vdc  464.0  Idc  34.29  P  15908 W  f 47.91  m 0.940  ON  flags 0  stop 5
  759.29s  Vdc  466.3  Idc  33.74  P  15732 W  f 47.91  m 0.940  ON  flags 0  stop 5
  770.62s  Vdc  462.6  Idc  34.51  P  15962 W  f 48.27  m 0.940  ON  flags 0  stop 5
  782.18s  Vdc  464.0  Idc  34.26  P  15899 W  f 48.31  m 0.940  ON  flags 0  stop 5
  793.35s  Vdc  464.1  Idc  34.25  P  15898 W  f 48.31  m 0.940  ON  flags 0  stop 5
  805.45s  Vdc  470.1  Idc  32.83  P  15433 W  f 47.51  m 0.940  ON  flags 0  stop 5
  816.67s  Vdc  464.3  Idc  34.26  P  15905 W  f 48.31  m 0.940  ON  flags 0  stop 5
  827.84s  Vdc  464.5  Idc  34.16  P  15869 W  f 48.27  m 0.940  ON  flags 0  stop 5
  839.61s  Vdc  467.3  Idc  33.66  P  15730 W  f 48.67  m 0.940  ON  flags 0  stop 5
  850.78s  Vdc  465.2  Idc  34.21  P  15915 W  f 48.31  m 0.940  ON  flags 0  stop 5
  861.94s  Vdc  465.3  Idc  34.20  P  15913 W  f 47.87  m 0.940  ON  flags 0  stop 5
  873.79s  Vdc  467.9  Idc  33.57  P  15710 W  f 47.91  m 0.940  ON  flags 0  stop 5
  885.03s  Vdc  467.6  Idc  33.52  P  15676 W  f 47.91  m 0.940  ON  flags 0  stop 5
  897.07s  Vdc  459.4  Idc   7.66  P   3518 W  f 27.67  m 0.663  ON  flags 0  stop 5
  908.22s  Vdc  445.1  Idc   9.55  P   4249 W  f 30.04  m 0.742  ON  flags 0  stop 5
  920.39s  Vdc  448.3  Idc   9.34  P   4188 W  f 29.24  m 0.717  ON  flags 0  stop 5
  931.55s  Vdc  445.7  Idc   9.73  P   4338 W  f 29.24  m 0.722  ON  flags 0  stop 5
  943.73s  Vdc  446.8  Idc   9.72  P   4343 W  f 29.28  m 0.721  ON  flags 0  stop 5
  954.96s  Vdc  447.1  Idc   9.75  P   4361 W  f 29.24  m 0.719  ON  flags 0  stop 5
  966.12s  Vdc  449.0  Idc   9.62  P   4317 W  f 29.28  m 0.717  ON  flags 0  stop 5
  977.34s  Vdc  450.4  Idc   9.52  P   4286 W  f 29.27  m 0.715  ON  flags 0  stop 5
  989.48s  Vdc  510.0  Idc  12.73  P   6492 W  f 34.04  m 0.734  ON  flags 0  stop 5
 1000.62s  Vdc  462.8  Idc  34.58  P  16004 W  f 48.07  m 0.940  ON  flags 0  stop 5
 1011.78s  Vdc  463.0  Idc  34.46  P  15955 W  f 48.07  m 0.940  ON  flags 0  stop 5
 1023.03s  Vdc  467.1  Idc  33.61  P  15701 W  f 48.04  m 0.940  ON  flags 0  stop 5
