app magic 0x48533410  (0826 V/f map, N_TEL=128)
MODE MPPT -> 1.0
RESET_FAULT -> 3.0
START -> 1.0
logging to e2_vf_20260914_121654_mppt_run.csv - Ctrl-C to stop the LOG (the drive keeps running)
    0.18s  Vdc  524.3  Idc   0.23  P    121 W  f  0.10  m 0.010  ON  flags 0  stop 5
    4.10s  Vdc  525.9  Idc   0.35  P    184 W  f  1.50  m 0.031  ON  flags 1  stop 5
    5.51s  Vdc  525.8  Idc   0.39  P    208 W  f  2.10  m 0.044  ON  flags 0  stop 5
    5.96s  Vdc  525.7  Idc   0.45  P    239 W  f  2.30  m 0.048  ON  flags 1  stop 5
    7.68s  Vdc  525.6  Idc   0.54  P    284 W  f  2.90  m 0.061  ON  flags 0  stop 5
    7.91s  Vdc  525.5  Idc   0.59  P    308 W  f  3.10  m 0.065  ON  flags 1  stop 5
    8.02s  Vdc  525.5  Idc   0.59  P    308 W  f  3.10  m 0.065  ON  flags 1  stop 5
    9.56s  Vdc  525.2  Idc   0.76  P    397 W  f  3.70  m 0.077  ON  flags 0  stop 5
    9.97s  Vdc  525.1  Idc   0.82  P    432 W  f  3.90  m 0.082  ON  flags 1  stop 5
   11.62s  Vdc  524.7  Idc   1.11  P    584 W  f  4.50  m 0.094  ON  flags 0  stop 5
   12.03s  Vdc  524.5  Idc   1.21  P    633 W  f  4.70  m 0.099  ON  flags 1  stop 5
   13.23s  Vdc  524.1  Idc   1.47  P    770 W  f  5.10  m 0.107  ON  flags 0  stop 5
   13.46s  Vdc  524.1  Idc   1.47  P    770 W  f  5.10  m 0.107  ON  flags 0  stop 5
   13.57s  Vdc  524.0  Idc   1.59  P    835 W  f  5.30  m 0.111  ON  flags 1  stop 5
   14.21s  Vdc  523.7  Idc   1.74  P    914 W  f  5.50  m 0.116  ON  flags 0  stop 5
   14.43s  Vdc  523.7  Idc   1.83  P    956 W  f  5.70  m 0.120  ON  flags 1  stop 5
   15.63s  Vdc  524.9  Idc   1.04  P    544 W  f  6.10  m 0.128  ON  flags 0  stop 5
   16.08s  Vdc  524.8  Idc   1.05  P    554 W  f  6.30  m 0.132  ON  flags 1  stop 5
   17.69s  Vdc  524.8  Idc   1.11  P    581 W  f  6.90  m 0.145  ON  flags 0  stop 5
   18.03s  Vdc  524.7  Idc   1.15  P    605 W  f  7.10  m 0.149  ON  flags 1  stop 5
   18.89s  Vdc  524.7  Idc   1.17  P    614 W  f  7.32  m 0.153  ON  flags 1  stop 5
   19.64s  Vdc  524.6  Idc   1.23  P    646 W  f  7.70  m 0.161  ON  flags 0  stop 5
   20.09s  Vdc  524.5  Idc   1.29  P    678 W  f  7.90  m 0.166  ON  flags 1  stop 5
   21.82s  Vdc  524.4  Idc   1.37  P    719 W  f  8.50  m 0.178  ON  flags 0  stop 5
   22.15s  Vdc  524.4  Idc   1.42  P    747 W  f  8.70  m 0.182  ON  flags 1  stop 5
   22.91s  Vdc  524.4  Idc   1.43  P    751 W  f  8.92  m 0.187  ON  flags 0  stop 5
   24.11s  Vdc  524.2  Idc   1.53  P    804 W  f  9.50  m 0.199  ON  flags 1  stop 5
   24.33s  Vdc  524.2  Idc   1.53  P    804 W  f  9.50  m 0.199  ON  flags 1  stop 5
   24.55s  Vdc  524.2  Idc   1.52  P    797 W  f  9.70  m 0.204  ON  flags 0  stop 5
   25.08s  Vdc  524.2  Idc   1.54  P    807 W  f  9.72  m 0.204  ON  flags 1  stop 5
   25.42s  Vdc  524.1  Idc   1.59  P    831 W  f  9.90  m 0.208  ON  flags 0  stop 5
   26.17s  Vdc  523.8  Idc   1.78  P    931 W  f 11.32  m 0.238  ON  flags 1  stop 5
   26.95s  Vdc  523.3  Idc   2.05  P   1071 W  f 12.92  m 0.272  ON  flags 0  stop 5
   27.37s  Vdc  523.0  Idc   2.17  P   1132 W  f 13.72  m 0.288  ON  flags 1  stop 5
   27.82s  Vdc  522.8  Idc   2.31  P   1209 W  f 14.52  m 0.305  ON  flags 0  stop 5
   28.58s  Vdc  522.2  Idc   2.62  P   1371 W  f 16.12  m 0.340  ON  flags 1  stop 5
   29.03s  Vdc  521.9  Idc   2.78  P   1452 W  f 16.92  m 0.357  ON  flags 0  stop 5
   29.80s  Vdc  521.2  Idc   3.15  P   1641 W  f 18.52  m 0.391  ON  flags 0  stop 5
   35.25s  Vdc  512.6  Idc   8.13  P   4169 W  f 28.92  m 0.621  ON  flags 0  stop 5
   36.79s  Vdc  507.2  Idc  11.38  P   5772 W  f 32.12  m 0.697  ON  flags 1  stop 5
   37.09s  Vdc  506.0  Idc  12.10  P   6124 W  f 32.92  m 0.716  ON  flags 0  stop 5
   40.69s  Vdc  491.3  Idc  19.98  P   9815 W  f 39.32  m 0.880  ON  flags 0  stop 5
   46.14s  Vdc  451.9  Idc  34.57  P  15623 W  f 47.68  m 0.940  ON  flags 0  stop 5
   51.61s  Vdc  447.8  Idc  35.59  P  15939 W  f 48.08  m 0.940  ON  flags 0  stop 5
   57.04s  Vdc  453.3  Idc  34.33  P  15563 W  f 47.68  m 0.940  ON  flags 0  stop 5
   62.48s  Vdc  452.0  Idc  34.73  P  15697 W  f 47.72  m 0.940  ON  flags 0  stop 5
   67.97s  Vdc  451.2  Idc  34.96  P  15776 W  f 48.12  m 0.940  ON  flags 0  stop 5
   73.40s  Vdc  453.3  Idc  34.55  P  15662 W  f 47.72  m 0.940  ON  flags 0  stop 5
   78.87s  Vdc  452.4  Idc  34.89  P  15782 W  f 48.08  m 0.940  ON  flags 0  stop 5
   84.31s  Vdc  450.9  Idc  35.32  P  15926 W  f 48.08  m 0.940  ON  flags 0  stop 5
   89.74s  Vdc  446.3  Idc  36.48  P  16281 W  f 48.48  m 0.940  ON  flags 0  stop 5
   95.20s  Vdc  449.8  Idc  35.74  P  16077 W  f 48.52  m 0.940  ON  flags 0  stop 5
  100.65s  Vdc  452.1  Idc  35.25  P  15937 W  f 48.12  m 0.940  ON  flags 0  stop 5
  106.10s  Vdc  451.4  Idc  35.34  P  15950 W  f 48.48  m 0.940  ON  flags 0  stop 5
  111.54s  Vdc  451.4  Idc  35.38  P  15971 W  f 48.12  m 0.940  ON  flags 0  stop 5
  118.24s  Vdc  449.8  Idc  35.83  P  16115 W  f 48.48  m 0.940  ON  flags 0  stop 5
  123.69s  Vdc  451.7  Idc  35.51  P  16038 W  f 48.52  m 0.940  ON  flags 0  stop 5
  129.14s  Vdc  452.6  Idc  35.37  P  16007 W  f 48.08  m 0.940  ON  flags 0  stop 5
  134.63s  Vdc  448.5  Idc  36.40  P  16329 W  f 48.88  m 0.940  ON  flags 0  stop 5
  140.07s  Vdc  449.7  Idc  36.17  P  16265 W  f 48.48  m 0.940  ON  flags 0  stop 5
  146.72s  Vdc  462.6  Idc  32.80  P  15175 W  f 47.32  m 0.940  ON  flags 0  stop 5
  153.40s  Vdc  456.6  Idc  34.52  P  15758 W  f 48.12  m 0.940  ON  flags 0  stop 5
  158.87s  Vdc  450.3  Idc  36.01  P  16214 W  f 48.52  m 0.940  ON  flags 0  stop 5
  164.32s  Vdc  449.8  Idc  36.02  P  16200 W  f 48.48  m 0.940  ON  flags 0  stop 5
  169.78s  Vdc  450.6  Idc  36.00  P  16222 W  f 48.52  m 0.940  ON  flags 0  stop 5
  175.23s  Vdc  454.2  Idc  35.27  P  16017 W  f 48.08  m 0.940  ON  flags 0  stop 5
  180.70s  Vdc  455.7  Idc  34.99  P  15947 W  f 48.12  m 0.940  ON  flags 0  stop 5
  186.15s  Vdc  454.6  Idc  35.20  P  16002 W  f 48.52  m 0.940  ON  flags 0  stop 5
  191.63s  Vdc  454.2  Idc  35.32  P  16041 W  f 48.52  m 0.940  ON  flags 0  stop 5
  197.09s  Vdc  455.0  Idc  35.12  P  15980 W  f 48.12  m 0.940  ON  flags 0  stop 5
  202.57s  Vdc  456.3  Idc  34.93  P  15935 W  f 48.12  m 0.940  ON  flags 0  stop 5
  208.01s  Vdc  455.7  Idc  35.15  P  16016 W  f 48.52  m 0.940  ON  flags 0  stop 5
  213.46s  Vdc  456.6  Idc  35.03  P  15992 W  f 48.43  m 0.940  ON  flags 0  stop 5
  218.89s  Vdc  451.0  Idc  36.43  P  16427 W  f 48.79  m 0.940  ON  flags 0  stop 5
  224.36s  Vdc  453.4  Idc  35.98  P  16314 W  f 48.82  m 0.940  ON  flags 0  stop 5
  229.82s  Vdc  454.3  Idc  35.84  P  16284 W  f 48.79  m 0.940  ON  flags 0  stop 5
  235.27s  Vdc  453.2  Idc  36.05  P  16339 W  f 48.79  m 0.940  ON  flags 0  stop 5
  240.75s  Vdc  450.6  Idc  36.59  P  16490 W  f 48.79  m 0.940  ON  flags 0  stop 5
  246.19s  Vdc  457.0  Idc  35.13  P  16055 W  f 48.42  m 0.940  ON  flags 0  stop 5
  251.66s  Vdc  453.9  Idc  35.83  P  16263 W  f 48.82  m 0.940  ON  flags 0  stop 5
  257.13s  Vdc  450.6  Idc  36.57  P  16481 W  f 48.79  m 0.940  ON  flags 0  stop 5
  262.56s  Vdc  454.5  Idc  35.80  P  16270 W  f 48.82  m 0.940  ON  flags 0  stop 5
  268.00s  Vdc  455.3  Idc  35.63  P  16225 W  f 48.79  m 0.940  ON  flags 0  stop 5
  273.45s  Vdc  457.6  Idc  34.90  P  15972 W  f 48.39  m 0.940  ON  flags 0  stop 5
  279.96s  Vdc  455.1  Idc  35.57  P  16189 W  f 48.42  m 0.940  ON  flags 0  stop 5
  285.40s  Vdc  457.9  Idc  34.96  P  16010 W  f 48.42  m 0.940  ON  flags 0  stop 5
  290.85s  Vdc  454.7  Idc  35.70  P  16232 W  f 48.39  m 0.940  ON  flags 0  stop 5
  296.30s  Vdc  454.5  Idc  35.83  P  16283 W  f 48.79  m 0.940  ON  flags 0  stop 5
  301.77s  Vdc  455.6  Idc  35.60  P  16222 W  f 48.79  m 0.940  ON  flags 0  stop 5
  307.22s  Vdc  453.0  Idc  36.27  P  16432 W  f 48.79  m 0.940  ON  flags 0  stop 5
  312.68s  Vdc  456.4  Idc  35.54  P  16218 W  f 48.39  m 0.940  ON  flags 0  stop 5
  318.50s  Vdc  489.2  Idc   0.25  P    121 W  f  0.10  m 0.010  ON  flags 1  stop 5
  319.65s  Vdc  489.3  Idc   0.24  P    117 W  f  0.50  m 0.011  ON  flags 0  stop 5
  319.95s  Vdc  489.4  Idc   0.24  P    116 W  f  0.70  m 0.016  ON  flags 1  stop 5
  322.19s  Vdc  489.3  Idc   0.33  P    159 W  f  1.52  m 0.034  ON  flags 0  stop 5
  322.60s  Vdc  489.3  Idc   0.33  P    163 W  f  1.70  m 0.038  ON  flags 1  stop 5
  323.39s  Vdc  489.2  Idc   0.41  P    201 W  f  2.10  m 0.047  ON  flags 0  stop 5
  324.25s  Vdc  489.2  Idc   0.42  P    206 W  f  2.32  m 0.052  ON  flags 1  stop 5
  326.20s  Vdc  488.8  Idc   0.59  P    287 W  f  3.12  m 0.070  ON  flags 0  stop 5
  326.65s  Vdc  488.6  Idc   0.64  P    312 W  f  3.30  m 0.074  ON  flags 1  stop 5
  328.27s  Vdc  487.9  Idc   0.87  P    424 W  f  3.92  m 0.088  ON  flags 0  stop 5
  328.71s  Vdc  487.6  Idc   0.97  P    472 W  f  4.10  m 0.092  ON  flags 1  stop 5
  329.46s  Vdc  486.9  Idc   1.18  P    574 W  f  4.50  m 0.102  ON  flags 0  stop 5
  330.78s  Vdc  486.2  Idc   1.45  P    704 W  f  4.90  m 0.111  ON  flags 1  stop 5
  331.64s  Vdc  488.0  Idc   0.97  P    474 W  f  5.30  m 0.119  ON  flags 1  stop 5
  332.39s  Vdc  488.0  Idc   0.96  P    469 W  f  5.52  m 0.124  ON  flags 0  stop 5
  332.73s  Vdc  487.9  Idc   1.01  P    491 W  f  5.70  m 0.129  ON  flags 1  stop 5
  334.57s  Vdc  487.8  Idc   1.09  P    530 W  f  6.32  m 0.142  ON  flags 0  stop 5
  334.79s  Vdc  487.8  Idc   1.11  P    540 W  f  6.50  m 0.147  ON  flags 1  stop 5
  335.24s  Vdc  487.7  Idc   1.15  P    560 W  f  6.70  m 0.151  ON  flags 0  stop 5
  337.08s  Vdc  487.5  Idc   1.24  P    604 W  f  7.30  m 0.165  ON  flags 0  stop 5
  337.19s  Vdc  487.5  Idc   1.27  P    617 W  f  7.50  m 0.169  ON  flags 1  stop 5
  338.39s  Vdc  487.4  Idc   1.31  P    638 W  f  7.92  m 0.179  ON  flags 0  stop 5
  338.91s  Vdc  487.3  Idc   1.34  P    654 W  f  8.10  m 0.183  ON  flags 1  stop 5
  340.45s  Vdc  487.3  Idc   1.42  P    690 W  f  8.72  m 0.197  ON  flags 0  stop 5
  341.09s  Vdc  487.2  Idc   1.44  P    700 W  f  8.90  m 0.201  ON  flags 1  stop 5
  342.18s  Vdc  487.0  Idc   1.50  P    731 W  f  9.50  m 0.215  ON  flags 0  stop 5
  342.51s  Vdc  487.1  Idc   1.50  P    732 W  f  9.52  m 0.215  ON  flags 0  stop 5
  342.96s  Vdc  487.0  Idc   1.53  P    746 W  f  9.70  m 0.219  ON  flags 1  stop 5
  344.35s  Vdc  486.3  Idc   1.73  P    840 W  f 11.12  m 0.251  ON  flags 0  stop 5
  344.91s  Vdc  485.4  Idc   1.97  P    957 W  f 12.72  m 0.288  ON  flags 1  stop 5
  345.77s  Vdc  484.4  Idc   2.26  P   1093 W  f 14.32  m 0.325  ON  flags 0  stop 5
  346.11s  Vdc  483.8  Idc   2.41  P   1164 W  f 15.12  m 0.344  ON  flags 1  stop 5
  346.53s  Vdc  483.2  Idc   2.56  P   1238 W  f 15.92  m 0.362  ON  flags 0  stop 5
  347.97s  Vdc  480.9  Idc   3.15  P   1516 W  f 18.32  m 0.419  ON  flags 0  stop 5
  353.42s  Vdc  457.4  Idc   8.18  P   3742 W  f 29.52  m 0.710  ON  flags 0  stop 5
  358.87s  Vdc  439.5  Idc  10.73  P   4718 W  f 30.28  m 0.758  ON  flags 0  stop 5
  364.32s  Vdc  444.3  Idc  10.21  P   4535 W  f 29.88  m 0.740  ON  flags 0  stop 5
  369.79s  Vdc  441.6  Idc  10.50  P   4639 W  f 30.28  m 0.754  ON  flags 0  stop 5
  375.26s  Vdc  442.5  Idc  10.40  P   4601 W  f 29.92  m 0.744  ON  flags 0  stop 5
  380.71s  Vdc  444.8  Idc  10.17  P   4524 W  f 29.92  m 0.740  ON  flags 0  stop 5
  386.16s  Vdc  445.8  Idc  10.03  P   4472 W  f 29.52  m 0.728  ON  flags 0  stop 5
  391.63s  Vdc  442.2  Idc  10.46  P   4624 W  f 29.92  m 0.744  ON  flags 0  stop 5
  397.09s  Vdc  444.8  Idc  10.21  P   4539 W  f 29.92  m 0.740  ON  flags 0  stop 5
  403.75s  Vdc  445.6  Idc  10.07  P   4489 W  f 29.52  m 0.729  ON  flags 0  stop 5
  410.44s  Vdc  504.5  Idc  12.50  P   6306 W  f 33.92  m 0.739  ON  flags 0  stop 5
  415.89s  Vdc  463.5  Idc  23.26  P  10782 W  f 41.48  m 0.940  ON  flags 0  stop 5
  421.34s  Vdc  466.7  Idc  22.72  P  10602 W  f 41.08  m 0.940  ON  flags 0  stop 5
  426.78s  Vdc  467.6  Idc  22.55  P  10543 W  f 41.12  m 0.940  ON  flags 0  stop 5
  432.28s  Vdc  466.8  Idc  22.68  P  10590 W  f 41.08  m 0.940  ON  flags 0  stop 5
  437.75s  Vdc  460.1  Idc  23.80  P  10948 W  f 41.92  m 0.940  ON  flags 0  stop 5
  443.20s  Vdc  464.1  Idc  23.27  P  10800 W  f 41.48  m 0.940  ON  flags 0  stop 5
  448.64s  Vdc  469.3  Idc  22.36  P  10495 W  f 40.72  m 0.940  ON  flags 0  stop 5
  454.09s  Vdc  467.0  Idc  22.82  P  10655 W  f 41.08  m 0.940  ON  flags 0  stop 5
  459.53s  Vdc  470.1  Idc  22.28  P  10475 W  f 40.72  m 0.940  ON  flags 0  stop 5
  464.98s  Vdc  470.9  Idc  22.14  P  10426 W  f 40.72  m 0.940  ON  flags 0  stop 5
  470.45s  Vdc  469.6  Idc  22.42  P  10527 W  f 41.12  m 0.940  ON  flags 0  stop 5
  475.90s  Vdc  468.8  Idc  22.58  P  10586 W  f 41.08  m 0.940  ON  flags 0  stop 5
