app magic 0x48533410  (0826 V/f map, N_TEL=128)
MODE MPPT -> 1.0
RESET_FAULT -> 3.0
START -> 1.0
logging to e2_vf_20260914_130016_retreat2000.csv - Ctrl-C to stop the LOG (the drive keeps running)
    0.40s  Vdc  536.8  Idc   0.82  P    442 W  f  0.10  m 0.010  ON  flags 0  stop 5
    2.70s  Vdc  536.7  Idc   0.83  P    445 W  f  1.10  m 0.023  ON  flags 1  stop 5
    4.72s  Vdc  536.4  Idc   0.93  P    501 W  f  1.70  m 0.035  ON  flags 0  stop 5
    5.26s  Vdc  536.4  Idc   0.94  P    506 W  f  2.10  m 0.043  ON  flags 1  stop 5
    5.72s  Vdc  536.3  Idc   0.96  P    513 W  f  2.12  m 0.043  ON  flags 0  stop 5
    6.73s  Vdc  536.2  Idc   1.04  P    558 W  f  2.50  m 0.051  ON  flags 1  stop 5
    8.75s  Vdc  535.9  Idc   1.18  P    632 W  f  3.30  m 0.068  ON  flags 0  stop 5
    9.02s  Vdc  535.9  Idc   1.22  P    654 W  f  3.50  m 0.072  ON  flags 1  stop 5
   10.76s  Vdc  535.5  Idc   1.43  P    764 W  f  4.10  m 0.084  ON  flags 0  stop 5
   11.03s  Vdc  535.4  Idc   1.52  P    817 W  f  4.30  m 0.088  ON  flags 1  stop 5
   12.47s  Vdc  535.1  Idc   1.71  P    916 W  f  4.70  m 0.097  ON  flags 1  stop 5
   12.79s  Vdc  535.0  Idc   1.79  P    958 W  f  4.90  m 0.101  ON  flags 0  stop 5
   13.06s  Vdc  535.4  Idc   1.52  P    813 W  f  5.10  m 0.105  ON  flags 1  stop 5
   14.81s  Vdc  535.4  Idc   1.46  P    784 W  f  5.70  m 0.117  ON  flags 0  stop 5
   18.37s  Vdc  535.1  Idc   1.61  P    860 W  f  7.10  m 0.146  ON  flags 1  stop 5
   18.84s  Vdc  535.1  Idc   1.63  P    870 W  f  7.30  m 0.150  ON  flags 0  stop 5
   19.11s  Vdc  535.1  Idc   1.66  P    887 W  f  7.50  m 0.154  ON  flags 1  stop 5
   20.85s  Vdc  534.9  Idc   1.70  P    909 W  f  8.10  m 0.167  ON  flags 0  stop 5
   23.62s  Vdc  534.7  Idc   1.83  P    977 W  f  9.10  m 0.187  ON  flags 0  stop 5
   23.87s  Vdc  534.7  Idc   1.83  P    977 W  f  9.32  m 0.192  ON  flags 1  stop 5
   24.88s  Vdc  534.5  Idc   1.88  P   1005 W  f  9.70  m 0.200  ON  flags 0  stop 5
   25.15s  Vdc  534.5  Idc   1.92  P   1029 W  f  9.90  m 0.204  ON  flags 1  stop 5
   26.89s  Vdc  534.0  Idc   2.17  P   1157 W  f 12.08  m 0.249  ON  flags 0  stop 5
   27.17s  Vdc  533.9  Idc   2.22  P   1186 W  f 12.52  m 0.258  ON  flags 1  stop 5
   28.17s  Vdc  533.5  Idc   2.44  P   1303 W  f 13.72  m 0.283  ON  flags 0  stop 5
   29.18s  Vdc  533.2  Idc   2.53  P   1351 W  f 14.92  m 0.308  ON  flags 1  stop 5
   30.19s  Vdc  532.9  Idc   2.72  P   1448 W  f 15.68  m 0.324  ON  flags 0  stop 5
   34.95s  Vdc  529.9  Idc   4.32  P   2290 W  f 22.92  m 0.476  ON  flags 0  stop 5
   46.47s  Vdc  490.8  Idc  25.62  P  12574 W  f 43.72  m 0.940  ON  flags 0  stop 5
   57.96s  Vdc  458.5  Idc  36.46  P  16717 W  f 49.28  m 0.940  ON  flags 0  stop 5
   69.32s  Vdc  460.7  Idc  35.97  P  16569 W  f 48.92  m 0.940  ON  flags 0  stop 5
   80.54s  Vdc  460.4  Idc  36.13  P  16633 W  f 48.92  m 0.940  ON  flags 0  stop 5
   92.58s  Vdc  460.6  Idc  36.05  P  16603 W  f 49.32  m 0.940  ON  flags 0  stop 5
  104.22s  Vdc  464.1  Idc  35.15  P  16311 W  f 48.52  m 0.940  ON  flags 0  stop 5
  115.37s  Vdc  460.6  Idc  36.01  P  16585 W  f 48.92  m 0.940  ON  flags 0  stop 5
  126.51s  Vdc  459.3  Idc  36.20  P  16626 W  f 49.32  m 0.940  ON  flags 0  stop 5
  138.79s  Vdc  460.3  Idc  35.98  P  16564 W  f 48.88  m 0.940  ON  flags 0  stop 5
  150.24s  Vdc  460.1  Idc  36.03  P  16577 W  f 48.88  m 0.940  ON  flags 0  stop 5
  161.47s  Vdc  460.4  Idc  35.98  P  16562 W  f 48.92  m 0.940  ON  flags 0  stop 5
  173.11s  Vdc  459.2  Idc  36.28  P  16661 W  f 49.28  m 0.940  ON  flags 0  stop 5
  184.25s  Vdc  457.5  Idc  36.65  P  16769 W  f 49.28  m 0.940  ON  flags 0  stop 5
  195.77s  Vdc  457.0  Idc  36.84  P  16836 W  f 49.28  m 0.940  ON  flags 0  stop 5
  206.91s  Vdc  459.6  Idc  36.28  P  16677 W  f 49.32  m 0.940  ON  flags 0  stop 5
  219.11s  Vdc  461.4  Idc  35.86  P  16547 W  f 49.68  m 0.940  ON  flags 0  stop 5
  230.45s  Vdc  463.2  Idc  35.40  P  16396 W  f 48.92  m 0.940  ON  flags 0  stop 5
  242.01s  Vdc  463.4  Idc  35.27  P  16343 W  f 48.92  m 0.940  ON  flags 0  stop 5
  253.59s  Vdc  461.3  Idc  35.87  P  16546 W  f 49.32  m 0.940  ON  flags 0  stop 5
  259.01s  Vdc  204.5  Idc  29.08  P   5947 W  f  0.10  m 0.010  ON  flags 1  stop 5
  259.47s  Vdc  494.1  Idc   0.58  P    285 W  f  0.30  m 0.010  ON  flags 0  stop 5
  260.48s  Vdc  494.2  Idc   0.57  P    282 W  f  0.50  m 0.011  ON  flags 1  stop 5
  260.75s  Vdc  494.3  Idc   0.57  P    282 W  f  0.70  m 0.016  ON  flags 0  stop 5
  261.40s  Vdc  494.3  Idc   0.57  P    281 W  f  0.90  m 0.020  ON  flags 1  stop 5
  261.74s  Vdc  494.2  Idc   0.58  P    287 W  f  1.10  m 0.024  ON  flags 0  stop 5
  262.01s  Vdc  494.3  Idc   0.59  P    291 W  f  1.12  m 0.025  ON  flags 1  stop 5
  262.28s  Vdc  494.3  Idc   0.59  P    291 W  f  1.30  m 0.029  ON  flags 0  stop 5
  263.69s  Vdc  494.1  Idc   0.67  P    332 W  f  1.90  m 0.042  ON  flags 1  stop 5
  264.70s  Vdc  494.0  Idc   0.71  P    349 W  f  2.30  m 0.051  ON  flags 0  stop 5
  265.71s  Vdc  493.8  Idc   0.78  P    387 W  f  2.70  m 0.060  ON  flags 1  stop 5
  265.98s  Vdc  493.8  Idc   0.80  P    398 W  f  2.72  m 0.061  ON  flags 1  stop 5
  266.71s  Vdc  493.7  Idc   0.84  P    417 W  f  3.10  m 0.069  ON  flags 0  stop 5
  268.73s  Vdc  492.9  Idc   1.09  P    537 W  f  3.70  m 0.083  ON  flags 1  stop 5
  269.00s  Vdc  492.7  Idc   1.17  P    579 W  f  3.90  m 0.087  ON  flags 0  stop 5
  274.77s  Vdc  492.7  Idc   1.28  P    628 W  f  6.10  m 0.136  ON  flags 1  stop 5
  275.04s  Vdc  492.5  Idc   1.33  P    654 W  f  6.30  m 0.141  ON  flags 0  stop 5
  275.78s  Vdc  492.5  Idc   1.35  P    665 W  f  6.70  m 0.150  ON  flags 1  stop 5
  276.79s  Vdc  492.4  Idc   1.38  P    678 W  f  6.90  m 0.154  ON  flags 0  stop 5
  277.20s  Vdc  492.3  Idc   1.41  P    696 W  f  7.10  m 0.159  ON  flags 0  stop 5
  280.82s  Vdc  492.0  Idc   1.56  P    766 W  f  8.50  m 0.190  ON  flags 1  stop 5
  281.09s  Vdc  491.9  Idc   1.58  P    778 W  f  8.70  m 0.195  ON  flags 0  stop 5
  283.10s  Vdc  491.7  Idc   1.68  P    824 W  f  9.50  m 0.213  ON  flags 1  stop 5
  283.84s  Vdc  491.5  Idc   1.73  P    852 W  f  9.90  m 0.222  ON  flags 0  stop 5
  288.35s  Vdc  487.2  Idc   2.89  P   1408 W  f 16.32  m 0.368  ON  flags 0  stop 5
  294.46s  Vdc  467.6  Idc   7.42  P   3467 W  f 29.12  m 0.685  ON  flags 1  stop 5
  294.92s  Vdc  461.0  Idc   8.60  P   3965 W  f 29.92  m 0.714  ON  flags 0  stop 5
  299.49s  Vdc  446.1  Idc  10.77  P   4803 W  f 30.72  m 0.757  ON  flags 0  stop 5
  311.23s  Vdc  445.0  Idc  10.95  P   4874 W  f 30.68  m 0.758  ON  flags 0  stop 5
  322.39s  Vdc  448.7  Idc  10.55  P   4733 W  f 30.32  m 0.743  ON  flags 0  stop 5
  333.55s  Vdc  452.5  Idc  10.08  P   4562 W  f 29.88  m 0.726  ON  flags 0  stop 5
  346.43s  Vdc  447.5  Idc  10.74  P   4805 W  f 30.68  m 0.754  ON  flags 0  stop 5
  357.57s  Vdc  467.6  Idc  23.50  P  10990 W  f 41.48  m 0.940  ON  flags 0  stop 5
  368.85s  Vdc  466.2  Idc  23.73  P  11064 W  f 41.48  m 0.940  ON  flags 0  stop 5
  380.49s  Vdc  465.8  Idc  23.74  P  11059 W  f 41.88  m 0.940  ON  flags 0  stop 5
  392.14s  Vdc  470.0  Idc  22.97  P  10796 W  f 41.52  m 0.940  ON  flags 0  stop 5
