app magic 0x48533410  (0826 V/f map, N_TEL=128)
MODE MPPT -> 1.0
RESET_FAULT -> 3.0
START -> 1.0
logging to e2_vf_20260914_125310_retreat.csv - Ctrl-C to stop the LOG (the drive keeps running)
    0.11s  Vdc  532.7  Idc   0.82  P    438 W  f  5.00  m 0.103  OFF  flags 0  stop 5
    0.45s  Vdc  534.6  Idc   0.86  P    459 W  f  0.10  m 0.010  ON  flags 0  stop 5
    8.47s  Vdc  533.7  Idc   1.22  P    651 W  f  3.30  m 0.068  ON  flags 1  stop 5
    9.48s  Vdc  533.6  Idc   1.25  P    669 W  f  3.52  m 0.073  ON  flags 0  stop 5
    9.75s  Vdc  533.5  Idc   1.32  P    703 W  f  3.70  m 0.076  ON  flags 1  stop 5
   10.02s  Vdc  533.5  Idc   1.39  P    741 W  f  3.90  m 0.080  ON  flags 0  stop 5
   10.49s  Vdc  533.3  Idc   1.46  P    778 W  f  4.10  m 0.085  ON  flags 1  stop 5
   12.50s  Vdc  532.7  Idc   1.85  P    985 W  f  4.90  m 0.101  ON  flags 0  stop 5
   12.92s  Vdc  532.9  Idc   1.76  P    939 W  f  5.10  m 0.105  ON  flags 0  stop 5
   13.51s  Vdc  533.3  Idc   1.47  P    783 W  f  5.12  m 0.106  ON  flags 1  stop 5
   14.05s  Vdc  533.2  Idc   1.50  P    801 W  f  5.50  m 0.113  ON  flags 0  stop 5
   14.52s  Vdc  533.2  Idc   1.53  P    813 W  f  5.70  m 0.118  ON  flags 1  stop 5
   15.06s  Vdc  533.2  Idc   1.54  P    821 W  f  5.90  m 0.122  ON  flags 0  stop 5
   15.52s  Vdc  533.3  Idc   1.54  P    819 W  f  5.92  m 0.122  ON  flags 1  stop 5
   16.07s  Vdc  533.2  Idc   1.54  P    821 W  f  6.30  m 0.130  ON  flags 0  stop 5
   17.81s  Vdc  533.1  Idc   1.61  P    856 W  f  6.90  m 0.142  ON  flags 1  stop 5
   18.08s  Vdc  533.1  Idc   1.61  P    856 W  f  7.10  m 0.147  ON  flags 0  stop 5
   18.55s  Vdc  533.0  Idc   1.66  P    886 W  f  7.30  m 0.151  ON  flags 1  stop 5
   20.10s  Vdc  533.0  Idc   1.69  P    901 W  f  7.90  m 0.163  ON  flags 0  stop 5
   20.56s  Vdc  532.9  Idc   1.74  P    925 W  f  8.10  m 0.167  ON  flags 1  stop 5
   21.11s  Vdc  532.9  Idc   1.75  P    930 W  f  8.30  m 0.171  ON  flags 0  stop 5
   21.57s  Vdc  532.9  Idc   1.75  P    931 W  f  8.32  m 0.172  ON  flags 1  stop 5
   23.19s  Vdc  532.8  Idc   1.83  P    974 W  f  9.10  m 0.188  ON  flags 0  stop 5
   24.59s  Vdc  532.8  Idc   1.88  P   1000 W  f  9.70  m 0.200  ON  flags 1  stop 5
   25.14s  Vdc  532.7  Idc   1.92  P   1022 W  f  9.90  m 0.204  ON  flags 0  stop 5
   25.60s  Vdc  532.7  Idc   1.92  P   1023 W  f  9.92  m 0.205  ON  flags 1  stop 5
   27.15s  Vdc  532.3  Idc   2.16  P   1151 W  f 11.92  m 0.246  ON  flags 0  stop 5
   27.63s  Vdc  532.1  Idc   2.28  P   1211 W  f 12.72  m 0.263  ON  flags 1  stop 5
   27.90s  Vdc  531.9  Idc   2.37  P   1262 W  f 13.48  m 0.279  ON  flags 0  stop 5
   35.83s  Vdc  526.1  Idc   5.61  P   2950 W  f 26.32  m 0.550  ON  flags 0  stop 5
   47.47s  Vdc  464.5  Idc  34.48  P  16013 W  f 47.52  m 0.940  ON  flags 0  stop 5
   58.64s  Vdc  459.8  Idc  35.75  P  16441 W  f 49.08  m 0.940  ON  flags 0  stop 5
   70.72s  Vdc  456.9  Idc  36.54  P  16693 W  f 49.08  m 0.940  ON  flags 0  stop 5
   82.16s  Vdc  458.8  Idc  36.14  P  16580 W  f 49.12  m 0.940  ON  flags 0  stop 5
   93.41s  Vdc  461.7  Idc  35.47  P  16378 W  f 49.48  m 0.940  ON  flags 0  stop 5
  105.25s  Vdc  459.4  Idc  35.98  P  16527 W  f 49.12  m 0.940  ON  flags 0  stop 5
  116.68s  Vdc  458.5  Idc  36.20  P  16595 W  f 48.98  m 0.940  ON  flags 0  stop 5
  127.82s  Vdc  457.8  Idc  36.45  P  16688 W  f 49.38  m 0.940  ON  flags 0  stop 5
  139.53s  Vdc  458.3  Idc  36.34  P  16655 W  f 49.02  m 0.940  ON  flags 0  stop 5
  150.67s  Vdc  461.8  Idc  35.54  P  16414 W  f 49.02  m 0.940  ON  flags 0  stop 5
  161.82s  Vdc  457.0  Idc  36.69  P  16766 W  f 49.52  m 0.940  ON  flags 0  stop 5
  173.04s  Vdc  457.3  Idc  36.55  P  16717 W  f 49.16  m 0.940  ON  flags 0  stop 5
  184.19s  Vdc  456.8  Idc  36.72  P  16773 W  f 49.12  m 0.940  ON  flags 0  stop 5
  195.33s  Vdc  460.6  Idc  35.82  P  16496 W  f 49.16  m 0.940  ON  flags 0  stop 5
  207.09s  Vdc  461.0  Idc  35.77  P  16487 W  f 49.16  m 0.940  ON  flags 0  stop 5
  218.65s  Vdc  457.9  Idc  36.57  P  16745 W  f 49.12  m 0.940  ON  flags 0  stop 5
  229.87s  Vdc  462.1  Idc  35.54  P  16423 W  f 48.72  m 0.940  ON  flags 0  stop 5
  242.46s  Vdc  462.0  Idc  35.75  P  16516 W  f 49.16  m 0.940  ON  flags 0  stop 5
  253.79s  Vdc  463.1  Idc  35.56  P  16468 W  f 48.76  m 0.940  ON  flags 0  stop 5
  265.02s  Vdc  458.8  Idc  36.62  P  16801 W  f 49.16  m 0.940  ON  flags 0  stop 5
  267.93s  Vdc  494.4  Idc   0.89  P    439 W  f  0.30  m 0.010  ON  flags 1  stop 5
  268.94s  Vdc  494.6  Idc   0.88  P    437 W  f  0.70  m 0.016  ON  flags 0  stop 5
  269.48s  Vdc  494.6  Idc   0.88  P    436 W  f  0.90  m 0.020  ON  flags 1  stop 5
  272.98s  Vdc  494.3  Idc   1.03  P    507 W  f  2.30  m 0.051  ON  flags 0  stop 5
  273.99s  Vdc  494.1  Idc   1.10  P    546 W  f  2.70  m 0.060  ON  flags 1  stop 5
  274.53s  Vdc  493.9  Idc   1.18  P    582 W  f  2.90  m 0.065  ON  flags 0  stop 5
  276.75s  Vdc  492.8  Idc   1.53  P    754 W  f  3.70  m 0.083  ON  flags 0  stop 5
  278.02s  Vdc  492.1  Idc   1.79  P    879 W  f  4.30  m 0.096  ON  flags 1  stop 5
  278.56s  Vdc  491.1  Idc   2.07  P   1015 W  f  4.50  m 0.101  ON  flags 0  stop 5
  284.62s  Vdc  480.9  Idc   4.85  P   2333 W  f  6.90  m 0.158  ON  flags 1  stop 5
  285.09s  Vdc  480.8  Idc   4.90  P   2356 W  f  7.10  m 0.162  ON  flags 0  stop 5
  288.11s  Vdc  471.9  Idc   6.95  P   3278 W  f  8.10  m 0.189  ON  flags 0  stop 5
  289.83s  Vdc  491.5  Idc   2.18  P   1070 W  f  8.90  m 0.199  ON  flags 1  stop 5
  290.50s  Vdc  492.1  Idc   2.01  P    987 W  f  9.10  m 0.203  ON  flags 0  stop 5
  292.52s  Vdc  492.0  Idc   2.06  P   1015 W  f  9.90  m 0.221  ON  flags 1  stop 5
  293.06s  Vdc  491.8  Idc   2.12  P   1041 W  f 11.12  m 0.249  ON  flags 0  stop 5
  299.80s  Vdc  482.0  Idc   4.55  P   2193 W  f 22.32  m 0.509  ON  flags 0  stop 5
  310.94s  Vdc  450.5  Idc  10.45  P   4708 W  f 30.32  m 0.740  ON  flags 0  stop 5
  322.47s  Vdc  448.3  Idc  10.79  P   4836 W  f 30.32  m 0.739  ON  flags 0  stop 5
  333.61s  Vdc  447.0  Idc  10.96  P   4901 W  f 30.68  m 0.755  ON  flags 0  stop 5
  344.95s  Vdc  448.6  Idc  10.76  P   4827 W  f 30.32  m 0.743  ON  flags 0  stop 5
  356.18s  Vdc  448.7  Idc  10.74  P   4821 W  f 30.32  m 0.743  ON  flags 0  stop 5
  367.63s  Vdc  468.4  Idc  23.59  P  11050 W  f 41.52  m 0.940  ON  flags 0  stop 5
  379.39s  Vdc  468.3  Idc  23.58  P  11043 W  f 41.48  m 0.940  ON  flags 0  stop 5
  390.96s  Vdc  478.9  Idc  30.68  P  14693 W  f 46.72  m 0.940  ON  flags 0  stop 5
  402.12s  Vdc  461.8  Idc  35.80  P  16534 W  f 49.12  m 0.940  ON  flags 0  stop 5
