app magic 0x48533410  (0826 V/f map, N_TEL=128)
logging to e2_vf_20260914_122602_shot2.csv - Ctrl-C to stop the LOG (the drive keeps running)
    0.06s  Vdc  464.1  Idc  35.70  P  16568 W  f 49.12  m 0.940  ON  flags 0  stop 5
   12.28s  Vdc  458.0  Idc  37.30  P  17082 W  f 49.48  m 0.940  ON  flags 0  stop 5
   23.42s  Vdc  458.3  Idc  37.23  P  17065 W  f 49.52  m 0.940  ON  flags 0  stop 5
   34.57s  Vdc  457.7  Idc  37.62  P  17218 W  f 49.88  m 0.940  ON  flags 0  stop 5
   46.29s  Vdc  460.0  Idc  37.28  P  17149 W  f 49.58  m 0.940  ON  flags 0  stop 5
   57.43s  Vdc  458.6  Idc  37.62  P  17251 W  f 49.42  m 0.940  ON  flags 0  stop 5
   69.11s  Vdc  461.0  Idc  37.22  P  17155 W  f 49.62  m 0.940  ON  flags 0  stop 5
   80.27s  Vdc  460.6  Idc  37.58  P  17305 W  f 49.78  m 0.940  ON  flags 0  stop 5
   91.49s  Vdc  462.6  Idc  37.21  P  17211 W  f 49.42  m 0.940  ON  flags 0  stop 5
  102.67s  Vdc  463.5  Idc  37.04  P  17168 W  f 49.62  m 0.940  ON  flags 0  stop 5
  114.01s  Vdc  460.5  Idc  37.58  P  17305 W  f 49.98  m 0.940  ON  flags 0  stop 5
  125.23s  Vdc  459.3  Idc  37.77  P  17346 W  f 50.00  m 0.940  ON  flags 0  stop 5
  136.87s  Vdc  462.0  Idc  37.08  P  17132 W  f 49.78  m 0.940  ON  flags 0  stop 5
  148.02s  Vdc  458.9  Idc  37.58  P  17248 W  f 49.62  m 0.940  ON  flags 0  stop 5
  159.37s  Vdc  462.2  Idc  36.62  P  16925 W  f 49.22  m 0.940  ON  flags 0  stop 5
  171.01s  Vdc  458.2  Idc  37.56  P  17210 W  f 49.58  m 0.940  ON  flags 0  stop 5
  184.50s  Vdc  460.8  Idc  37.19  P  17134 W  f 49.58  m 0.940  ON  flags 0  stop 5
  199.56s  Vdc  461.3  Idc  37.15  P  17140 W  f 49.82  m 0.940  ON  flags 0  stop 5
  214.97s  Vdc  459.3  Idc  37.80  P  17363 W  f 49.78  m 0.940  ON  flags 0  stop 5
  229.26s  Vdc  460.8  Idc  37.40  P  17231 W  f 50.00  m 0.940  ON  flags 0  stop 5
  240.49s  Vdc  459.5  Idc  37.69  P  17320 W  f 49.82  m 0.940  ON  flags 0  stop 5
  252.26s  Vdc  463.0  Idc  36.94  P  17106 W  f 49.82  m 0.940  ON  flags 0  stop 5
  263.90s  Vdc  460.6  Idc  37.75  P  17386 W  f 50.00  m 0.940  ON  flags 0  stop 5
  278.68s  Vdc  460.9  Idc  37.71  P  17382 W  f 50.00  m 0.940  ON  flags 0  stop 5
  294.18s  Vdc  460.8  Idc  37.46  P  17263 W  f 49.82  m 0.940  ON  flags 0  stop 5
  309.70s  Vdc  462.6  Idc  36.94  P  17090 W  f 49.78  m 0.940  ON  flags 0  stop 5
  323.88s  Vdc  465.8  Idc  36.06  P  16798 W  f 49.22  m 0.940  ON  flags 0  stop 5
  335.02s  Vdc  460.8  Idc  37.65  P  17350 W  f 49.98  m 0.940  ON  flags 0  stop 5
  346.25s  Vdc  461.3  Idc  37.64  P  17364 W  f 49.98  m 0.940  ON  flags 0  stop 5
  357.41s  Vdc  462.3  Idc  37.44  P  17305 W  f 49.82  m 0.940  ON  flags 0  stop 5
  365.12s  Vdc  213.7  Idc  30.57  P   6535 W  f  0.10  m 0.010  ON  flags 1  stop 5
  366.73s  Vdc  496.9  Idc   0.83  P    413 W  f  0.70  m 0.015  ON  flags 0  stop 5
  368.36s  Vdc  496.8  Idc   0.85  P    421 W  f  1.30  m 0.029  ON  flags 1  stop 5
  369.31s  Vdc  496.6  Idc   0.92  P    458 W  f  1.70  m 0.038  ON  flags 0  stop 5
  369.58s  Vdc  496.6  Idc   0.92  P    458 W  f  1.72  m 0.038  ON  flags 1  stop 5
  369.78s  Vdc  496.6  Idc   0.92  P    458 W  f  1.72  m 0.038  ON  flags 1  stop 5
  371.27s  Vdc  496.2  Idc   1.01  P    503 W  f  2.50  m 0.055  ON  flags 0  stop 5
  372.22s  Vdc  496.1  Idc   1.06  P    524 W  f  2.70  m 0.060  ON  flags 1  stop 5
  372.49s  Vdc  496.0  Idc   1.09  P    543 W  f  2.90  m 0.064  ON  flags 0  stop 5
  374.50s  Vdc  495.2  Idc   1.33  P    660 W  f  3.70  m 0.082  ON  flags 1  stop 5
  375.24s  Vdc  494.9  Idc   1.41  P    698 W  f  4.10  m 0.091  ON  flags 0  stop 5
  375.78s  Vdc  494.6  Idc   1.50  P    743 W  f  4.12  m 0.092  ON  flags 1  stop 5
  377.25s  Vdc  493.6  Idc   1.81  P    892 W  f  4.90  m 0.109  ON  flags 0  stop 5
  378.26s  Vdc  494.2  Idc   1.63  P    807 W  f  5.10  m 0.114  ON  flags 1  stop 5
  379.27s  Vdc  494.9  Idc   1.46  P    722 W  f  5.50  m 0.122  ON  flags 0  stop 5
  380.28s  Vdc  494.8  Idc   1.50  P    741 W  f  5.90  m 0.131  ON  flags 1  stop 5
  381.28s  Vdc  494.7  Idc   1.55  P    768 W  f  6.30  m 0.140  ON  flags 0  stop 5
  381.55s  Vdc  494.6  Idc   1.56  P    771 W  f  6.50  m 0.145  ON  flags 0  stop 5
  382.29s  Vdc  494.6  Idc   1.59  P    787 W  f  6.70  m 0.149  ON  flags 1  stop 5
  383.57s  Vdc  494.4  Idc   1.66  P    820 W  f  7.30  m 0.162  ON  flags 0  stop 5
  384.30s  Vdc  494.4  Idc   1.67  P    824 W  f  7.50  m 0.167  ON  flags 1  stop 5
  385.94s  Vdc  494.2  Idc   1.73  P    853 W  f  8.12  m 0.181  ON  flags 0  stop 5
  387.34s  Vdc  494.0  Idc   1.81  P    894 W  f  8.70  m 0.194  ON  flags 1  stop 5
  387.61s  Vdc  494.0  Idc   1.81  P    893 W  f  8.90  m 0.198  ON  flags 0  stop 5
  388.35s  Vdc  493.9  Idc   1.85  P    912 W  f  9.10  m 0.203  ON  flags 1  stop 5
  388.89s  Vdc  493.7  Idc   1.89  P    932 W  f  9.30  m 0.207  ON  flags 0  stop 5
  390.36s  Vdc  493.6  Idc   1.95  P    961 W  f  9.90  m 0.221  ON  flags 1  stop 5
  390.91s  Vdc  493.3  Idc   2.03  P   1002 W  f 10.52  m 0.235  ON  flags 0  stop 5
  392.92s  Vdc  491.2  Idc   2.61  P   1283 W  f 14.52  m 0.325  ON  flags 1  stop 5
  393.13s  Vdc  491.2  Idc   2.61  P   1283 W  f 14.52  m 0.325  ON  flags 1  stop 5
  393.66s  Vdc  490.1  Idc   2.91  P   1425 W  f 16.12  m 0.362  ON  flags 0  stop 5
  404.47s  Vdc  447.9  Idc  11.39  P   5102 W  f 31.28  m 0.768  ON  flags 0  stop 5
  416.60s  Vdc  446.7  Idc  11.39  P   5088 W  f 31.28  m 0.770  ON  flags 0  stop 5
  427.84s  Vdc  447.7  Idc  11.35  P   5080 W  f 31.32  m 0.770  ON  flags 0  stop 5
  439.42s  Vdc  444.9  Idc  11.74  P   5223 W  f 31.68  m 0.783  ON  flags 0  stop 5
  450.65s  Vdc  447.1  Idc  11.46  P   5122 W  f 31.28  m 0.770  ON  flags 0  stop 5
  461.81s  Vdc  466.2  Idc  24.32  P  11338 W  f 42.08  m 0.940  ON  flags 0  stop 5
  473.66s  Vdc  461.9  Idc  36.43  P  16826 W  f 49.28  m 0.940  ON  flags 0  stop 5
  484.80s  Vdc  458.4  Idc  37.30  P  17101 W  f 49.98  m 0.940  ON  flags 0  stop 5
  496.79s  Vdc  459.2  Idc  37.24  P  17102 W  f 49.58  m 0.940  ON  flags 0  stop 5
  508.45s  Vdc  463.0  Idc  36.31  P  16812 W  f 49.42  m 0.940  ON  flags 0  stop 5
  519.60s  Vdc  459.8  Idc  37.21  P  17109 W  f 49.22  m 0.940  ON  flags 0  stop 5
  530.82s  Vdc  461.7  Idc  36.69  P  16940 W  f 49.38  m 0.940  ON  flags 0  stop 5
  541.97s  Vdc  460.2  Idc  36.97  P  17010 W  f 49.78  m 0.940  ON  flags 0  stop 5
  553.61s  Vdc  461.6  Idc  36.60  P  16895 W  f 49.22  m 0.940  ON  flags 0  stop 5
  565.25s  Vdc  461.9  Idc  36.56  P  16887 W  f 49.58  m 0.940  ON  flags 0  stop 5
  576.58s  Vdc  462.4  Idc  36.45  P  16855 W  f 49.58  m 0.940  ON  flags 0  stop 5
  588.16s  Vdc  460.7  Idc  37.00  P  17044 W  f 49.82  m 0.940  ON  flags 0  stop 5
  599.31s  Vdc  458.9  Idc  37.38  P  17155 W  f 49.98  m 0.940  ON  flags 0  stop 5
  610.56s  Vdc  458.3  Idc  37.40  P  17142 W  f 49.58  m 0.940  ON  flags 0  stop 5
  621.71s  Vdc  457.9  Idc  37.49  P  17164 W  f 49.58  m 0.940  ON  flags 0  stop 5
  633.04s  Vdc  462.2  Idc  36.39  P  16817 W  f 49.22  m 0.940  ON  flags 0  stop 5
  644.56s  Vdc  459.8  Idc  37.07  P  17044 W  f 50.00  m 0.940  ON  flags 0  stop 5
  656.23s  Vdc  461.0  Idc  36.60  P  16872 W  f 49.22  m 0.940  ON  flags 0  stop 5
  667.74s  Vdc  460.9  Idc  36.62  P  16877 W  f 49.58  m 0.940  ON  flags 0  stop 5
  678.89s  Vdc  458.9  Idc  37.08  P  17016 W  f 49.78  m 0.940  ON  flags 0  stop 5
  690.03s  Vdc  461.8  Idc  36.36  P  16793 W  f 49.18  m 0.940  ON  flags 0  stop 5
  701.68s  Vdc  459.9  Idc  36.94  P  16989 W  f 49.42  m 0.940  ON  flags 0  stop 5
  713.81s  Vdc  459.7  Idc  36.95  P  16985 W  f 49.38  m 0.940  ON  flags 0  stop 5
  725.15s  Vdc  461.9  Idc  36.51  P  16866 W  f 49.22  m 0.940  ON  flags 0  stop 5
  736.66s  Vdc  456.1  Idc  37.86  P  17266 W  f 49.82  m 0.940  ON  flags 0  stop 5
  747.82s  Vdc  461.6  Idc  36.52  P  16858 W  f 49.58  m 0.940  ON  flags 0  stop 5
  757.50s  Vdc  495.0  Idc   0.89  P    443 W  f  0.32  m 0.010  ON  flags 1  stop 5
  759.05s  Vdc  495.2  Idc   0.88  P    437 W  f  1.10  m 0.024  ON  flags 0  stop 5
  759.19s  Vdc  495.2  Idc   0.88  P    437 W  f  1.10  m 0.024  ON  flags 0  stop 5
  759.51s  Vdc  495.2  Idc   0.90  P    448 W  f  1.12  m 0.025  ON  flags 1  stop 5
  760.52s  Vdc  494.9  Idc   0.97  P    480 W  f  1.70  m 0.038  ON  flags 0  stop 5
  761.53s  Vdc  494.9  Idc   0.99  P    490 W  f  1.92  m 0.043  ON  flags 1  stop 5
  763.54s  Vdc  494.4  Idc   1.13  P    558 W  f  2.72  m 0.060  ON  flags 0  stop 5
  763.81s  Vdc  494.4  Idc   1.16  P    573 W  f  2.90  m 0.065  ON  flags 1  stop 5
  765.09s  Vdc  494.0  Idc   1.28  P    631 W  f  3.50  m 0.078  ON  flags 0  stop 5
  765.83s  Vdc  493.7  Idc   1.39  P    685 W  f  3.70  m 0.082  ON  flags 1  stop 5
  766.83s  Vdc  493.2  Idc   1.56  P    771 W  f  4.10  m 0.091  ON  flags 0  stop 5
  767.11s  Vdc  493.1  Idc   1.60  P    788 W  f  4.30  m 0.096  ON  flags 1  stop 5
  767.57s  Vdc  492.9  Idc   1.66  P    818 W  f  4.32  m 0.096  ON  flags 0  stop 5
  767.84s  Vdc  492.9  Idc   1.66  P    818 W  f  4.50  m 0.100  ON  flags 1  stop 5
  768.58s  Vdc  493.5  Idc   1.51  P    743 W  f  4.70  m 0.105  ON  flags 0  stop 5
  769.86s  Vdc  493.7  Idc   1.46  P    719 W  f  5.30  m 0.118  ON  flags 1  stop 5
  770.59s  Vdc  493.5  Idc   1.51  P    747 W  f  5.50  m 0.123  ON  flags 0  stop 5
  770.86s  Vdc  493.5  Idc   1.54  P    762 W  f  5.70  m 0.127  ON  flags 1  stop 5
  771.60s  Vdc  493.5  Idc   1.53  P    757 W  f  5.92  m 0.132  ON  flags 0  stop 5
  771.87s  Vdc  493.5  Idc   1.53  P    757 W  f  6.10  m 0.136  ON  flags 1  stop 5
  772.61s  Vdc  493.3  Idc   1.60  P    787 W  f  6.30  m 0.140  ON  flags 0  stop 5
  773.15s  Vdc  493.2  Idc   1.65  P    813 W  f  6.70  m 0.149  ON  flags 1  stop 5
  773.62s  Vdc  493.2  Idc   1.65  P    815 W  f  6.72  m 0.150  ON  flags 0  stop 5
  774.62s  Vdc  493.1  Idc   1.68  P    830 W  f  7.10  m 0.158  ON  flags 1  stop 5
  775.17s  Vdc  493.0  Idc   1.70  P    840 W  f  7.50  m 0.167  ON  flags 0  stop 5
  776.64s  Vdc  492.8  Idc   1.77  P    871 W  f  7.90  m 0.176  ON  flags 1  stop 5
  777.64s  Vdc  492.8  Idc   1.82  P    897 W  f  8.32  m 0.186  ON  flags 0  stop 5
  778.19s  Vdc  492.8  Idc   1.84  P    904 W  f  8.50  m 0.190  ON  flags 1  stop 5
  779.66s  Vdc  492.6  Idc   1.91  P    941 W  f  9.12  m 0.204  ON  flags 0  stop 5
  780.20s  Vdc  492.5  Idc   1.93  P    952 W  f  9.30  m 0.208  ON  flags 1  stop 5
  780.67s  Vdc  492.5  Idc   1.95  P    961 W  f  9.50  m 0.212  ON  flags 0  stop 5
  780.94s  Vdc  492.4  Idc   1.98  P    976 W  f  9.70  m 0.217  ON  flags 1  stop 5
  781.67s  Vdc  492.4  Idc   1.99  P    981 W  f  9.92  m 0.222  ON  flags 0  stop 5
  782.09s  Vdc  492.0  Idc   2.10  P   1034 W  f  9.92  m 0.222  ON  flags 0  stop 5
  782.22s  Vdc  492.0  Idc   2.10  P   1034 W  f 10.72  m 0.240  ON  flags 1  stop 5
  782.68s  Vdc  491.6  Idc   2.20  P   1082 W  f 11.52  m 0.258  ON  flags 0  stop 5
  793.23s  Vdc  444.4  Idc  11.60  P   5154 W  f 31.48  m 0.779  ON  flags 0  stop 5
  804.91s  Vdc  449.0  Idc  11.20  P   5028 W  f 31.12  m 0.762  ON  flags 0  stop 5
  816.13s  Vdc  446.9  Idc  11.54  P   5158 W  f 31.52  m 0.776  ON  flags 0  stop 5
  827.77s  Vdc  448.7  Idc  11.42  P   5123 W  f 31.12  m 0.763  ON  flags 0  stop 5
  840.25s  Vdc  448.9  Idc  11.39  P   5112 W  f 31.12  m 0.762  ON  flags 0  stop 5
  852.41s  Vdc  466.9  Idc  24.22  P  11308 W  f 41.92  m 0.924  ON  flags 0  stop 5
  864.25s  Vdc  459.7  Idc  37.16  P  17084 W  f 49.82  m 0.940  ON  flags 0  stop 5
  876.83s  Vdc  460.1  Idc  36.81  P  16936 W  f 49.58  m 0.940  ON  flags 0  stop 5
  888.39s  Vdc  459.3  Idc  36.79  P  16895 W  f 49.18  m 0.940  ON  flags 0  stop 5
  899.55s  Vdc  457.5  Idc  37.24  P  17035 W  f 49.38  m 0.940  ON  flags 0  stop 5
  910.89s  Vdc  457.4  Idc  37.04  P  16945 W  f 49.78  m 0.940  ON  flags 0  stop 5
  922.83s  Vdc  459.1  Idc  36.63  P  16821 W  f 49.42  m 0.940  ON  flags 0  stop 5
  934.46s  Vdc  456.2  Idc  37.17  P  16958 W  f 49.38  m 0.940  ON  flags 0  stop 5
  946.10s  Vdc  456.7  Idc  37.20  P  16987 W  f 49.38  m 0.940  ON  flags 0  stop 5
  957.55s  Vdc  460.8  Idc  36.29  P  16724 W  f 49.02  m 0.940  ON  flags 0  stop 5
  969.22s  Vdc  460.4  Idc  36.20  P  16668 W  f 49.38  m 0.940  ON  flags 0  stop 5
  980.86s  Vdc  459.8  Idc  36.31  P  16698 W  f 49.42  m 0.940  ON  flags 0  stop 5
  992.95s  Vdc  459.7  Idc  36.25  P  16663 W  f 49.02  m 0.940  ON  flags 0  stop 5
 1004.45s  Vdc  454.4  Idc  37.25  P  16926 W  f 49.38  m 0.940  ON  flags 0  stop 5
 1016.12s  Vdc  457.7  Idc  36.43  P  16673 W  f 48.98  m 0.940  ON  flags 0  stop 5
 1028.18s  Vdc  458.3  Idc  36.21  P  16595 W  f 48.98  m 0.940  ON  flags 0  stop 5
 1039.40s  Vdc  461.9  Idc  35.44  P  16369 W  f 48.62  m 0.940  ON  flags 0  stop 5
 1050.90s  Vdc  461.9  Idc  35.47  P  16386 W  f 49.38  m 0.940  ON  flags 0  stop 5
 1062.14s  Vdc  462.2  Idc  35.47  P  16392 W  f 49.02  m 0.940  ON  flags 0  stop 5
 1073.81s  Vdc  460.6  Idc  35.88  P  16529 W  f 49.20  m 0.940  ON  flags 0  stop 5
 1085.90s  Vdc  460.8  Idc  35.77  P  16483 W  f 49.24  m 0.940  ON  flags 0  stop 5
 1097.41s  Vdc  459.7  Idc  36.02  P  16561 W  f 49.20  m 0.940  ON  flags 0  stop 5
 1108.56s  Vdc  464.2  Idc  34.97  P  16231 W  f 48.44  m 0.940  ON  flags 0  stop 5
 1119.70s  Vdc  463.4  Idc  35.11  P  16272 W  f 48.84  m 0.940  ON  flags 0  stop 5
 1127.91s  Vdc  492.6  Idc   0.90  P    443 W  f  0.50  m 0.011  ON  flags 1  stop 5
 1129.65s  Vdc  492.6  Idc   0.92  P    453 W  f  1.10  m 0.025  ON  flags 0  stop 5
 1129.92s  Vdc  492.6  Idc   0.92  P    453 W  f  1.30  m 0.029  ON  flags 1  stop 5
 1130.38s  Vdc  492.4  Idc   0.99  P    486 W  f  1.50  m 0.033  ON  flags 0  stop 5
 1131.60s  Vdc  492.4  Idc   1.00  P    494 W  f  1.72  m 0.038  ON  flags 0  stop 5
 1131.66s  Vdc  492.4  Idc   1.00  P    494 W  f  1.90  m 0.042  ON  flags 1  stop 5
 1133.68s  Vdc  492.0  Idc   1.12  P    553 W  f  2.70  m 0.060  ON  flags 0  stop 5
 1134.41s  Vdc  491.9  Idc   1.16  P    569 W  f  3.10  m 0.069  ON  flags 1  stop 5
 1134.96s  Vdc  491.7  Idc   1.23  P    605 W  f  3.30  m 0.074  ON  flags 0  stop 5
 1135.42s  Vdc  491.6  Idc   1.28  P    627 W  f  3.32  m 0.074  ON  flags 1  stop 5
 1135.69s  Vdc  491.3  Idc   1.33  P    653 W  f  3.50  m 0.078  ON  flags 0  stop 5
 1141.00s  Vdc  490.9  Idc   1.54  P    756 W  f  5.70  m 0.128  ON  flags 1  stop 5
 1141.46s  Vdc  490.8  Idc   1.55  P    760 W  f  5.72  m 0.128  ON  flags 0  stop 5
 1142.47s  Vdc  490.6  Idc   1.61  P    790 W  f  6.10  m 0.137  ON  flags 1  stop 5
 1142.74s  Vdc  490.6  Idc   1.63  P    801 W  f  6.30  m 0.141  ON  flags 1  stop 5
 1143.01s  Vdc  490.5  Idc   1.64  P    806 W  f  6.50  m 0.146  ON  flags 0  stop 5
 1143.75s  Vdc  490.6  Idc   1.64  P    806 W  f  6.70  m 0.150  ON  flags 1  stop 5
 1144.76s  Vdc  490.4  Idc   1.71  P    837 W  f  7.10  m 0.159  ON  flags 0  stop 5
 1145.03s  Vdc  490.4  Idc   1.73  P    847 W  f  7.30  m 0.164  ON  flags 1  stop 5
 1146.50s  Vdc  490.3  Idc   1.79  P    876 W  f  7.70  m 0.173  ON  flags 0  stop 5
 1146.77s  Vdc  490.2  Idc   1.80  P    884 W  f  7.90  m 0.177  ON  flags 1  stop 5
 1147.51s  Vdc  490.2  Idc   1.82  P    890 W  f  8.12  m 0.182  ON  flags 0  stop 5
 1148.52s  Vdc  490.0  Idc   1.87  P    919 W  f  8.50  m 0.191  ON  flags 1  stop 5
 1148.79s  Vdc  490.0  Idc   1.90  P    932 W  f  8.70  m 0.195  ON  flags 0  stop 5
 1149.52s  Vdc  490.0  Idc   1.92  P    939 W  f  8.92  m 0.200  ON  flags 1  stop 5
 1150.07s  Vdc  489.9  Idc   1.94  P    948 W  f  9.10  m 0.204  ON  flags 0  stop 5
 1151.07s  Vdc  489.7  Idc   2.00  P    982 W  f  9.70  m 0.218  ON  flags 1  stop 5
 1152.82s  Vdc  489.0  Idc   2.22  P   1084 W  f 11.32  m 0.255  ON  flags 0  stop 5
 1153.97s  Vdc  487.7  Idc   2.59  P   1261 W  f 12.92  m 0.291  ON  flags 0  stop 5
 1165.11s  Vdc  449.2  Idc  10.34  P   4645 W  f 30.12  m 0.737  ON  flags 0  stop 5
 1176.27s  Vdc  444.3  Idc  11.09  P   4926 W  f 30.88  m 0.765  ON  flags 0  stop 5
 1188.41s  Vdc  444.3  Idc  11.11  P   4939 W  f 30.92  m 0.765  ON  flags 0  stop 5
 1199.56s  Vdc  446.3  Idc  11.04  P   4925 W  f 30.88  m 0.761  ON  flags 0  stop 5
 1212.24s  Vdc  448.5  Idc  10.82  P   4850 W  f 31.28  m 0.778  ON  flags 0  stop 5
 1223.38s  Vdc  466.9  Idc  23.44  P  10942 W  f 41.72  m 0.940  ON  flags 0  stop 5
 1235.26s  Vdc  457.4  Idc  36.42  P  16657 W  f 49.28  m 0.940  ON  flags 0  stop 5
 1246.84s  Vdc  457.8  Idc  36.27  P  16604 W  f 48.92  m 0.940  ON  flags 0  stop 5
 1258.03s  Vdc  457.7  Idc  36.36  P  16640 W  f 48.92  m 0.940  ON  flags 0  stop 5
 1269.88s  Vdc  457.9  Idc  36.23  P  16592 W  f 49.28  m 0.940  ON  flags 0  stop 5
 1281.03s  Vdc  461.0  Idc  35.44  P  16339 W  f 48.92  m 0.940  ON  flags 0  stop 5
 1292.17s  Vdc  461.2  Idc  35.39  P  16323 W  f 48.92  m 0.940  ON  flags 0  stop 5
 1304.02s  Vdc  461.4  Idc  35.31  P  16293 W  f 48.92  m 0.940  ON  flags 0  stop 5
 1315.24s  Vdc  457.5  Idc  36.32  P  16617 W  f 49.28  m 0.940  ON  flags 0  stop 5
 1326.39s  Vdc  457.8  Idc  36.23  P  16585 W  f 49.28  m 0.940  ON  flags 0  stop 5
 1338.51s  Vdc  461.2  Idc  35.35  P  16301 W  f 48.92  m 0.940  ON  flags 0  stop 5
 1349.67s  Vdc  457.5  Idc  36.15  P  16541 W  f 48.88  m 0.940  ON  flags 0  stop 5
 1360.91s  Vdc  461.0  Idc  35.24  P  16244 W  f 48.88  m 0.940  ON  flags 0  stop 5
 1373.51s  Vdc  460.9  Idc  35.36  P  16296 W  f 48.92  m 0.940  ON  flags 0  stop 5
 1384.66s  Vdc  461.5  Idc  35.21  P  16250 W  f 48.88  m 0.940  ON  flags 0  stop 5
 1396.62s  Vdc  457.5  Idc  36.20  P  16563 W  f 48.88  m 0.940  ON  flags 0  stop 5
 1408.71s  Vdc  458.2  Idc  36.12  P  16550 W  f 48.92  m 0.940  ON  flags 0  stop 5
 1419.93s  Vdc  461.9  Idc  35.24  P  16278 W  f 48.92  m 0.940  ON  flags 0  stop 5
 1431.08s  Vdc  458.7  Idc  36.11  P  16562 W  f 48.88  m 0.940  ON  flags 0  stop 5
 1442.42s  Vdc  458.7  Idc  36.18  P  16596 W  f 49.32  m 0.940  ON  flags 0  stop 5
 1453.97s  Vdc  462.8  Idc  35.27  P  16321 W  f 48.92  m 0.940  ON  flags 0  stop 5
 1465.63s  Vdc  463.2  Idc  35.25  P  16328 W  f 49.28  m 0.940  ON  flags 0  stop 5
 1477.39s  Vdc  463.7  Idc  35.13  P  16291 W  f 48.92  m 0.940  ON  flags 0  stop 5
 1489.65s  Vdc  460.1  Idc  36.10  P  16608 W  f 49.32  m 0.940  ON  flags 0  stop 5
 1493.07s  Vdc  444.6  Idc   9.70  P   4314 W  f  5.00  m 0.124  FAULT_UV_WAIT  flags 0  stop 5
 1493.47s  Vdc  493.2  Idc   0.92  P    454 W  f  0.10  m 0.010  ON  flags 1  stop 5
 1494.48s  Vdc  493.3  Idc   0.91  P    451 W  f  0.52  m 0.012  ON  flags 0  stop 5
 1495.15s  Vdc  493.3  Idc   0.90  P    446 W  f  0.70  m 0.016  ON  flags 1  stop 5
 1495.82s  Vdc  493.3  Idc   0.93  P    457 W  f  1.10  m 0.025  ON  flags 0  stop 5
 1496.09s  Vdc  493.3  Idc   0.93  P    457 W  f  1.30  m 0.029  ON  flags 1  stop 5
 1498.11s  Vdc  493.0  Idc   1.03  P    509 W  f  2.10  m 0.047  ON  flags 0  stop 5
 1499.11s  Vdc  492.9  Idc   1.10  P    541 W  f  2.30  m 0.051  ON  flags 1  stop 5
 1500.59s  Vdc  492.7  Idc   1.15  P    569 W  f  2.92  m 0.065  ON  flags 0  stop 5
 1501.13s  Vdc  492.5  Idc   1.23  P    608 W  f  3.10  m 0.069  ON  flags 1  stop 5
 1501.59s  Vdc  492.4  Idc   1.29  P    634 W  f  3.30  m 0.074  ON  flags 0  stop 5
 1503.61s  Vdc  491.4  Idc   1.59  P    783 W  f  4.10  m 0.092  ON  flags 1  stop 5
 1505.62s  Vdc  491.1  Idc   1.72  P    844 W  f  4.90  m 0.110  ON  flags 0  stop 5
 1506.57s  Vdc  491.8  Idc   1.52  P    746 W  f  5.30  m 0.119  ON  flags 1  stop 5
 1506.90s  Vdc  491.7  Idc   1.53  P    753 W  f  5.32  m 0.119  ON  flags 0  stop 5
 1507.17s  Vdc  491.7  Idc   1.55  P    762 W  f  5.50  m 0.123  ON  flags 1  stop 5
 1507.86s  Vdc  491.6  Idc   1.58  P    779 W  f  5.90  m 0.132  ON  flags 0  stop 5
 1508.41s  Vdc  491.6  Idc   1.60  P    785 W  f  6.10  m 0.136  ON  flags 1  stop 5
 1508.87s  Vdc  491.6  Idc   1.61  P    790 W  f  6.12  m 0.137  ON  flags 0  stop 5
 1509.88s  Vdc  491.4  Idc   1.66  P    817 W  f  6.50  m 0.145  ON  flags 1  stop 5
 1510.15s  Vdc  491.4  Idc   1.68  P    827 W  f  6.70  m 0.150  ON  flags 0  stop 5
 1513.19s  Vdc  491.1  Idc   1.80  P    886 W  f  7.90  m 0.177  ON  flags 0  stop 5
 1515.20s  Vdc  490.8  Idc   1.90  P    931 W  f  8.70  m 0.195  ON  flags 1  stop 5
 1515.94s  Vdc  490.6  Idc   1.96  P    962 W  f  8.90  m 0.200  ON  flags 0  stop 5
 1516.21s  Vdc  490.6  Idc   1.97  P    966 W  f  9.10  m 0.204  ON  flags 1  stop 5
 1516.94s  Vdc  490.5  Idc   2.00  P    980 W  f  9.32  m 0.209  ON  flags 0  stop 5
 1517.22s  Vdc  490.5  Idc   2.00  P    980 W  f  9.50  m 0.213  ON  flags 1  stop 5
 1517.95s  Vdc  490.4  Idc   2.04  P    999 W  f  9.70  m 0.218  ON  flags 0  stop 5
 1518.22s  Vdc  490.2  Idc   2.07  P   1014 W  f  9.90  m 0.222  ON  flags 1  stop 5
 1518.96s  Vdc  489.9  Idc   2.17  P   1061 W  f 10.92  m 0.245  ON  flags 0  stop 5
 1524.43s  Vdc  481.8  Idc   4.23  P   2040 W  f 21.32  m 0.487  ON  flags 0  stop 5
 1535.60s  Vdc  445.9  Idc  10.85  P   4837 W  f 30.52  m 0.751  ON  flags 0  stop 5
 1548.32s  Vdc  446.8  Idc  10.80  P   4824 W  f 30.52  m 0.751  ON  flags 0  stop 5
 1559.54s  Vdc  447.5  Idc  10.81  P   4837 W  f 30.48  m 0.749  ON  flags 0  stop 5
 1571.04s  Vdc  444.4  Idc  11.21  P   4980 W  f 30.92  m 0.765  ON  flags 0  stop 5
 1582.68s  Vdc  441.4  Idc  11.59  P   5114 W  f 31.28  m 0.780  ON  flags 0  stop 5
