drive magic 0x48533410 (V/f map)
MODE MPPT -> 1.0
RESET_FAULT -> 3.0
START -> 1.0
logging to .\e5_vf_20260914_135847_blockA.csv
  13:58:47  OFF      5.0 Hz  P    421 W  Vdc   535  Q   4.15  0.000 m3  0.000 kWh  -- L/Wh
  13:58:50  ON       1.3 Hz  P    464 W  Vdc   537  Q   1.97  0.002 m3  0.000 kWh  -- L/Wh
  13:58:53  ON       2.5 Hz  P    565 W  Vdc   536  Q   0.78  0.002 m3  0.001 kWh  -- L/Wh
  13:58:56  ON       3.7 Hz  P    703 W  Vdc   536  Q   0.00  0.002 m3  0.002 kWh  -- L/Wh
  13:59:00  ON       4.9 Hz  P    977 W  Vdc   535  Q   0.00  0.002 m3  0.002 kWh  -- L/Wh
  13:59:03  ON       6.1 Hz  P    812 W  Vdc   535  Q   0.00  0.002 m3  0.003 kWh  -- L/Wh
  13:59:06  ON       7.5 Hz  P    892 W  Vdc   535  Q  -0.64  0.002 m3  0.004 kWh  -- L/Wh
  13:59:09  ON       8.7 Hz  P    948 W  Vdc   535  Q  -0.67  0.002 m3  0.005 kWh  -- L/Wh
  13:59:12  ON      10.1 Hz  P   1029 W  Vdc   535  Q  -0.67  0.002 m3  0.006 kWh  -- L/Wh
  13:59:16  ON      15.3 Hz  P   1392 W  Vdc   533  Q  -0.67  0.002 m3  0.007 kWh  -- L/Wh
  13:59:19  ON      20.9 Hz  P   2002 W  Vdc   531  Q  -0.69  0.002 m3  0.009 kWh  -- L/Wh
  13:59:22  ON      27.3 Hz  P   3140 W  Vdc   527  Q  -0.70  0.002 m3  0.011 kWh  -- L/Wh
  13:59:25  ON      32.5 Hz  P   5683 W  Vdc   518  Q   0.00  0.002 m3  0.017 kWh  -- L/Wh
  13:59:28  ON      38.9 Hz  P   9192 W  Vdc   504  Q   2.22  0.004 m3  0.025 kWh  -- L/Wh
  13:59:32  ON      45.3 Hz  P  13665 W  Vdc   477  Q   9.74  0.013 m3  0.037 kWh  -- L/Wh
  13:59:35  ON      46.5 Hz  P  14715 W  Vdc   466  Q  22.08  0.033 m3  0.050 kWh  -- L/Wh
  13:59:38  ON      46.5 Hz  P  14723 W  Vdc   466  Q  34.88  0.064 m3  0.063 kWh  -- L/Wh
  13:59:41  ON      46.9 Hz  P  14909 W  Vdc   464  Q  43.87  0.103 m3  0.076 kWh  -- L/Wh
  13:59:44  ON      46.5 Hz  P  14517 W  Vdc   469  Q  49.75  0.147 m3  0.089 kWh  -- L/Wh
  13:59:48  ON      46.9 Hz  P  14957 W  Vdc   463  Q  52.69  0.194 m3  0.102 kWh  1.89 L/Wh
  13:59:51  ON      46.9 Hz  P  14976 W  Vdc   463  Q  54.18  0.242 m3  0.116 kWh  2.09 L/Wh
  13:59:54  ON      46.9 Hz  P  14858 W  Vdc   464  Q  54.83  0.290 m3  0.129 kWh  2.25 L/Wh
  13:59:57  ON      46.9 Hz  P  14910 W  Vdc   464  Q  55.20  0.339 m3  0.142 kWh  2.39 L/Wh
  14:00:00  ON      46.9 Hz  P  14690 W  Vdc   467  Q  55.28  0.389 m3  0.155 kWh  2.50 L/Wh
  14:00:04  ON      47.3 Hz  P  15163 W  Vdc   460  Q  55.15  0.438 m3  0.169 kWh  2.59 L/Wh
  14:00:07  ON      46.9 Hz  P  14920 W  Vdc   464  Q  55.03  0.486 m3  0.182 kWh  2.67 L/Wh
  14:00:10  ON      46.9 Hz  P  14942 W  Vdc   464  Q  54.92  0.535 m3  0.195 kWh  2.74 L/Wh
  14:00:13  ON      46.9 Hz  P  14949 W  Vdc   463  Q  54.92  0.584 m3  0.208 kWh  2.80 L/Wh
  14:00:16  ON      46.9 Hz  P  14886 W  Vdc   465  Q  54.87  0.633 m3  0.222 kWh  2.85 L/Wh
  14:00:20  ON      46.5 Hz  P  14623 W  Vdc   468  Q  54.88  0.681 m3  0.235 kWh  2.90 L/Wh
  14:00:23  ON      46.5 Hz  P  14669 W  Vdc   468  Q  54.91  0.730 m3  0.248 kWh  2.95 L/Wh
  14:00:26  ON      46.5 Hz  P  14683 W  Vdc   468  Q  54.86  0.779 m3  0.261 kWh  2.99 L/Wh
  14:00:29  ON      47.7 Hz  P  15282 W  Vdc   457  Q  54.72  0.827 m3  0.274 kWh  3.02 L/Wh
  14:00:32  ON      47.3 Hz  P  14997 W  Vdc   463  Q  54.50  0.876 m3  0.288 kWh  3.05 L/Wh
  14:00:36  ON      46.5 Hz  P  14654 W  Vdc   468  Q  54.29  0.924 m3  0.301 kWh  3.07 L/Wh
  14:00:39  ON      46.9 Hz  P  14800 W  Vdc   466  Q  54.19  0.972 m3  0.314 kWh  3.10 L/Wh
  14:00:42  ON      47.3 Hz  P  15014 W  Vdc   463  Q  54.17  1.020 m3  0.327 kWh  3.12 L/Wh
  14:00:45  ON      46.9 Hz  P  14920 W  Vdc   464  Q  54.22  1.069 m3  0.340 kWh  3.14 L/Wh
  14:00:48  ON      46.9 Hz  P  14688 W  Vdc   468  Q  54.24  1.117 m3  0.353 kWh  3.16 L/Wh
  14:00:52  ON      46.9 Hz  P  14745 W  Vdc   467  Q  54.20  1.165 m3  0.367 kWh  3.18 L/Wh
  14:00:55  ON      46.9 Hz  P  14708 W  Vdc   467  Q  54.14  1.213 m3  0.380 kWh  3.20 L/Wh
  14:00:58  ON      46.5 Hz  P  14642 W  Vdc   468  Q  54.12  1.261 m3  0.393 kWh  3.21 L/Wh
  14:01:01  ON      46.5 Hz  P  14386 W  Vdc   472  Q  54.10  1.309 m3  0.405 kWh  3.23 L/Wh
  14:01:04  ON      46.5 Hz  P  14599 W  Vdc   469  Q  54.02  1.357 m3  0.418 kWh  3.24 L/Wh
  14:01:08  ON      46.5 Hz  P  14630 W  Vdc   469  Q  53.93  1.405 m3  0.431 kWh  3.26 L/Wh
  14:01:11  ON      46.5 Hz  P  14659 W  Vdc   468  Q  53.86  1.453 m3  0.444 kWh  3.27 L/Wh
  14:01:14  ON      46.9 Hz  P  14871 W  Vdc   465  Q  53.81  1.501 m3  0.458 kWh  3.28 L/Wh
  14:01:17  ON      46.5 Hz  P  14618 W  Vdc   469  Q  53.83  1.549 m3  0.471 kWh  3.29 L/Wh
  14:01:20  ON      46.5 Hz  P  14653 W  Vdc   468  Q  53.89  1.597 m3  0.484 kWh  3.30 L/Wh
  14:01:24  ON      46.9 Hz  P  14946 W  Vdc   464  Q  53.89  1.644 m3  0.497 kWh  3.31 L/Wh
  14:01:27  ON      46.5 Hz  P  14585 W  Vdc   469  Q  53.82  1.692 m3  0.510 kWh  3.32 L/Wh
  14:01:30  ON      47.3 Hz  P  14995 W  Vdc   463  Q  53.72  1.740 m3  0.523 kWh  3.33 L/Wh
  14:01:33  ON      46.9 Hz  P  14924 W  Vdc   464  Q  53.67  1.788 m3  0.536 kWh  3.33 L/Wh
  14:01:36  ON      46.5 Hz  P  14674 W  Vdc   468  Q  53.61  1.835 m3  0.549 kWh  3.34 L/Wh
  14:01:40  ON      46.9 Hz  P  14749 W  Vdc   467  Q  53.61  1.883 m3  0.563 kWh  3.35 L/Wh
  14:01:43  ON      47.3 Hz  P  15194 W  Vdc   460  Q  53.66  1.931 m3  0.576 kWh  3.35 L/Wh
  14:01:46  ON      46.9 Hz  P  14931 W  Vdc   465  Q  53.73  1.978 m3  0.589 kWh  3.36 L/Wh
  14:01:49  ON      46.9 Hz  P  14814 W  Vdc   466  Q  53.83  2.026 m3  0.602 kWh  3.36 L/Wh
  14:01:52  ON      46.9 Hz  P  14694 W  Vdc   468  Q  53.90  2.074 m3  0.616 kWh  3.37 L/Wh
  14:01:56  ON      46.9 Hz  P  14885 W  Vdc   465  Q  53.91  2.122 m3  0.629 kWh  3.37 L/Wh
  14:01:59  ON      46.9 Hz  P  14899 W  Vdc   464  Q  53.86  2.170 m3  0.642 kWh  3.38 L/Wh
  14:02:02  ON      47.3 Hz  P  15046 W  Vdc   462  Q  53.75  2.217 m3  0.655 kWh  3.38 L/Wh
  14:02:05  ON      46.9 Hz  P  14727 W  Vdc   468  Q  53.72  2.265 m3  0.668 kWh  3.39 L/Wh
  14:02:08  ON      46.9 Hz  P  14704 W  Vdc   468  Q  53.69  2.313 m3  0.682 kWh  3.39 L/Wh
  14:02:12  ON      46.5 Hz  P  14656 W  Vdc   468  Q  53.66  2.361 m3  0.695 kWh  3.40 L/Wh
  14:02:15  ON      46.9 Hz  P  14742 W  Vdc   467  Q  53.59  2.408 m3  0.708 kWh  3.40 L/Wh
  14:02:18  ON      46.5 Hz  P  14638 W  Vdc   469  Q  53.60  2.456 m3  0.721 kWh  3.41 L/Wh
  14:02:21  ON      46.9 Hz  P  14691 W  Vdc   468  Q  53.69  2.503 m3  0.734 kWh  3.41 L/Wh
  14:02:24  ON      46.5 Hz  P  14572 W  Vdc   470  Q  53.74  2.551 m3  0.747 kWh  3.42 L/Wh
  14:02:28  ON      46.5 Hz  P  14609 W  Vdc   469  Q  53.71  2.599 m3  0.760 kWh  3.42 L/Wh
  14:02:31  ON      46.5 Hz  P  14649 W  Vdc   469  Q  53.60  2.647 m3  0.773 kWh  3.43 L/Wh
  14:02:34  ON      47.3 Hz  P  14930 W  Vdc   464  Q  53.41  2.694 m3  0.786 kWh  3.43 L/Wh
  14:02:37  ON      46.5 Hz  P  14590 W  Vdc   469  Q  53.31  2.741 m3  0.799 kWh  3.43 L/Wh
  14:02:40  ON      46.9 Hz  P  14711 W  Vdc   468  Q  53.31  2.789 m3  0.812 kWh  3.43 L/Wh
  14:02:43  ON      46.9 Hz  P  14693 W  Vdc   468  Q  53.39  2.836 m3  0.825 kWh  3.44 L/Wh
  14:02:47  ON      46.9 Hz  P  14756 W  Vdc   466  Q  53.46  2.884 m3  0.838 kWh  3.44 L/Wh
  14:02:50  ON      46.1 Hz  P  14276 W  Vdc   473  Q  53.50  2.931 m3  0.851 kWh  3.45 L/Wh
  14:02:53  ON      46.9 Hz  P  14676 W  Vdc   468  Q  53.58  2.979 m3  0.864 kWh  3.45 L/Wh
  14:02:56  ON      46.5 Hz  P  14641 W  Vdc   468  Q  53.59  3.026 m3  0.877 kWh  3.45 L/Wh
  14:02:59  ON      46.9 Hz  P  14759 W  Vdc   467  Q  53.58  3.074 m3  0.890 kWh  3.45 L/Wh
  14:03:03  ON      46.5 Hz  P  14457 W  Vdc   471  Q  53.52  3.121 m3  0.903 kWh  3.46 L/Wh
  14:03:06  ON      46.5 Hz  P  14424 W  Vdc   472  Q  53.47  3.169 m3  0.916 kWh  3.46 L/Wh
  14:03:09  ON      46.5 Hz  P  14412 W  Vdc   472  Q  53.42  3.216 m3  0.928 kWh  3.46 L/Wh
  14:03:12  ON      46.9 Hz  P  14742 W  Vdc   467  Q  53.34  3.264 m3  0.941 kWh  3.47 L/Wh
  14:03:15  ON      46.9 Hz  P  14709 W  Vdc   468  Q  53.36  3.311 m3  0.954 kWh  3.47 L/Wh
  14:03:19  ON      46.5 Hz  P  14646 W  Vdc   469  Q  53.41  3.358 m3  0.967 kWh  3.47 L/Wh
  14:03:22  ON      46.5 Hz  P  14573 W  Vdc   470  Q  53.53  3.406 m3  0.980 kWh  3.47 L/Wh
  14:03:25  ON      46.5 Hz  P  14594 W  Vdc   469  Q  53.47  3.454 m3  0.993 kWh  3.48 L/Wh
  14:03:28  ON      46.5 Hz  P  14631 W  Vdc   469  Q  53.36  3.501 m3  1.006 kWh  3.48 L/Wh
