drive magic 0x48533410 (V/f map)
logging to .\e5_vf_20260914_140331_blockA2.csv
  14:03:31  ON      46.5 Hz  P  14406 W  Vdc   472  Q  53.32  0.000 m3  0.000 kWh  -- L/Wh
  14:03:34  ON      46.5 Hz  P  14564 W  Vdc   470  Q  53.30  0.047 m3  0.013 kWh  -- L/Wh
  14:03:37  ON      46.9 Hz  P  14733 W  Vdc   467  Q  53.42  0.095 m3  0.026 kWh  -- L/Wh
  14:03:40  ON      46.9 Hz  P  14914 W  Vdc   464  Q  53.38  0.142 m3  0.039 kWh  -- L/Wh
  14:03:44  ON      46.9 Hz  P  14923 W  Vdc   464  Q  53.38  0.190 m3  0.053 kWh  -- L/Wh
  14:03:47  ON      46.5 Hz  P  14458 W  Vdc   470  Q  53.32  0.237 m3  0.065 kWh  -- L/Wh
  14:03:50  ON      46.5 Hz  P  14592 W  Vdc   469  Q  53.29  0.284 m3  0.078 kWh  -- L/Wh
  14:03:53  ON      46.5 Hz  P  14609 W  Vdc   468  Q  53.24  0.332 m3  0.091 kWh  -- L/Wh
  14:03:56  ON      46.5 Hz  P  14512 W  Vdc   470  Q  53.17  0.379 m3  0.104 kWh  3.64 L/Wh
  14:04:00  ON      46.9 Hz  P  14740 W  Vdc   467  Q  53.10  0.426 m3  0.117 kWh  3.63 L/Wh
  14:04:03  ON      46.9 Hz  P  14909 W  Vdc   464  Q  53.07  0.473 m3  0.131 kWh  3.62 L/Wh
  14:04:06  ON      46.9 Hz  P  14678 W  Vdc   468  Q  53.13  0.520 m3  0.144 kWh  3.62 L/Wh
  14:04:09  ON      47.3 Hz  P  15019 W  Vdc   462  Q  53.19  0.568 m3  0.157 kWh  3.62 L/Wh
  14:04:12  ON      46.5 Hz  P  14435 W  Vdc   471  Q  53.28  0.615 m3  0.170 kWh  3.62 L/Wh
  14:04:16  ON      46.5 Hz  P  14633 W  Vdc   469  Q  53.35  0.662 m3  0.183 kWh  3.62 L/Wh
  14:04:19  ON      46.9 Hz  P  14769 W  Vdc   466  Q  53.50  0.710 m3  0.196 kWh  3.62 L/Wh
  14:04:22  ON      46.9 Hz  P  14730 W  Vdc   467  Q  53.63  0.757 m3  0.209 kWh  3.63 L/Wh
  14:04:25  ON      46.5 Hz  P  14624 W  Vdc   469  Q  53.66  0.805 m3  0.222 kWh  3.63 L/Wh
  14:04:28  ON      46.5 Hz  P  14406 W  Vdc   472  Q  53.58  0.853 m3  0.235 kWh  3.63 L/Wh
  14:04:32  ON      46.9 Hz  P  14763 W  Vdc   466  Q  53.51  0.900 m3  0.248 kWh  3.63 L/Wh
  14:04:35  ON      46.5 Hz  P  14586 W  Vdc   469  Q  53.44  0.948 m3  0.261 kWh  3.63 L/Wh
  14:04:38  ON      46.5 Hz  P  14618 W  Vdc   469  Q  53.45  0.995 m3  0.274 kWh  3.64 L/Wh
  14:04:41  ON      46.5 Hz  P  14401 W  Vdc   471  Q  53.50  1.043 m3  0.287 kWh  3.64 L/Wh
  14:04:44  ON      46.5 Hz  P  14549 W  Vdc   469  Q  53.58  1.090 m3  0.299 kWh  3.64 L/Wh
  14:04:47  ON      46.9 Hz  P  14673 W  Vdc   467  Q  53.59  1.138 m3  0.312 kWh  3.64 L/Wh
  14:04:51  ON      46.5 Hz  P  14400 W  Vdc   471  Q  53.51  1.185 m3  0.325 kWh  3.64 L/Wh
  14:04:54  ON      46.5 Hz  P  14631 W  Vdc   467  Q  53.54  1.233 m3  0.338 kWh  3.64 L/Wh
  14:04:57  ON      46.9 Hz  P  14866 W  Vdc   464  Q  53.61  1.280 m3  0.351 kWh  3.64 L/Wh
  14:05:00  ON      46.5 Hz  P  14616 W  Vdc   468  Q  53.62  1.328 m3  0.364 kWh  3.64 L/Wh
  14:05:03  ON      46.5 Hz  P  14649 W  Vdc   467  Q  53.43  1.376 m3  0.377 kWh  3.64 L/Wh
  14:05:07  ON      46.9 Hz  P  14769 W  Vdc   465  Q  53.24  1.423 m3  0.391 kWh  3.64 L/Wh
  14:05:10  ON      46.5 Hz  P  14587 W  Vdc   468  Q  53.11  1.470 m3  0.404 kWh  3.64 L/Wh
  14:05:13  ON      46.9 Hz  P  14684 W  Vdc   467  Q  53.14  1.517 m3  0.417 kWh  3.64 L/Wh
  14:05:16  ON      46.9 Hz  P  14676 W  Vdc   467  Q  53.13  1.564 m3  0.430 kWh  3.64 L/Wh
  14:05:19  ON      46.1 Hz  P  14281 W  Vdc   472  Q  53.09  1.612 m3  0.442 kWh  3.64 L/Wh
  14:05:23  ON      46.9 Hz  P  14701 W  Vdc   466  Q  53.00  1.659 m3  0.455 kWh  3.64 L/Wh
  14:05:26  ON      46.5 Hz  P  14395 W  Vdc   470  Q  53.07  1.706 m3  0.468 kWh  3.64 L/Wh
  14:05:29  ON      46.5 Hz  P  14395 W  Vdc   470  Q  53.24  1.753 m3  0.481 kWh  3.65 L/Wh
  14:05:33  ON      46.5 Hz  P  14571 W  Vdc   468  Q     --  1.753 m3  0.496 kWh  3.53 L/Wh
  14:05:36  ON      46.5 Hz  P  14613 W  Vdc   467  Q  53.20  1.801 m3  0.509 kWh  3.54 L/Wh
  14:05:39  ON      46.9 Hz  P  14664 W  Vdc   466  Q  53.09  1.848 m3  0.522 kWh  3.54 L/Wh
  14:05:42  ON      46.9 Hz  P  14706 W  Vdc   465  Q  53.18  1.895 m3  0.535 kWh  3.54 L/Wh
  14:05:46  ON      46.9 Hz  P  14685 W  Vdc   465  Q  53.32  1.942 m3  0.548 kWh  3.54 L/Wh
  14:05:49  ON      46.5 Hz  P  14606 W  Vdc   466  Q  53.44  1.990 m3  0.561 kWh  3.55 L/Wh
  14:05:52  ON      46.5 Hz  P  14492 W  Vdc   468  Q  53.49  2.037 m3  0.574 kWh  3.55 L/Wh
  14:05:55  ON      46.5 Hz  P  14455 W  Vdc   468  Q  53.55  2.085 m3  0.587 kWh  3.55 L/Wh
  14:05:58  ON      46.5 Hz  P  14625 W  Vdc   466  Q  53.61  2.132 m3  0.600 kWh  3.55 L/Wh
  14:06:02  ON      46.5 Hz  P  14625 W  Vdc   466  Q  53.54  2.180 m3  0.613 kWh  3.56 L/Wh
  14:06:05  ON      46.5 Hz  P  14532 W  Vdc   467  Q  53.41  2.227 m3  0.626 kWh  3.56 L/Wh
  14:06:08  ON      46.9 Hz  P  14861 W  Vdc   462  Q  53.34  2.275 m3  0.639 kWh  3.56 L/Wh
  14:06:11  ON      46.5 Hz  P  14404 W  Vdc   469  Q  53.30  2.322 m3  0.652 kWh  3.56 L/Wh
  14:06:14  ON      46.5 Hz  P  14636 W  Vdc   465  Q  53.35  2.370 m3  0.665 kWh  3.56 L/Wh
  14:06:18  ON      46.5 Hz  P  14466 W  Vdc   468  Q  53.33  2.417 m3  0.678 kWh  3.57 L/Wh
  14:06:21  ON      46.9 Hz  P  14707 W  Vdc   464  Q  53.26  2.464 m3  0.691 kWh  3.57 L/Wh
  14:06:24  ON      46.1 Hz  P  14356 W  Vdc   469  Q  53.21  2.511 m3  0.703 kWh  3.57 L/Wh
  14:06:27  ON      46.5 Hz  P  14380 W  Vdc   469  Q  53.12  2.559 m3  0.716 kWh  3.57 L/Wh
  14:06:30  ON      46.5 Hz  P  14459 W  Vdc   468  Q  53.03  2.606 m3  0.729 kWh  3.57 L/Wh
  14:06:34  ON      46.5 Hz  P  14403 W  Vdc   468  Q  52.96  2.653 m3  0.742 kWh  3.58 L/Wh
  14:06:37  ON      46.5 Hz  P  14380 W  Vdc   469  Q  52.78  2.700 m3  0.755 kWh  3.58 L/Wh
  14:06:40  ON      46.5 Hz  P  14513 W  Vdc   466  Q  52.68  2.746 m3  0.768 kWh  3.58 L/Wh
  14:06:43  ON      46.5 Hz  P  14418 W  Vdc   467  Q  52.64  2.793 m3  0.780 kWh  3.58 L/Wh
  14:06:46  ON      46.1 Hz  P  14299 W  Vdc   469  Q  52.78  2.840 m3  0.793 kWh  3.58 L/Wh
  14:06:50  ON      46.9 Hz  P  14594 W  Vdc   464  Q  52.95  2.887 m3  0.806 kWh  3.58 L/Wh
  14:06:53  ON      46.1 Hz  P  14268 W  Vdc   469  Q  52.96  2.934 m3  0.819 kWh  3.58 L/Wh
  14:06:56  ON      46.5 Hz  P  14413 W  Vdc   468  Q  52.95  2.981 m3  0.831 kWh  3.59 L/Wh
  14:06:59  ON      46.5 Hz  P  14629 W  Vdc   465  Q  52.91  3.028 m3  0.844 kWh  3.59 L/Wh
  14:07:02  ON      46.5 Hz  P  14385 W  Vdc   468  Q  52.98  3.075 m3  0.857 kWh  3.59 L/Wh
  14:07:06  ON      46.5 Hz  P  14576 W  Vdc   465  Q  53.06  3.122 m3  0.870 kWh  3.59 L/Wh
  14:07:09  ON      46.5 Hz  P  14595 W  Vdc   465  Q  53.10  3.169 m3  0.883 kWh  3.59 L/Wh
  14:07:12  ON      46.1 Hz  P  14343 W  Vdc   469  Q  53.08  3.217 m3  0.896 kWh  3.59 L/Wh
  14:07:15  ON      46.1 Hz  P  14250 W  Vdc   469  Q  53.06  3.264 m3  0.909 kWh  3.59 L/Wh
  14:07:18  ON      46.1 Hz  P  14287 W  Vdc   469  Q  53.06  3.311 m3  0.921 kWh  3.59 L/Wh
  14:07:22  ON      46.1 Hz  P  14328 W  Vdc   468  Q  53.06  3.358 m3  0.934 kWh  3.60 L/Wh
  14:07:25  ON      46.5 Hz  P  14624 W  Vdc   464  Q  53.04  3.405 m3  0.947 kWh  3.60 L/Wh
  14:07:28  ON      46.1 Hz  P  14272 W  Vdc   469  Q  52.99  3.452 m3  0.960 kWh  3.60 L/Wh
  14:07:31  ON      46.1 Hz  P  14142 W  Vdc   470  Q  52.96  3.499 m3  0.972 kWh  3.60 L/Wh
  14:07:34  ON      46.5 Hz  P  14381 W  Vdc   467  Q  52.91  3.546 m3  0.985 kWh  3.60 L/Wh
  14:07:38  ON      46.5 Hz  P  14607 W  Vdc   464  Q  52.84  3.593 m3  0.998 kWh  3.60 L/Wh
  14:07:41  ON      46.5 Hz  P  14410 W  Vdc   467  Q  52.75  3.640 m3  1.011 kWh  3.60 L/Wh
  14:07:44  ON      46.5 Hz  P  14376 W  Vdc   467  Q  52.72  3.687 m3  1.024 kWh  3.60 L/Wh
  14:07:47  ON      46.5 Hz  P  14365 W  Vdc   468  Q  52.71  3.734 m3  1.036 kWh  3.60 L/Wh
  14:07:50  ON      46.1 Hz  P  14273 W  Vdc   470  Q  52.70  3.781 m3  1.049 kWh  3.60 L/Wh
  14:07:54  ON      46.5 Hz  P  14421 W  Vdc   467  Q  52.65  3.827 m3  1.062 kWh  3.60 L/Wh
  14:07:57  ON      46.1 Hz  P  14339 W  Vdc   469  Q  52.72  3.874 m3  1.075 kWh  3.61 L/Wh
  14:08:00  ON      46.1 Hz  P  14354 W  Vdc   468  Q  52.85  3.921 m3  1.087 kWh  3.61 L/Wh
  14:08:03  ON      46.5 Hz  P  14451 W  Vdc   467  Q  52.92  3.968 m3  1.100 kWh  3.61 L/Wh
  14:08:06  ON      46.1 Hz  P  14307 W  Vdc   469  Q  52.95  4.015 m3  1.113 kWh  3.61 L/Wh
  14:08:10  ON      46.9 Hz  P  14649 W  Vdc   464  Q  52.95  4.062 m3  1.126 kWh  3.61 L/Wh
  14:08:13  ON      46.5 Hz  P  14467 W  Vdc   466  Q  52.96  4.109 m3  1.139 kWh  3.61 L/Wh
  14:08:16  ON      45.3 Hz  P  13604 W  Vdc   477  Q  52.89  4.156 m3  1.151 kWh  3.61 L/Wh
  14:08:19  ON      46.5 Hz  P  14392 W  Vdc   467  Q  52.81  4.203 m3  1.164 kWh  3.61 L/Wh
  14:08:22  ON      46.5 Hz  P  14364 W  Vdc   468  Q  52.80  4.250 m3  1.176 kWh  3.61 L/Wh
  14:08:26  ON      46.1 Hz  P  14266 W  Vdc   469  Q  52.84  4.297 m3  1.189 kWh  3.61 L/Wh
  14:08:29  ON      46.5 Hz  P  14425 W  Vdc   467  Q  52.87  4.344 m3  1.202 kWh  3.61 L/Wh
  14:08:32  ON      46.5 Hz  P  14604 W  Vdc   464  Q  52.71  4.391 m3  1.215 kWh  3.61 L/Wh
  14:08:35  ON      46.1 Hz  P  14361 W  Vdc   468  Q  52.60  4.437 m3  1.228 kWh  3.61 L/Wh
  14:08:38  ON      46.9 Hz  P  14667 W  Vdc   463  Q  52.62  4.484 m3  1.241 kWh  3.61 L/Wh
  14:08:41  ON      46.1 Hz  P  14112 W  Vdc   471  Q  52.84  4.531 m3  1.253 kWh  3.62 L/Wh
  14:08:45  ON      46.5 Hz  P  14346 W  Vdc   468  Q  52.94  4.578 m3  1.266 kWh  3.62 L/Wh
  14:08:48  ON      46.1 Hz  P  14245 W  Vdc   470  Q  52.93  4.625 m3  1.279 kWh  3.62 L/Wh
  14:08:51  ON      46.1 Hz  P  14297 W  Vdc   470  Q  52.84  4.672 m3  1.291 kWh  3.62 L/Wh
  14:08:54  ON      46.1 Hz  P  14334 W  Vdc   469  Q  52.87  4.719 m3  1.304 kWh  3.62 L/Wh
  14:08:57  ON      46.5 Hz  P  14619 W  Vdc   465  Q  52.94  4.766 m3  1.317 kWh  3.62 L/Wh
  14:09:01  ON      46.5 Hz  P  14445 W  Vdc   467  Q  52.90  4.813 m3  1.330 kWh  3.62 L/Wh
  14:09:04  ON      46.5 Hz  P  14587 W  Vdc   465  Q  52.78  4.860 m3  1.343 kWh  3.62 L/Wh
  14:09:07  ON      46.1 Hz  P  14353 W  Vdc   469  Q  52.69  4.907 m3  1.355 kWh  3.62 L/Wh
  14:09:10  ON      46.1 Hz  P  14362 W  Vdc   469  Q  52.71  4.954 m3  1.368 kWh  3.62 L/Wh
  14:09:13  ON      45.7 Hz  P  13991 W  Vdc   474  Q  52.73  5.000 m3  1.381 kWh  3.62 L/Wh
  14:09:17  ON      46.1 Hz  P  14321 W  Vdc   470  Q     --  5.000 m3  1.396 kWh  3.58 L/Wh
  14:09:20  ON      46.5 Hz  P  14613 W  Vdc   465  Q  52.56  5.047 m3  1.409 kWh  3.58 L/Wh
  14:09:24  ON      46.5 Hz  P  14474 W  Vdc   467  Q  52.58  5.094 m3  1.421 kWh  3.58 L/Wh
  14:09:27  ON      46.5 Hz  P  14583 W  Vdc   466  Q  52.67  5.141 m3  1.434 kWh  3.58 L/Wh
  14:09:30  ON      46.5 Hz  P  14602 W  Vdc   465  Q  52.76  5.188 m3  1.447 kWh  3.58 L/Wh
  14:09:33  ON      46.1 Hz  P  14366 W  Vdc   469  Q  52.85  5.235 m3  1.460 kWh  3.58 L/Wh
  14:09:36  ON      46.1 Hz  P  14173 W  Vdc   471  Q  52.89  5.282 m3  1.473 kWh  3.59 L/Wh
  14:09:40  ON      46.5 Hz  P  14396 W  Vdc   468  Q  52.84  5.329 m3  1.486 kWh  3.59 L/Wh
  14:09:43  ON      45.7 Hz  P  14079 W  Vdc   472  Q  52.75  5.375 m3  1.498 kWh  3.59 L/Wh
  14:09:46  ON      46.5 Hz  P  14542 W  Vdc   466  Q  52.66  5.422 m3  1.511 kWh  3.59 L/Wh
  14:09:49  ON      46.1 Hz  P  14183 W  Vdc   472  Q  52.64  5.469 m3  1.524 kWh  3.59 L/Wh
  14:09:52  ON      46.1 Hz  P  14339 W  Vdc   470  Q  52.67  5.516 m3  1.536 kWh  3.59 L/Wh
  14:09:56  ON      46.5 Hz  P  14378 W  Vdc   469  Q  52.79  5.563 m3  1.549 kWh  3.59 L/Wh
  14:09:59  ON      46.5 Hz  P  14469 W  Vdc   468  Q  52.96  5.610 m3  1.562 kWh  3.59 L/Wh
  14:10:02  ON      46.1 Hz  P  14315 W  Vdc   470  Q  53.08  5.657 m3  1.575 kWh  3.59 L/Wh
  14:10:05  ON      45.7 Hz  P  14059 W  Vdc   473  Q  53.13  5.704 m3  1.587 kWh  3.59 L/Wh
  14:10:08  ON      46.5 Hz  P  14477 W  Vdc   467  Q  53.12  5.751 m3  1.600 kWh  3.59 L/Wh
  14:10:12  ON      45.7 Hz  P  14008 W  Vdc   474  Q  53.13  5.799 m3  1.612 kWh  3.60 L/Wh
  14:10:15  ON      46.1 Hz  P  14311 W  Vdc   470  Q  53.05  5.846 m3  1.625 kWh  3.60 L/Wh
  14:10:18  ON      46.5 Hz  P  14613 W  Vdc   465  Q  52.99  5.893 m3  1.638 kWh  3.60 L/Wh
  14:10:21  ON      46.1 Hz  P  14272 W  Vdc   470  Q  52.92  5.940 m3  1.651 kWh  3.60 L/Wh
  14:10:24  ON      46.1 Hz  P  14297 W  Vdc   470  Q  52.92  5.987 m3  1.664 kWh  3.60 L/Wh
  14:10:28  ON      46.1 Hz  P  14352 W  Vdc   469  Q  52.88  6.034 m3  1.676 kWh  3.60 L/Wh
  14:10:31  ON      46.5 Hz  P  14401 W  Vdc   468  Q  52.80  6.081 m3  1.689 kWh  3.60 L/Wh
  14:10:34  ON      46.5 Hz  P  14437 W  Vdc   467  Q  52.74  6.127 m3  1.702 kWh  3.60 L/Wh
  14:10:37  ON      46.5 Hz  P  14402 W  Vdc   468  Q  52.70  6.174 m3  1.715 kWh  3.60 L/Wh
  14:10:40  ON      46.1 Hz  P  14313 W  Vdc   469  Q  52.61  6.221 m3  1.727 kWh  3.60 L/Wh
  14:10:44  ON      46.5 Hz  P  14596 W  Vdc   464  Q  52.56  6.268 m3  1.740 kWh  3.60 L/Wh
  14:10:47  ON      46.1 Hz  P  14292 W  Vdc   470  Q  52.50  6.314 m3  1.753 kWh  3.60 L/Wh
  14:10:50  ON      46.5 Hz  P  14418 W  Vdc   468  Q  52.53  6.361 m3  1.766 kWh  3.60 L/Wh
  14:10:53  ON      46.5 Hz  P  14392 W  Vdc   469  Q  52.63  6.408 m3  1.779 kWh  3.60 L/Wh
  14:10:56  ON      46.5 Hz  P  14548 W  Vdc   466  Q  52.70  6.455 m3  1.792 kWh  3.60 L/Wh
  14:11:00  ON      46.5 Hz  P  14448 W  Vdc   468  Q  52.76  6.501 m3  1.804 kWh  3.60 L/Wh
  14:11:03  ON      46.5 Hz  P  14619 W  Vdc   465  Q  52.85  6.548 m3  1.817 kWh  3.60 L/Wh
  14:11:06  ON      46.1 Hz  P  14366 W  Vdc   469  Q  52.95  6.595 m3  1.830 kWh  3.60 L/Wh
  14:11:09  ON      46.1 Hz  P  14183 W  Vdc   471  Q  52.91  6.642 m3  1.843 kWh  3.60 L/Wh
  14:11:12  ON      46.9 Hz  P  14691 W  Vdc   463  Q  52.78  6.689 m3  1.856 kWh  3.60 L/Wh
  14:11:16  ON      46.1 Hz  P  14351 W  Vdc   469  Q  52.69  6.736 m3  1.869 kWh  3.60 L/Wh
  14:11:19  ON      46.1 Hz  P  14267 W  Vdc   470  Q  52.74  6.783 m3  1.881 kWh  3.61 L/Wh
  14:11:22  ON      46.5 Hz  P  14441 W  Vdc   467  Q  52.79  6.830 m3  1.894 kWh  3.61 L/Wh
  14:11:25  ON      46.9 Hz  P  14870 W  Vdc   459  Q  52.73  6.877 m3  1.907 kWh  3.61 L/Wh
  14:11:28  ON      46.5 Hz  P  14624 W  Vdc   464  Q  52.58  6.923 m3  1.920 kWh  3.61 L/Wh
  14:11:32  ON      46.5 Hz  P  14428 W  Vdc   467  Q  52.44  6.970 m3  1.933 kWh  3.61 L/Wh
  14:11:35  ON      46.5 Hz  P  14553 W  Vdc   465  Q  52.46  7.017 m3  1.946 kWh  3.61 L/Wh
  14:11:38  ON      46.1 Hz  P  14322 W  Vdc   468  Q  52.57  7.063 m3  1.959 kWh  3.61 L/Wh
  14:11:41  ON      46.5 Hz  P  14353 W  Vdc   468  Q  52.69  7.110 m3  1.972 kWh  3.61 L/Wh
  14:11:44  ON      46.5 Hz  P  14448 W  Vdc   467  Q  52.79  7.157 m3  1.984 kWh  3.61 L/Wh
  14:11:48  ON      46.1 Hz  P  14316 W  Vdc   469  Q  52.85  7.204 m3  1.997 kWh  3.61 L/Wh
  14:11:51  ON      46.5 Hz  P  14390 W  Vdc   467  Q  52.87  7.251 m3  2.010 kWh  3.61 L/Wh
  14:11:54  ON      46.1 Hz  P  14250 W  Vdc   469  Q  52.84  7.298 m3  2.023 kWh  3.61 L/Wh
  14:11:57  ON      46.1 Hz  P  14171 W  Vdc   470  Q  52.76  7.345 m3  2.035 kWh  3.61 L/Wh
  14:12:00  ON      46.5 Hz  P  14400 W  Vdc   467  Q  52.73  7.392 m3  2.048 kWh  3.61 L/Wh
  14:12:04  ON      46.1 Hz  P  14359 W  Vdc   468  Q  52.67  7.439 m3  2.061 kWh  3.61 L/Wh
  14:12:07  ON      46.5 Hz  P  14461 W  Vdc   466  Q  52.62  7.485 m3  2.074 kWh  3.61 L/Wh
  14:12:10  ON      46.1 Hz  P  14307 W  Vdc   469  Q  52.62  7.532 m3  2.086 kWh  3.61 L/Wh
  14:12:13  ON      46.1 Hz  P  14122 W  Vdc   471  Q  52.73  7.579 m3  2.099 kWh  3.61 L/Wh
  14:12:16  ON      46.5 Hz  P  14371 W  Vdc   467  Q  52.87  7.626 m3  2.112 kWh  3.61 L/Wh
  14:12:20  ON      46.1 Hz  P  14275 W  Vdc   469  Q  52.92  7.673 m3  2.124 kWh  3.61 L/Wh
  14:12:23  ON      46.1 Hz  P  14312 W  Vdc   468  Q  52.84  7.720 m3  2.137 kWh  3.61 L/Wh
  14:12:26  ON      46.1 Hz  P  14111 W  Vdc   471  Q  52.82  7.767 m3  2.150 kWh  3.61 L/Wh
  14:12:29  ON      46.1 Hz  P  14227 W  Vdc   469  Q  52.80  7.814 m3  2.162 kWh  3.61 L/Wh
  14:12:32  ON      46.5 Hz  P  14525 W  Vdc   464  Q  52.77  7.861 m3  2.175 kWh  3.61 L/Wh
  14:12:36  ON      46.1 Hz  P  14114 W  Vdc   470  Q  52.73  7.908 m3  2.188 kWh  3.61 L/Wh
  14:12:39  ON      46.5 Hz  P  14348 W  Vdc   467  Q  52.69  7.954 m3  2.200 kWh  3.62 L/Wh
  14:12:42  ON      46.5 Hz  P  14463 W  Vdc   466  Q  52.75  8.001 m3  2.213 kWh  3.62 L/Wh
  14:12:45  ON      46.1 Hz  P  14156 W  Vdc   470  Q  52.81  8.048 m3  2.226 kWh  3.62 L/Wh
  14:12:48  ON      46.1 Hz  P  14113 W  Vdc   471  Q  52.81  8.095 m3  2.238 kWh  3.62 L/Wh
  14:12:52  ON      45.7 Hz  P  14083 W  Vdc   471  Q  52.80  8.142 m3  2.251 kWh  3.62 L/Wh
  14:12:55  ON      46.5 Hz  P  14553 W  Vdc   464  Q  52.74  8.189 m3  2.264 kWh  3.62 L/Wh
  14:12:58  ON      46.1 Hz  P  14312 W  Vdc   468  Q  52.78  8.236 m3  2.276 kWh  3.62 L/Wh
  14:13:01  ON      46.1 Hz  P  14345 W  Vdc   468  Q  52.83  8.283 m3  2.289 kWh  3.62 L/Wh
  14:13:04  ON      46.5 Hz  P  14457 W  Vdc   466  Q  52.92  8.330 m3  2.302 kWh  3.62 L/Wh
  14:13:08  ON      46.1 Hz  P  14284 W  Vdc   469  Q     --  8.330 m3  2.317 kWh  3.60 L/Wh
  14:13:11  ON      46.5 Hz  P  14392 W  Vdc   467  Q  52.82  8.377 m3  2.330 kWh  3.60 L/Wh
  14:13:14  ON      46.1 Hz  P  14097 W  Vdc   471  Q  52.71  8.423 m3  2.342 kWh  3.60 L/Wh
  14:13:18  ON      46.5 Hz  P  14435 W  Vdc   467  Q  52.68  8.470 m3  2.355 kWh  3.60 L/Wh
  14:13:21  ON      46.5 Hz  P  14395 W  Vdc   467  Q  52.74  8.517 m3  2.368 kWh  3.60 L/Wh
  14:13:24  ON      46.1 Hz  P  14112 W  Vdc   471  Q  52.79  8.564 m3  2.380 kWh  3.60 L/Wh
  14:13:27  ON      46.5 Hz  P  14422 W  Vdc   466  Q  52.79  8.611 m3  2.393 kWh  3.60 L/Wh
  14:13:30  ON      46.1 Hz  P  14268 W  Vdc   469  Q  52.69  8.658 m3  2.406 kWh  3.60 L/Wh
  14:13:34  ON      46.1 Hz  P  14296 W  Vdc   468  Q  52.63  8.704 m3  2.419 kWh  3.60 L/Wh
  14:13:37  ON      46.1 Hz  P  14328 W  Vdc   468  Q  52.56  8.751 m3  2.431 kWh  3.60 L/Wh
  14:13:40  ON      46.1 Hz  P  14187 W  Vdc   470  Q  52.54  8.798 m3  2.444 kWh  3.60 L/Wh
  14:13:43  ON      46.1 Hz  P  14309 W  Vdc   469  Q  52.53  8.845 m3  2.457 kWh  3.60 L/Wh
  14:13:46  ON      46.1 Hz  P  14128 W  Vdc   471  Q  52.59  8.891 m3  2.469 kWh  3.60 L/Wh
  14:13:50  ON      46.1 Hz  P  14101 W  Vdc   471  Q  52.65  8.938 m3  2.482 kWh  3.60 L/Wh
  14:13:53  ON      46.1 Hz  P  14282 W  Vdc   469  Q  52.72  8.985 m3  2.494 kWh  3.60 L/Wh
  14:13:56  ON      46.5 Hz  P  14586 W  Vdc   464  Q  52.77  9.032 m3  2.507 kWh  3.60 L/Wh
  14:13:59  ON      46.5 Hz  P  14376 W  Vdc   467  Q  52.84  9.079 m3  2.520 kWh  3.60 L/Wh
  14:14:02  ON      46.5 Hz  P  14462 W  Vdc   466  Q  52.88  9.126 m3  2.533 kWh  3.60 L/Wh
  14:14:06  ON      46.5 Hz  P  14574 W  Vdc   464  Q  52.92  9.173 m3  2.546 kWh  3.60 L/Wh
  14:14:09  ON      45.7 Hz  P  14057 W  Vdc   472  Q  52.91  9.220 m3  2.558 kWh  3.60 L/Wh
  14:14:12  ON      46.1 Hz  P  14357 W  Vdc   468  Q  52.76  9.266 m3  2.571 kWh  3.60 L/Wh
  14:14:15  ON      46.1 Hz  P  14272 W  Vdc   469  Q  52.50  9.313 m3  2.584 kWh  3.60 L/Wh
  14:14:18  ON      46.1 Hz  P  14298 W  Vdc   469  Q  52.32  9.360 m3  2.597 kWh  3.60 L/Wh
  14:14:22  ON      45.7 Hz  P  14067 W  Vdc   472  Q  52.38  9.406 m3  2.609 kWh  3.61 L/Wh
  14:14:25  ON      46.1 Hz  P  14105 W  Vdc   471  Q  52.49  9.453 m3  2.622 kWh  3.61 L/Wh
  14:14:28  ON      46.5 Hz  P  14514 W  Vdc   464  Q  52.48  9.499 m3  2.634 kWh  3.61 L/Wh
  14:14:31  ON      46.5 Hz  P  14376 W  Vdc   467  Q  52.40  9.546 m3  2.647 kWh  3.61 L/Wh
  14:14:34  ON      46.1 Hz  P  14326 W  Vdc   467  Q  52.30  9.592 m3  2.660 kWh  3.61 L/Wh
  14:14:38  ON      46.1 Hz  P  14180 W  Vdc   470  Q  52.37  9.639 m3  2.673 kWh  3.61 L/Wh
  14:14:41  ON      46.5 Hz  P  14414 W  Vdc   466  Q  52.46  9.685 m3  2.685 kWh  3.61 L/Wh
  14:14:44  ON      46.1 Hz  P  14128 W  Vdc   470  Q  52.53  9.732 m3  2.698 kWh  3.61 L/Wh
  14:14:47  ON      46.1 Hz  P  14098 W  Vdc   471  Q  52.51  9.779 m3  2.710 kWh  3.61 L/Wh
  14:14:50  ON      46.1 Hz  P  14177 W  Vdc   470  Q  52.53  9.825 m3  2.723 kWh  3.61 L/Wh
  14:14:54  ON      46.1 Hz  P  14304 W  Vdc   468  Q  52.69  9.872 m3  2.736 kWh  3.61 L/Wh
  14:14:57  ON      46.5 Hz  P  14380 W  Vdc   467  Q  52.85  9.919 m3  2.748 kWh  3.61 L/Wh
  14:15:00  ON      45.7 Hz  P  14086 W  Vdc   471  Q  52.90  9.966 m3  2.761 kWh  3.61 L/Wh
  14:15:03  ON      46.5 Hz  P  14413 W  Vdc   466  Q  52.71  10.013 m3  2.774 kWh  3.61 L/Wh
  14:15:06  ON      46.1 Hz  P  14304 W  Vdc   468  Q  52.48  10.059 m3  2.787 kWh  3.61 L/Wh
  14:15:10  ON      46.1 Hz  P  14093 W  Vdc   471  Q  52.25  10.106 m3  2.799 kWh  3.61 L/Wh
  14:15:13  ON      45.7 Hz  P  13958 W  Vdc   473  Q  52.21  10.152 m3  2.811 kWh  3.61 L/Wh
  14:15:16  ON      46.5 Hz  P  14555 W  Vdc   463  Q  52.25  10.199 m3  2.824 kWh  3.61 L/Wh
  14:15:19  ON      46.1 Hz  P  14099 W  Vdc   471  Q  52.30  10.245 m3  2.837 kWh  3.61 L/Wh
  14:15:22  ON      46.1 Hz  P  14088 W  Vdc   471  Q  52.32  10.292 m3  2.849 kWh  3.61 L/Wh
  14:15:26  ON      46.1 Hz  P  14233 W  Vdc   468  Q  52.37  10.338 m3  2.862 kWh  3.61 L/Wh
  14:15:29  ON      46.1 Hz  P  14275 W  Vdc   468  Q  52.46  10.385 m3  2.875 kWh  3.61 L/Wh
  14:15:32  ON      45.7 Hz  P  13817 W  Vdc   474  Q  52.51  10.431 m3  2.887 kWh  3.61 L/Wh
  14:15:35  ON      46.1 Hz  P  14314 W  Vdc   467  Q  52.42  10.478 m3  2.900 kWh  3.61 L/Wh
  14:15:38  ON      46.1 Hz  P  14158 W  Vdc   470  Q  52.32  10.524 m3  2.912 kWh  3.61 L/Wh
  14:15:42  ON      46.1 Hz  P  14312 W  Vdc   468  Q  52.18  10.571 m3  2.925 kWh  3.61 L/Wh
  14:15:45  ON      46.1 Hz  P  14338 W  Vdc   467  Q  52.23  10.617 m3  2.938 kWh  3.61 L/Wh
  14:15:48  ON      46.1 Hz  P  14239 W  Vdc   469  Q  52.29  10.664 m3  2.950 kWh  3.61 L/Wh
  14:15:51  ON      46.1 Hz  P  14142 W  Vdc   470  Q  52.42  10.710 m3  2.963 kWh  3.61 L/Wh
  14:15:54  ON      46.5 Hz  P  14362 W  Vdc   467  Q  52.49  10.757 m3  2.976 kWh  3.61 L/Wh
  14:15:58  ON      46.5 Hz  P  14362 W  Vdc   467  Q  52.54  10.803 m3  2.988 kWh  3.62 L/Wh
  14:16:01  ON      46.5 Hz  P  14421 W  Vdc   466  Q  52.55  10.850 m3  3.001 kWh  3.62 L/Wh
  14:16:04  ON      46.5 Hz  P  14390 W  Vdc   467  Q  52.54  10.897 m3  3.014 kWh  3.62 L/Wh
  14:16:07  ON      45.7 Hz  P  14057 W  Vdc   472  Q  52.57  10.944 m3  3.027 kWh  3.62 L/Wh
  14:16:10  ON      45.7 Hz  P  13960 W  Vdc   473  Q  52.64  10.990 m3  3.039 kWh  3.62 L/Wh
  14:16:14  ON      46.1 Hz  P  14131 W  Vdc   470  Q  52.70  11.037 m3  3.051 kWh  3.62 L/Wh
  14:16:17  ON      46.1 Hz  P  14117 W  Vdc   471  Q  52.71  11.084 m3  3.064 kWh  3.62 L/Wh
  14:16:20  ON      46.1 Hz  P  14089 W  Vdc   471  Q  52.60  11.131 m3  3.077 kWh  3.62 L/Wh
  14:16:23  ON      46.1 Hz  P  14216 W  Vdc   468  Q  52.36  11.177 m3  3.089 kWh  3.62 L/Wh
  14:16:26  ON      46.1 Hz  P  14112 W  Vdc   470  Q  52.21  11.224 m3  3.102 kWh  3.62 L/Wh
  14:16:30  ON      46.1 Hz  P  14286 W  Vdc   467  Q  52.17  11.270 m3  3.114 kWh  3.62 L/Wh
  14:16:33  ON      46.1 Hz  P  14061 W  Vdc   470  Q  52.20  11.316 m3  3.127 kWh  3.62 L/Wh
  14:16:36  ON      46.1 Hz  P  14158 W  Vdc   470  Q  52.23  11.363 m3  3.139 kWh  3.62 L/Wh
  14:16:39  ON      46.1 Hz  P  14116 W  Vdc   470  Q  52.27  11.409 m3  3.152 kWh  3.62 L/Wh
  14:16:42  ON      46.1 Hz  P  14326 W  Vdc   467  Q  52.26  11.456 m3  3.165 kWh  3.62 L/Wh
  14:16:46  ON      46.1 Hz  P  14186 W  Vdc   469  Q  52.27  11.502 m3  3.177 kWh  3.62 L/Wh
  14:16:49  ON      46.1 Hz  P  14141 W  Vdc   470  Q  52.27  11.548 m3  3.190 kWh  3.62 L/Wh
  14:16:52  ON      46.1 Hz  P  14307 W  Vdc   467  Q  52.29  11.595 m3  3.203 kWh  3.62 L/Wh
  14:16:55  ON      46.1 Hz  P  14324 W  Vdc   467  Q  52.21  11.641 m3  3.215 kWh  3.62 L/Wh
  14:16:58  ON      46.5 Hz  P  14414 W  Vdc   465  Q  52.13  11.688 m3  3.228 kWh  3.62 L/Wh
  14:17:02  ON      46.5 Hz  P  14391 W  Vdc   465  Q  52.11  11.734 m3  3.241 kWh  3.62 L/Wh
  14:17:05  ON      45.7 Hz  P  14055 W  Vdc   471  Q  52.16  11.780 m3  3.253 kWh  3.62 L/Wh
  14:17:08  ON      45.7 Hz  P  13798 W  Vdc   474  Q  52.19  11.827 m3  3.266 kWh  3.62 L/Wh
  14:17:11  ON      46.1 Hz  P  14147 W  Vdc   469  Q  52.22  11.873 m3  3.278 kWh  3.62 L/Wh
  14:17:14  ON      46.1 Hz  P  14115 W  Vdc   470  Q  52.21  11.919 m3  3.291 kWh  3.62 L/Wh
  14:17:18  ON      45.7 Hz  P  14053 W  Vdc   471  Q  52.27  11.966 m3  3.303 kWh  3.62 L/Wh
  14:17:21  ON      46.1 Hz  P  14205 W  Vdc   468  Q  52.39  12.012 m3  3.316 kWh  3.62 L/Wh
  14:17:24  ON      46.1 Hz  P  14241 W  Vdc   467  Q  52.47  12.059 m3  3.329 kWh  3.62 L/Wh
  14:17:27  ON      45.7 Hz  P  14014 W  Vdc   470  Q  52.41  12.105 m3  3.341 kWh  3.62 L/Wh
  14:17:30  ON      45.7 Hz  P  14027 W  Vdc   470  Q  52.27  12.152 m3  3.353 kWh  3.62 L/Wh
  14:17:34  ON      45.7 Hz  P  13977 W  Vdc   471  Q  52.11  12.198 m3  3.366 kWh  3.62 L/Wh
  14:17:37  ON      46.1 Hz  P  14133 W  Vdc   469  Q  52.12  12.244 m3  3.378 kWh  3.62 L/Wh
  14:17:40  ON      45.3 Hz  P  13799 W  Vdc   473  Q  52.19  12.291 m3  3.391 kWh  3.62 L/Wh
  14:17:43  ON      46.1 Hz  P  14089 W  Vdc   470  Q  52.26  12.337 m3  3.403 kWh  3.63 L/Wh
  14:17:46  ON      46.1 Hz  P  14270 W  Vdc   467  Q  52.24  12.383 m3  3.416 kWh  3.63 L/Wh
  14:17:49  ON      46.1 Hz  P  14300 W  Vdc   466  Q  52.19  12.430 m3  3.428 kWh  3.63 L/Wh
  14:17:53  ON      45.7 Hz  P  14056 W  Vdc   470  Q  52.17  12.476 m3  3.441 kWh  3.63 L/Wh
  14:17:56  ON      46.1 Hz  P  14165 W  Vdc   469  Q  52.17  12.522 m3  3.454 kWh  3.63 L/Wh
  14:17:59  ON      45.7 Hz  P  14004 W  Vdc   471  Q  52.23  12.569 m3  3.466 kWh  3.63 L/Wh
  14:18:02  ON      45.7 Hz  P  14036 W  Vdc   471  Q  52.30  12.615 m3  3.478 kWh  3.63 L/Wh
  14:18:05  ON      46.1 Hz  P  14320 W  Vdc   466  Q  52.35  12.662 m3  3.491 kWh  3.63 L/Wh
  14:18:09  ON      45.7 Hz  P  14002 W  Vdc   471  Q  52.37  12.708 m3  3.504 kWh  3.63 L/Wh
  14:18:12  ON      45.3 Hz  P  13571 W  Vdc   476  Q  52.36  12.755 m3  3.516 kWh  3.63 L/Wh
  14:18:15  ON      46.1 Hz  P  14308 W  Vdc   466  Q  52.27  12.801 m3  3.528 kWh  3.63 L/Wh
  14:18:18  ON      46.1 Hz  P  14313 W  Vdc   466  Q  52.28  12.848 m3  3.541 kWh  3.63 L/Wh
  14:18:21  ON      45.7 Hz  P  13872 W  Vdc   472  Q  52.26  12.894 m3  3.553 kWh  3.63 L/Wh
  14:18:25  ON      45.7 Hz  P  13997 W  Vdc   470  Q  52.28  12.941 m3  3.566 kWh  3.63 L/Wh
  14:18:28  ON      46.1 Hz  P  14049 W  Vdc   469  Q  52.15  12.987 m3  3.578 kWh  3.63 L/Wh
  14:18:31  ON      46.1 Hz  P  14156 W  Vdc   468  Q  51.97  13.033 m3  3.591 kWh  3.63 L/Wh
  14:18:34  ON      46.1 Hz  P  14118 W  Vdc   469  Q  51.90  13.079 m3  3.603 kWh  3.63 L/Wh
  14:18:37  ON      46.1 Hz  P  14104 W  Vdc   469  Q  51.92  13.125 m3  3.616 kWh  3.63 L/Wh
  14:18:41  ON      45.7 Hz  P  14064 W  Vdc   470  Q  52.07  13.172 m3  3.628 kWh  3.63 L/Wh
  14:18:44  ON      45.7 Hz  P  13876 W  Vdc   472  Q  52.13  13.218 m3  3.641 kWh  3.63 L/Wh
  14:18:47  ON      46.1 Hz  P  14113 W  Vdc   469  Q  52.18  13.264 m3  3.653 kWh  3.63 L/Wh
  14:18:50  ON      45.3 Hz  P  13771 W  Vdc   474  Q  52.22  13.311 m3  3.666 kWh  3.63 L/Wh
  14:18:53  ON      46.1 Hz  P  14167 W  Vdc   468  Q  52.17  13.357 m3  3.678 kWh  3.63 L/Wh
  14:18:57  ON      46.1 Hz  P  14124 W  Vdc   468  Q  52.07  13.403 m3  3.691 kWh  3.63 L/Wh
  14:19:00  ON      46.1 Hz  P  14074 W  Vdc   466  Q  51.93  13.449 m3  3.703 kWh  3.63 L/Wh
  14:19:03  ON      45.7 Hz  P  13795 W  Vdc   473  Q  51.99  13.496 m3  3.715 kWh  3.63 L/Wh
  14:19:06  ON      45.7 Hz  P  13951 W  Vdc   471  Q  52.14  13.542 m3  3.728 kWh  3.63 L/Wh
  14:19:09  ON      45.7 Hz  P  13847 W  Vdc   472  Q  52.28  13.588 m3  3.740 kWh  3.63 L/Wh
  14:19:13  ON      46.1 Hz  P  14080 W  Vdc   469  Q  52.35  13.635 m3  3.753 kWh  3.63 L/Wh
  14:19:16  ON      45.7 Hz  P  13801 W  Vdc   472  Q  52.34  13.681 m3  3.765 kWh  3.63 L/Wh
  14:19:19  ON      45.7 Hz  P  13861 W  Vdc   471  Q  52.37  13.728 m3  3.777 kWh  3.63 L/Wh
  14:19:22  ON      46.1 Hz  P  14070 W  Vdc   468  Q  52.27  13.774 m3  3.790 kWh  3.63 L/Wh
  14:19:25  ON      45.7 Hz  P  14007 W  Vdc   469  Q  52.16  13.821 m3  3.802 kWh  3.63 L/Wh
  14:19:29  ON      46.1 Hz  P  14161 W  Vdc   466  Q  51.98  13.867 m3  3.815 kWh  3.64 L/Wh
  14:19:32  ON      46.1 Hz  P  14113 W  Vdc   467  Q  51.92  13.913 m3  3.827 kWh  3.64 L/Wh
  14:19:35  ON      45.7 Hz  P  14016 W  Vdc   469  Q  51.93  13.959 m3  3.840 kWh  3.64 L/Wh
  14:19:38  ON      45.7 Hz  P  13803 W  Vdc   472  Q  51.95  14.005 m3  3.852 kWh  3.64 L/Wh
  14:19:41  ON      45.7 Hz  P  13950 W  Vdc   470  Q  51.88  14.051 m3  3.864 kWh  3.64 L/Wh
  14:19:45  ON      45.7 Hz  P  13988 W  Vdc   469  Q  51.76  14.097 m3  3.877 kWh  3.64 L/Wh
  14:19:48  ON      45.3 Hz  P  13741 W  Vdc   472  Q  51.65  14.143 m3  3.889 kWh  3.64 L/Wh
  14:19:51  ON      45.3 Hz  P  13784 W  Vdc   472  Q  51.63  14.189 m3  3.901 kWh  3.64 L/Wh
  14:19:54  ON      45.3 Hz  P  13687 W  Vdc   473  Q  51.64  14.235 m3  3.913 kWh  3.64 L/Wh
  14:19:57  ON      46.1 Hz  P  14077 W  Vdc   467  Q  51.65  14.281 m3  3.926 kWh  3.64 L/Wh
  14:20:01  ON      46.1 Hz  P  14041 W  Vdc   468  Q  51.69  14.327 m3  3.938 kWh  3.64 L/Wh
  14:20:04  ON      45.3 Hz  P  13665 W  Vdc   473  Q  51.71  14.373 m3  3.951 kWh  3.64 L/Wh
  14:20:07  ON      45.7 Hz  P  13830 W  Vdc   471  Q  51.67  14.418 m3  3.963 kWh  3.64 L/Wh
  14:20:10  ON      45.7 Hz  P  14009 W  Vdc   468  Q  51.57  14.464 m3  3.975 kWh  3.64 L/Wh
  14:20:13  ON      46.1 Hz  P  14041 W  Vdc   468  Q  51.50  14.510 m3  3.988 kWh  3.64 L/Wh
  14:20:17  ON      45.7 Hz  P  13854 W  Vdc   470  Q  51.53  14.556 m3  4.000 kWh  3.64 L/Wh
  14:20:20  ON      45.7 Hz  P  13814 W  Vdc   471  Q  51.59  14.602 m3  4.012 kWh  3.64 L/Wh
  14:20:23  ON      45.7 Hz  P  13758 W  Vdc   471  Q  51.66  14.648 m3  4.025 kWh  3.64 L/Wh
  14:20:26  ON      45.7 Hz  P  13939 W  Vdc   469  Q  51.77  14.694 m3  4.037 kWh  3.64 L/Wh
  14:20:29  ON      46.1 Hz  P  14122 W  Vdc   466  Q  51.92  14.740 m3  4.049 kWh  3.64 L/Wh
  14:20:33  ON      45.7 Hz  P  14003 W  Vdc   468  Q  51.98  14.786 m3  4.062 kWh  3.64 L/Wh
  14:20:36  ON      45.7 Hz  P  14038 W  Vdc   468  Q  51.93  14.832 m3  4.074 kWh  3.64 L/Wh
  14:20:39  ON      45.7 Hz  P  13930 W  Vdc   470  Q  51.86  14.878 m3  4.087 kWh  3.64 L/Wh
  14:20:42  ON      45.7 Hz  P  13977 W  Vdc   469  Q  51.75  14.924 m3  4.099 kWh  3.64 L/Wh
  14:20:45  ON      46.1 Hz  P  14071 W  Vdc   467  Q  51.64  14.970 m3  4.112 kWh  3.64 L/Wh
  14:20:49  ON      45.7 Hz  P  14038 W  Vdc   468  Q  51.68  15.016 m3  4.124 kWh  3.64 L/Wh
  14:20:52  ON      44.9 Hz  P  13410 W  Vdc   476  Q  51.78  15.062 m3  4.136 kWh  3.64 L/Wh
  14:20:55  ON      45.7 Hz  P  13998 W  Vdc   468  Q  51.77  15.108 m3  4.149 kWh  3.64 L/Wh
  14:20:58  ON      45.7 Hz  P  14000 W  Vdc   468  Q  51.74  15.154 m3  4.161 kWh  3.64 L/Wh
  14:21:01  ON      45.3 Hz  P  13601 W  Vdc   473  Q  51.79  15.200 m3  4.173 kWh  3.64 L/Wh
  14:21:05  ON      45.7 Hz  P  13950 W  Vdc   468  Q  51.88  15.246 m3  4.185 kWh  3.64 L/Wh
  14:21:08  ON      45.3 Hz  P  13715 W  Vdc   471  Q  51.87  15.292 m3  4.198 kWh  3.64 L/Wh
  14:21:11  ON      45.7 Hz  P  14014 W  Vdc   466  Q  51.73  15.338 m3  4.210 kWh  3.64 L/Wh
  14:21:14  ON      45.3 Hz  P  13637 W  Vdc   471  Q  51.68  15.384 m3  4.222 kWh  3.64 L/Wh
  14:21:17  ON      45.7 Hz  P  13787 W  Vdc   469  Q  51.70  15.430 m3  4.234 kWh  3.64 L/Wh
  14:21:21  ON      45.3 Hz  P  13720 W  Vdc   470  Q  51.68  15.476 m3  4.247 kWh  3.64 L/Wh
  14:21:24  ON      45.7 Hz  P  13754 W  Vdc   469  Q  51.52  15.521 m3  4.259 kWh  3.64 L/Wh
  14:21:27  ON      45.7 Hz  P  13848 W  Vdc   468  Q  51.39  15.567 m3  4.271 kWh  3.64 L/Wh
  14:21:30  ON      45.3 Hz  P  13693 W  Vdc   470  Q  51.38  15.613 m3  4.283 kWh  3.65 L/Wh
  14:21:33  ON      45.3 Hz  P  13738 W  Vdc   470  Q  51.45  15.658 m3  4.295 kWh  3.65 L/Wh
  14:21:37  ON      45.7 Hz  P  13914 W  Vdc   467  Q  51.35  15.704 m3  4.308 kWh  3.65 L/Wh
  14:21:40  ON      45.3 Hz  P  13688 W  Vdc   470  Q  51.22  15.749 m3  4.320 kWh  3.65 L/Wh
  14:21:43  ON      45.7 Hz  P  13989 W  Vdc   465  Q  51.18  15.795 m3  4.332 kWh  3.65 L/Wh
  14:21:46  ON      45.7 Hz  P  13754 W  Vdc   469  Q  51.22  15.840 m3  4.345 kWh  3.65 L/Wh
  14:21:49  ON      45.7 Hz  P  13834 W  Vdc   468  Q  51.20  15.886 m3  4.357 kWh  3.65 L/Wh
  14:21:53  ON      46.1 Hz  P  14067 W  Vdc   463  Q  51.14  15.931 m3  4.369 kWh  3.65 L/Wh
  14:21:56  ON      45.7 Hz  P  13775 W  Vdc   469  Q  51.11  15.977 m3  4.382 kWh  3.65 L/Wh
  14:21:59  ON      45.3 Hz  P  13475 W  Vdc   473  Q  51.12  16.022 m3  4.394 kWh  3.65 L/Wh
  14:22:02  ON      45.3 Hz  P  13567 W  Vdc   472  Q  51.15  16.067 m3  4.406 kWh  3.65 L/Wh
  14:22:05  ON      45.3 Hz  P  13522 W  Vdc   472  Q  51.21  16.113 m3  4.418 kWh  3.65 L/Wh
  14:22:09  ON      46.1 Hz  P  14029 W  Vdc   464  Q  51.23  16.158 m3  4.430 kWh  3.65 L/Wh
  14:22:12  ON      45.7 Hz  P  13828 W  Vdc   467  Q  51.21  16.204 m3  4.442 kWh  3.65 L/Wh
  14:22:15  ON      45.7 Hz  P  13903 W  Vdc   466  Q  51.13  16.250 m3  4.455 kWh  3.65 L/Wh
  14:22:18  ON      45.3 Hz  P  13682 W  Vdc   469  Q  51.13  16.295 m3  4.467 kWh  3.65 L/Wh
  14:22:21  ON      45.7 Hz  P  13735 W  Vdc   468  Q  51.23  16.340 m3  4.479 kWh  3.65 L/Wh
  14:22:25  ON      45.7 Hz  P  13927 W  Vdc   466  Q  51.34  16.386 m3  4.492 kWh  3.65 L/Wh
  14:22:28  ON      45.3 Hz  P  13694 W  Vdc   470  Q  51.42  16.432 m3  4.504 kWh  3.65 L/Wh
  14:22:31  ON      45.3 Hz  P  13732 W  Vdc   469  Q  51.45  16.477 m3  4.516 kWh  3.65 L/Wh
  14:22:34  ON      45.3 Hz  P  13482 W  Vdc   473  Q  51.54  16.523 m3  4.528 kWh  3.65 L/Wh
  14:22:37  ON      45.7 Hz  P  13834 W  Vdc   468  Q  51.53  16.569 m3  4.540 kWh  3.65 L/Wh
  14:22:40  ON      45.3 Hz  P  13706 W  Vdc   470  Q  51.50  16.615 m3  4.552 kWh  3.65 L/Wh
  14:22:44  ON      44.9 Hz  P  13449 W  Vdc   473  Q  51.37  16.660 m3  4.564 kWh  3.65 L/Wh
  14:22:47  ON      45.7 Hz  P  13839 W  Vdc   468  Q  51.38  16.706 m3  4.577 kWh  3.65 L/Wh
  14:22:50  ON      45.3 Hz  P  13680 W  Vdc   470  Q  51.45  16.752 m3  4.589 kWh  3.65 L/Wh
  14:22:53  ON      45.3 Hz  P  13711 W  Vdc   470  Q  51.52  16.798 m3  4.601 kWh  3.65 L/Wh
  14:22:56  ON      45.3 Hz  P  13492 W  Vdc   473  Q  51.46  16.843 m3  4.613 kWh  3.65 L/Wh
  14:23:00  ON      45.3 Hz  P  13572 W  Vdc   472  Q  51.31  16.889 m3  4.625 kWh  3.65 L/Wh
  14:23:03  ON      45.7 Hz  P  13952 W  Vdc   466  Q  51.15  16.934 m3  4.637 kWh  3.65 L/Wh
  14:23:06  ON      45.7 Hz  P  13771 W  Vdc   469  Q  51.18  16.980 m3  4.650 kWh  3.65 L/Wh
  14:23:09  ON      45.3 Hz  P  13739 W  Vdc   469  Q  51.36  17.025 m3  4.662 kWh  3.65 L/Wh
  14:23:12  ON      45.3 Hz  P  13543 W  Vdc   472  Q  51.59  17.071 m3  4.674 kWh  3.65 L/Wh
  14:23:16  ON      45.3 Hz  P  13692 W  Vdc   470  Q  51.62  17.117 m3  4.686 kWh  3.65 L/Wh
  14:23:19  ON      45.7 Hz  P  13734 W  Vdc   469  Q  51.53  17.163 m3  4.698 kWh  3.65 L/Wh
  14:23:22  ON      45.7 Hz  P  13846 W  Vdc   468  Q  51.43  17.209 m3  4.710 kWh  3.65 L/Wh
  14:23:25  ON      45.3 Hz  P  13683 W  Vdc   470  Q  51.44  17.254 m3  4.723 kWh  3.65 L/Wh
  14:23:28  ON      45.7 Hz  P  13780 W  Vdc   469  Q  51.44  17.300 m3  4.735 kWh  3.65 L/Wh
  14:23:32  ON      45.3 Hz  P  13486 W  Vdc   473  Q  51.45  17.346 m3  4.747 kWh  3.65 L/Wh
  14:23:35  ON      45.7 Hz  P  13826 W  Vdc   468  Q  51.35  17.391 m3  4.759 kWh  3.65 L/Wh
  14:23:38  ON      45.7 Hz  P  13784 W  Vdc   468  Q  51.23  17.437 m3  4.771 kWh  3.65 L/Wh
  14:23:41  ON      44.9 Hz  P  13445 W  Vdc   473  Q  51.14  17.482 m3  4.783 kWh  3.65 L/Wh
  14:23:44  ON      45.7 Hz  P  13841 W  Vdc   467  Q  51.15  17.528 m3  4.796 kWh  3.65 L/Wh
  14:23:48  ON      44.5 Hz  P  13023 W  Vdc   478  Q  51.14  17.573 m3  4.807 kWh  3.66 L/Wh
  14:23:51  ON      45.3 Hz  P  13703 W  Vdc   470  Q  51.07  17.618 m3  4.819 kWh  3.66 L/Wh
  14:23:54  ON      45.3 Hz  P  13724 W  Vdc   469  Q  51.06  17.664 m3  4.832 kWh  3.66 L/Wh
  14:23:57  ON      45.3 Hz  P  13646 W  Vdc   470  Q  51.11  17.709 m3  4.844 kWh  3.66 L/Wh
  14:24:00  ON      45.3 Hz  P  13686 W  Vdc   470  Q  51.24  17.755 m3  4.856 kWh  3.66 L/Wh
  14:24:04  ON      45.3 Hz  P  13500 W  Vdc   473  Q  51.29  17.800 m3  4.868 kWh  3.66 L/Wh
  14:24:07  ON      45.7 Hz  P  13993 W  Vdc   464  Q  51.40  17.846 m3  4.880 kWh  3.66 L/Wh
  14:24:10  ON      44.9 Hz  P  13381 W  Vdc   474  Q  51.47  17.892 m3  4.892 kWh  3.66 L/Wh
  14:24:13  ON      44.9 Hz  P  13386 W  Vdc   473  Q  51.49  17.937 m3  4.904 kWh  3.66 L/Wh
  14:24:16  ON      45.7 Hz  P  13734 W  Vdc   468  Q  51.37  17.983 m3  4.916 kWh  3.66 L/Wh
  14:24:20  ON      45.7 Hz  P  13920 W  Vdc   466  Q  51.28  18.029 m3  4.929 kWh  3.66 L/Wh
  14:24:23  ON      45.7 Hz  P  13823 W  Vdc   467  Q  51.26  18.074 m3  4.941 kWh  3.66 L/Wh
  14:24:26  ON      45.3 Hz  P  13711 W  Vdc   469  Q  51.29  18.120 m3  4.953 kWh  3.66 L/Wh
  14:24:30  ON      45.3 Hz  P  13724 W  Vdc   469  Q     --  18.120 m3  4.967 kWh  3.65 L/Wh
  14:24:33  ON      45.3 Hz  P  13637 W  Vdc   470  Q  51.08  18.165 m3  4.979 kWh  3.65 L/Wh
  14:24:36  ON      45.7 Hz  P  13788 W  Vdc   468  Q  51.05  18.210 m3  4.992 kWh  3.65 L/Wh
  14:24:39  ON      45.7 Hz  P  13750 W  Vdc   468  Q  51.12  18.256 m3  5.004 kWh  3.65 L/Wh
  14:24:43  ON      45.7 Hz  P  13755 W  Vdc   468  Q  51.13  18.301 m3  5.016 kWh  3.65 L/Wh
  14:24:46  ON      44.5 Hz  P  13118 W  Vdc   477  Q  51.11  18.347 m3  5.028 kWh  3.65 L/Wh
  14:24:49  ON      45.3 Hz  P  13700 W  Vdc   469  Q  51.04  18.392 m3  5.040 kWh  3.65 L/Wh
  14:24:52  ON      45.7 Hz  P  13745 W  Vdc   469  Q  51.11  18.437 m3  5.052 kWh  3.65 L/Wh
  14:24:55  ON      45.7 Hz  P  13919 W  Vdc   466  Q  51.19  18.483 m3  5.065 kWh  3.65 L/Wh
  14:24:59  ON      45.3 Hz  P  13683 W  Vdc   470  Q  51.26  18.528 m3  5.077 kWh  3.65 L/Wh
  14:25:02  ON      45.3 Hz  P  13507 W  Vdc   472  Q  51.18  18.574 m3  5.089 kWh  3.65 L/Wh
  14:25:05  ON      45.3 Hz  P  13736 W  Vdc   469  Q  51.17  18.619 m3  5.101 kWh  3.65 L/Wh
  14:25:08  ON      45.7 Hz  P  13899 W  Vdc   465  Q  51.19  18.665 m3  5.113 kWh  3.65 L/Wh
  14:25:11  ON      45.3 Hz  P  13502 W  Vdc   471  Q  51.31  18.710 m3  5.125 kWh  3.65 L/Wh
  14:25:15  ON      44.9 Hz  P  13434 W  Vdc   472  Q  51.32  18.756 m3  5.137 kWh  3.65 L/Wh
  14:25:18  ON      45.3 Hz  P  13464 W  Vdc   472  Q  51.32  18.801 m3  5.149 kWh  3.65 L/Wh
  14:25:21  ON      45.7 Hz  P  13803 W  Vdc   467  Q  51.20  18.847 m3  5.161 kWh  3.65 L/Wh
  14:25:24  ON      45.3 Hz  P  13698 W  Vdc   469  Q  51.08  18.892 m3  5.174 kWh  3.65 L/Wh
  14:25:27  ON      45.7 Hz  P  13754 W  Vdc   468  Q  50.95  18.938 m3  5.186 kWh  3.65 L/Wh
  14:25:31  ON      45.3 Hz  P  13566 W  Vdc   471  Q  50.81  18.983 m3  5.198 kWh  3.65 L/Wh
  14:25:34  ON      45.3 Hz  P  13674 W  Vdc   469  Q  50.76  19.028 m3  5.210 kWh  3.65 L/Wh
  14:25:37  ON      45.3 Hz  P  13497 W  Vdc   472  Q  50.83  19.073 m3  5.222 kWh  3.65 L/Wh
  14:25:40  ON      45.3 Hz  P  13474 W  Vdc   472  Q  50.99  19.118 m3  5.234 kWh  3.65 L/Wh
  14:25:43  ON      45.3 Hz  P  13643 W  Vdc   470  Q  51.03  19.164 m3  5.246 kWh  3.65 L/Wh
  14:25:47  ON      45.3 Hz  P  13692 W  Vdc   469  Q  51.10  19.209 m3  5.258 kWh  3.65 L/Wh
  14:25:50  ON      45.3 Hz  P  13711 W  Vdc   468  Q  51.21  19.255 m3  5.270 kWh  3.65 L/Wh
  14:25:53  ON      44.9 Hz  P  13313 W  Vdc   474  Q  51.19  19.300 m3  5.282 kWh  3.65 L/Wh
  14:25:56  ON      45.3 Hz  P  13663 W  Vdc   469  Q  51.04  19.345 m3  5.294 kWh  3.65 L/Wh
  14:25:59  ON      45.3 Hz  P  13695 W  Vdc   469  Q  50.85  19.391 m3  5.307 kWh  3.65 L/Wh
  14:26:03  ON      44.9 Hz  P  13469 W  Vdc   472  Q  50.77  19.436 m3  5.319 kWh  3.65 L/Wh
  14:26:06  ON      45.3 Hz  P  13569 W  Vdc   470  Q  50.78  19.481 m3  5.331 kWh  3.65 L/Wh
  14:26:09  ON      44.9 Hz  P  13389 W  Vdc   473  Q  50.84  19.526 m3  5.342 kWh  3.65 L/Wh
  14:26:12  ON      44.9 Hz  P  13228 W  Vdc   475  Q  50.96  19.571 m3  5.354 kWh  3.66 L/Wh
  14:26:15  ON      45.3 Hz  P  13464 W  Vdc   471  Q  51.01  19.616 m3  5.366 kWh  3.66 L/Wh
  14:26:19  ON      45.7 Hz  P  13809 W  Vdc   466  Q  51.08  19.662 m3  5.378 kWh  3.66 L/Wh
  14:26:22  ON      44.9 Hz  P  13423 W  Vdc   472  Q  51.04  19.707 m3  5.390 kWh  3.66 L/Wh
  14:26:25  ON      45.3 Hz  P  13498 W  Vdc   471  Q  50.91  19.752 m3  5.402 kWh  3.66 L/Wh
  14:26:28  ON      45.3 Hz  P  13624 W  Vdc   469  Q  50.82  19.798 m3  5.414 kWh  3.66 L/Wh
  14:26:31  ON      45.3 Hz  P  13662 W  Vdc   469  Q  50.85  19.843 m3  5.427 kWh  3.66 L/Wh
  14:26:35  ON      45.7 Hz  P  13755 W  Vdc   467  Q  51.04  19.888 m3  5.439 kWh  3.66 L/Wh
  14:26:38  ON      45.3 Hz  P  13718 W  Vdc   468  Q  51.13  19.933 m3  5.451 kWh  3.66 L/Wh
  14:26:41  ON      44.9 Hz  P  13371 W  Vdc   473  Q  51.18  19.979 m3  5.463 kWh  3.66 L/Wh
  14:26:44  ON      44.9 Hz  P  13422 W  Vdc   472  Q  51.07  20.025 m3  5.475 kWh  3.66 L/Wh
  14:26:47  ON      45.3 Hz  P  13490 W  Vdc   471  Q  50.91  20.070 m3  5.487 kWh  3.66 L/Wh
  14:26:51  ON      44.9 Hz  P  13195 W  Vdc   475  Q  50.79  20.115 m3  5.499 kWh  3.66 L/Wh
  14:26:54  ON      45.3 Hz  P  13644 W  Vdc   469  Q  50.74  20.160 m3  5.511 kWh  3.66 L/Wh
  14:26:57  ON      44.9 Hz  P  13246 W  Vdc   475  Q  50.75  20.205 m3  5.522 kWh  3.66 L/Wh
  14:27:00  ON      45.3 Hz  P  13478 W  Vdc   472  Q  50.71  20.250 m3  5.534 kWh  3.66 L/Wh
  14:27:04  ON      45.3 Hz  P  13604 W  Vdc   469  Q     --  20.250 m3  5.549 kWh  3.65 L/Wh
  14:27:07  ON      45.3 Hz  P  13655 W  Vdc   468  Q  50.65  20.295 m3  5.561 kWh  3.65 L/Wh
  14:27:10  ON      45.3 Hz  P  13464 W  Vdc   471  Q  50.73  20.340 m3  5.573 kWh  3.65 L/Wh
  14:27:13  ON      45.3 Hz  P  13705 W  Vdc   467  Q  50.69  20.385 m3  5.585 kWh  3.65 L/Wh
  14:27:17  ON      44.9 Hz  P  13376 W  Vdc   473  Q  50.67  20.430 m3  5.597 kWh  3.65 L/Wh
  14:27:20  ON      44.9 Hz  P  13423 W  Vdc   472  Q  50.69  20.475 m3  5.609 kWh  3.65 L/Wh
  14:27:23  ON      45.3 Hz  P  13707 W  Vdc   467  Q  50.82  20.520 m3  5.621 kWh  3.65 L/Wh
  14:27:26  ON      45.3 Hz  P  13564 W  Vdc   470  Q  50.93  20.566 m3  5.633 kWh  3.65 L/Wh
  14:27:29  ON      44.9 Hz  P  13379 W  Vdc   472  Q  51.09  20.611 m3  5.645 kWh  3.65 L/Wh
  14:27:33  ON      44.9 Hz  P  13237 W  Vdc   474  Q  51.21  20.656 m3  5.657 kWh  3.65 L/Wh
  14:27:36  ON      45.3 Hz  P  13456 W  Vdc   471  Q  51.15  20.702 m3  5.668 kWh  3.65 L/Wh
  14:27:39  ON      45.3 Hz  P  13637 W  Vdc   468  Q  51.05  20.747 m3  5.681 kWh  3.65 L/Wh
  14:27:42  ON      44.9 Hz  P  13395 W  Vdc   472  Q  51.01  20.792 m3  5.692 kWh  3.65 L/Wh
  14:27:45  ON      44.9 Hz  P  13425 W  Vdc   471  Q  51.08  20.838 m3  5.704 kWh  3.65 L/Wh
  14:27:49  ON      44.9 Hz  P  13194 W  Vdc   474  Q  51.06  20.883 m3  5.716 kWh  3.65 L/Wh
  14:27:52  ON      45.3 Hz  P  13629 W  Vdc   468  Q  51.04  20.929 m3  5.728 kWh  3.65 L/Wh
  14:27:55  ON      44.9 Hz  P  13399 W  Vdc   472  Q  51.07  20.974 m3  5.740 kWh  3.65 L/Wh
  14:27:58  ON      45.3 Hz  P  13699 W  Vdc   466  Q  51.07  21.019 m3  5.752 kWh  3.65 L/Wh
  14:28:01  ON      45.3 Hz  P  13591 W  Vdc   468  Q  51.05  21.065 m3  5.764 kWh  3.65 L/Wh
  14:28:05  ON      44.9 Hz  P  13258 W  Vdc   473  Q  51.00  21.110 m3  5.776 kWh  3.65 L/Wh
  14:28:08  ON      45.3 Hz  P  13442 W  Vdc   470  Q  51.02  21.155 m3  5.788 kWh  3.65 L/Wh
  14:28:11  ON      44.9 Hz  P  13438 W  Vdc   470  Q  50.95  21.201 m3  5.800 kWh  3.66 L/Wh
  14:28:14  ON      44.9 Hz  P  13364 W  Vdc   472  Q  50.95  21.246 m3  5.812 kWh  3.66 L/Wh
  14:28:17  ON      44.9 Hz  P  13242 W  Vdc   473  Q  51.03  21.291 m3  5.824 kWh  3.66 L/Wh
  14:28:21  ON      44.9 Hz  P  13427 W  Vdc   471  Q  51.10  21.337 m3  5.836 kWh  3.66 L/Wh
  14:28:24  ON      44.5 Hz  P  13176 W  Vdc   474  Q  51.06  21.382 m3  5.847 kWh  3.66 L/Wh
  14:28:27  ON      44.9 Hz  P  13368 W  Vdc   472  Q  50.88  21.427 m3  5.859 kWh  3.66 L/Wh
  14:28:30  ON      44.9 Hz  P  13400 W  Vdc   471  Q  50.80  21.472 m3  5.871 kWh  3.66 L/Wh
  14:28:33  ON      45.3 Hz  P  13455 W  Vdc   470  Q  50.83  21.518 m3  5.883 kWh  3.66 L/Wh
  14:28:37  ON      44.9 Hz  P  13280 W  Vdc   472  Q  50.90  21.563 m3  5.895 kWh  3.66 L/Wh
  14:28:40  ON      44.9 Hz  P  13388 W  Vdc   471  Q  50.87  21.608 m3  5.907 kWh  3.66 L/Wh
  14:28:43  ON      44.9 Hz  P  13401 W  Vdc   471  Q  50.81  21.653 m3  5.919 kWh  3.66 L/Wh
  14:28:46  ON      44.9 Hz  P  13183 W  Vdc   474  Q  50.93  21.698 m3  5.930 kWh  3.66 L/Wh
  14:28:49  ON      44.9 Hz  P  13263 W  Vdc   472  Q  50.98  21.744 m3  5.942 kWh  3.66 L/Wh
  14:28:53  ON      44.5 Hz  P  12977 W  Vdc   476  Q  51.00  21.789 m3  5.954 kWh  3.66 L/Wh
  14:28:56  ON      45.3 Hz  P  13470 W  Vdc   469  Q  50.84  21.834 m3  5.966 kWh  3.66 L/Wh
  14:28:59  ON      45.3 Hz  P  13438 W  Vdc   470  Q  50.85  21.879 m3  5.978 kWh  3.66 L/Wh
  14:29:02  ON      44.9 Hz  P  13244 W  Vdc   472  Q  50.82  21.924 m3  5.989 kWh  3.66 L/Wh
  14:29:05  ON      44.9 Hz  P  13373 W  Vdc   470  Q  50.77  21.970 m3  6.001 kWh  3.66 L/Wh
  14:29:09  ON      45.3 Hz  P  13650 W  Vdc   465  Q  50.70  22.015 m3  6.013 kWh  3.66 L/Wh
  14:29:12  ON      45.3 Hz  P  13616 W  Vdc   466  Q  50.62  22.060 m3  6.025 kWh  3.66 L/Wh
  14:29:15  ON      44.9 Hz  P  13381 W  Vdc   470  Q  50.57  22.104 m3  6.037 kWh  3.66 L/Wh
  14:29:18  ON      45.3 Hz  P  13469 W  Vdc   468  Q  50.48  22.149 m3  6.049 kWh  3.66 L/Wh
  14:29:21  ON      44.9 Hz  P  13189 W  Vdc   472  Q  50.39  22.194 m3  6.061 kWh  3.66 L/Wh
  14:29:25  ON      45.3 Hz  P  13519 W  Vdc   467  Q  50.35  22.239 m3  6.073 kWh  3.66 L/Wh
  14:29:28  ON      44.9 Hz  P  13227 W  Vdc   472  Q  50.40  22.284 m3  6.085 kWh  3.66 L/Wh
  14:29:31  ON      44.5 Hz  P  13135 W  Vdc   473  Q  50.51  22.328 m3  6.096 kWh  3.66 L/Wh
  14:29:34  ON      45.3 Hz  P  13531 W  Vdc   467  Q  50.55  22.373 m3  6.109 kWh  3.66 L/Wh
  14:29:37  ON      45.7 Hz  P  13748 W  Vdc   462  Q  50.53  22.418 m3  6.121 kWh  3.66 L/Wh
  14:29:41  ON      44.9 Hz  P  13386 W  Vdc   469  Q  50.60  22.463 m3  6.133 kWh  3.66 L/Wh
  14:29:44  ON      45.3 Hz  P  13436 W  Vdc   468  Q  50.71  22.508 m3  6.145 kWh  3.66 L/Wh
  14:29:47  ON      44.9 Hz  P  13263 W  Vdc   470  Q  50.77  22.553 m3  6.156 kWh  3.66 L/Wh
  14:29:50  ON      45.3 Hz  P  13638 W  Vdc   464  Q  50.57  22.598 m3  6.168 kWh  3.66 L/Wh
  14:29:53  ON      44.5 Hz  P  13129 W  Vdc   472  Q  50.39  22.643 m3  6.180 kWh  3.66 L/Wh
  14:29:57  ON      44.9 Hz  P  13435 W  Vdc   467  Q  50.33  22.688 m3  6.192 kWh  3.66 L/Wh
  14:30:00  ON      44.9 Hz  P  13228 W  Vdc   469  Q  50.41  22.733 m3  6.204 kWh  3.66 L/Wh
  14:30:03  ON      44.9 Hz  P  13195 W  Vdc   470  Q  50.44  22.777 m3  6.216 kWh  3.66 L/Wh
  14:30:06  ON      45.3 Hz  P  13407 W  Vdc   466  Q  50.47  22.822 m3  6.227 kWh  3.66 L/Wh
  14:30:09  ON      44.9 Hz  P  13321 W  Vdc   468  Q  50.52  22.867 m3  6.239 kWh  3.67 L/Wh
  14:30:13  ON      44.5 Hz  P  13082 W  Vdc   472  Q  50.60  22.912 m3  6.251 kWh  3.67 L/Wh
  14:30:16  ON      44.9 Hz  P  13191 W  Vdc   470  Q  50.61  22.957 m3  6.263 kWh  3.67 L/Wh
  14:30:19  ON      45.3 Hz  P  13428 W  Vdc   466  Q  50.58  23.002 m3  6.275 kWh  3.67 L/Wh
  14:30:22  ON      44.9 Hz  P  13239 W  Vdc   469  Q  50.43  23.047 m3  6.286 kWh  3.67 L/Wh
  14:30:25  ON      44.9 Hz  P  13349 W  Vdc   467  Q  50.29  23.091 m3  6.298 kWh  3.67 L/Wh
  14:30:29  ON      44.5 Hz  P  13125 W  Vdc   470  Q  50.22  23.136 m3  6.310 kWh  3.67 L/Wh
  14:30:32  ON      44.9 Hz  P  13144 W  Vdc   470  Q  50.30  23.181 m3  6.321 kWh  3.67 L/Wh
  14:30:35  ON      44.1 Hz  P  12796 W  Vdc   475  Q  50.38  23.225 m3  6.333 kWh  3.67 L/Wh
  14:30:38  ON      44.9 Hz  P  13359 W  Vdc   467  Q  50.38  23.270 m3  6.345 kWh  3.67 L/Wh
  14:30:41  ON      45.3 Hz  P  13419 W  Vdc   465  Q  50.36  23.315 m3  6.357 kWh  3.67 L/Wh
  14:30:45  ON      44.5 Hz  P  12981 W  Vdc   472  Q  50.33  23.360 m3  6.368 kWh  3.67 L/Wh
  14:30:48  ON      44.9 Hz  P  13214 W  Vdc   469  Q  50.20  23.404 m3  6.380 kWh  3.67 L/Wh
  14:30:51  ON      44.5 Hz  P  13112 W  Vdc   470  Q  50.08  23.449 m3  6.392 kWh  3.67 L/Wh
  14:30:54  ON      45.3 Hz  P  13406 W  Vdc   466  Q  50.01  23.493 m3  6.403 kWh  3.67 L/Wh
  14:30:57  ON      44.5 Hz  P  13037 W  Vdc   471  Q  50.14  23.538 m3  6.415 kWh  3.67 L/Wh
  14:31:01  ON      44.5 Hz  P  13073 W  Vdc   470  Q  50.29  23.582 m3  6.427 kWh  3.67 L/Wh
  14:31:04  ON      44.5 Hz  P  13107 W  Vdc   469  Q  50.35  23.627 m3  6.438 kWh  3.67 L/Wh
  14:31:07  ON      45.3 Hz  P  13379 W  Vdc   465  Q  50.19  23.672 m3  6.450 kWh  3.67 L/Wh
  14:31:10  ON      44.9 Hz  P  13218 W  Vdc   468  Q  50.03  23.716 m3  6.462 kWh  3.67 L/Wh
  14:31:13  ON      44.5 Hz  P  13095 W  Vdc   470  Q  49.98  23.760 m3  6.474 kWh  3.67 L/Wh
  14:31:17  ON      44.9 Hz  P  13163 W  Vdc   469  Q  50.00  23.805 m3  6.485 kWh  3.67 L/Wh
  14:31:20  ON      44.9 Hz  P  13250 W  Vdc   468  Q  50.07  23.849 m3  6.497 kWh  3.67 L/Wh
  14:31:23  ON      44.5 Hz  P  13077 W  Vdc   470  Q  50.10  23.894 m3  6.509 kWh  3.67 L/Wh
  14:31:26  ON      44.9 Hz  P  13377 W  Vdc   466  Q  50.18  23.938 m3  6.521 kWh  3.67 L/Wh
  14:31:29  ON      44.9 Hz  P  13393 W  Vdc   466  Q  50.17  23.983 m3  6.532 kWh  3.67 L/Wh
  14:31:32  ON      44.5 Hz  P  13063 W  Vdc   471  Q  50.05  24.027 m3  6.544 kWh  3.67 L/Wh
  14:31:36  ON      45.3 Hz  P  13445 W  Vdc   465  Q  49.91  24.072 m3  6.556 kWh  3.67 L/Wh
  14:31:39  ON      44.9 Hz  P  13176 W  Vdc   469  Q  49.80  24.116 m3  6.568 kWh  3.67 L/Wh
  14:31:42  ON      44.5 Hz  P  12892 W  Vdc   473  Q  49.81  24.160 m3  6.579 kWh  3.67 L/Wh
  14:31:45  ON      44.9 Hz  P  13224 W  Vdc   468  Q  49.84  24.205 m3  6.591 kWh  3.67 L/Wh
  14:31:48  ON      44.5 Hz  P  12925 W  Vdc   473  Q  49.88  24.249 m3  6.602 kWh  3.67 L/Wh
  14:31:52  ON      44.9 Hz  P  13176 W  Vdc   469  Q  49.92  24.293 m3  6.614 kWh  3.67 L/Wh
  14:31:55  ON      44.9 Hz  P  13242 W  Vdc   468  Q     --  24.293 m3  6.628 kWh  3.67 L/Wh
  14:31:59  ON      44.5 Hz  P  13083 W  Vdc   470  Q  50.24  24.338 m3  6.639 kWh  3.67 L/Wh
  14:32:02  ON      44.5 Hz  P  13118 W  Vdc   470  Q  50.28  24.383 m3  6.651 kWh  3.67 L/Wh
  14:32:05  ON      44.9 Hz  P  13372 W  Vdc   465  Q  50.17  24.427 m3  6.663 kWh  3.67 L/Wh
  14:32:08  ON      44.5 Hz  P  13071 W  Vdc   471  Q  50.13  24.472 m3  6.675 kWh  3.67 L/Wh
  14:32:11  ON      44.5 Hz  P  13105 W  Vdc   470  Q  50.11  24.516 m3  6.686 kWh  3.67 L/Wh
  14:32:15  ON      44.9 Hz  P  13164 W  Vdc   469  Q  50.06  24.561 m3  6.698 kWh  3.67 L/Wh
  14:32:18  ON      44.9 Hz  P  13293 W  Vdc   468  Q  49.99  24.605 m3  6.710 kWh  3.67 L/Wh
  14:32:21  ON      44.9 Hz  P  13212 W  Vdc   469  Q  49.91  24.649 m3  6.721 kWh  3.67 L/Wh
  14:32:24  ON      44.9 Hz  P  13369 W  Vdc   466  Q  49.90  24.694 m3  6.733 kWh  3.67 L/Wh
  14:32:27  ON      44.9 Hz  P  13155 W  Vdc   470  Q  49.95  24.738 m3  6.745 kWh  3.67 L/Wh
  14:32:31  ON      44.5 Hz  P  12966 W  Vdc   472  Q  50.02  24.782 m3  6.757 kWh  3.67 L/Wh
  14:32:34  ON      44.5 Hz  P  13081 W  Vdc   471  Q  50.08  24.827 m3  6.768 kWh  3.67 L/Wh
  14:32:37  ON      44.5 Hz  P  13120 W  Vdc   470  Q  50.10  24.871 m3  6.780 kWh  3.67 L/Wh
  14:32:40  ON      44.5 Hz  P  13132 W  Vdc   470  Q  50.03  24.916 m3  6.791 kWh  3.67 L/Wh
  14:32:43  ON      44.5 Hz  P  13052 W  Vdc   471  Q  49.99  24.960 m3  6.803 kWh  3.67 L/Wh
  14:32:47  ON      45.3 Hz  P  13624 W  Vdc   461  Q  49.91  25.005 m3  6.815 kWh  3.67 L/Wh
  14:32:50  ON      44.5 Hz  P  12895 W  Vdc   473  Q  49.99  25.049 m3  6.827 kWh  3.67 L/Wh
  14:32:53  ON      44.9 Hz  P  13305 W  Vdc   466  Q  50.08  25.094 m3  6.838 kWh  3.67 L/Wh
  14:32:56  ON      44.5 Hz  P  12947 W  Vdc   472  Q  50.16  25.138 m3  6.850 kWh  3.67 L/Wh
  14:32:59  ON      44.5 Hz  P  13107 W  Vdc   470  Q  50.11  25.183 m3  6.862 kWh  3.67 L/Wh
  14:33:03  ON      44.5 Hz  P  13133 W  Vdc   469  Q  50.01  25.227 m3  6.873 kWh  3.67 L/Wh
  14:33:06  ON      44.9 Hz  P  13241 W  Vdc   468  Q  50.01  25.271 m3  6.885 kWh  3.67 L/Wh
  14:33:09  ON      44.5 Hz  P  13103 W  Vdc   470  Q  50.09  25.316 m3  6.897 kWh  3.67 L/Wh
  14:33:12  ON      44.5 Hz  P  12904 W  Vdc   473  Q  50.13  25.361 m3  6.908 kWh  3.67 L/Wh
  14:33:15  ON      44.1 Hz  P  12888 W  Vdc   473  Q  50.08  25.405 m3  6.920 kWh  3.67 L/Wh
  14:33:19  ON      44.5 Hz  P  13069 W  Vdc   470  Q  50.03  25.449 m3  6.931 kWh  3.67 L/Wh
  14:33:22  ON      44.5 Hz  P  13098 W  Vdc   470  Q  50.04  25.494 m3  6.943 kWh  3.67 L/Wh
  14:33:25  ON      44.1 Hz  P  12859 W  Vdc   474  Q  50.03  25.538 m3  6.954 kWh  3.67 L/Wh
  14:33:28  ON      44.5 Hz  P  12979 W  Vdc   472  Q  49.95  25.583 m3  6.966 kWh  3.67 L/Wh
  14:33:31  ON      45.3 Hz  P  13450 W  Vdc   464  Q  49.91  25.627 m3  6.978 kWh  3.67 L/Wh
  14:33:35  ON      44.5 Hz  P  13110 W  Vdc   470  Q  49.91  25.671 m3  6.989 kWh  3.67 L/Wh
  14:33:38  ON      44.5 Hz  P  13126 W  Vdc   470  Q  49.98  25.716 m3  7.001 kWh  3.67 L/Wh
  14:33:41  ON      44.5 Hz  P  13053 W  Vdc   471  Q  49.93  25.760 m3  7.013 kWh  3.67 L/Wh
  14:33:44  ON      44.5 Hz  P  12927 W  Vdc   473  Q  49.82  25.804 m3  7.024 kWh  3.67 L/Wh
  14:33:47  ON      44.5 Hz  P  12895 W  Vdc   473  Q  49.67  25.849 m3  7.036 kWh  3.67 L/Wh
  14:33:51  ON      44.9 Hz  P  13384 W  Vdc   465  Q  49.73  25.893 m3  7.047 kWh  3.67 L/Wh
  14:33:54  ON      44.5 Hz  P  12952 W  Vdc   472  Q  49.81  25.937 m3  7.059 kWh  3.67 L/Wh
  14:33:57  ON      44.9 Hz  P  13160 W  Vdc   469  Q  49.78  25.981 m3  7.071 kWh  3.67 L/Wh
  14:34:00  ON      44.9 Hz  P  13133 W  Vdc   470  Q  49.73  26.025 m3  7.082 kWh  3.67 L/Wh
  14:34:03  ON      44.5 Hz  P  12987 W  Vdc   473  Q  49.77  26.070 m3  7.094 kWh  3.67 L/Wh
  14:34:07  ON      44.5 Hz  P  13095 W  Vdc   471  Q  49.96  26.114 m3  7.105 kWh  3.68 L/Wh
  14:34:10  ON      44.5 Hz  P  12930 W  Vdc   474  Q  50.08  26.158 m3  7.117 kWh  3.68 L/Wh
  14:34:13  ON      44.5 Hz  P  13163 W  Vdc   471  Q  50.12  26.203 m3  7.129 kWh  3.68 L/Wh
  14:34:16  ON      44.5 Hz  P  13065 W  Vdc   472  Q  50.03  26.247 m3  7.140 kWh  3.68 L/Wh
  14:34:19  ON      44.9 Hz  P  13196 W  Vdc   471  Q  49.99  26.292 m3  7.152 kWh  3.68 L/Wh
  14:34:23  ON      44.5 Hz  P  13144 W  Vdc   471  Q  49.94  26.336 m3  7.164 kWh  3.68 L/Wh
  14:34:26  ON      44.9 Hz  P  13267 W  Vdc   469  Q  49.85  26.380 m3  7.175 kWh  3.68 L/Wh
  14:34:29  ON      44.9 Hz  P  13360 W  Vdc   468  Q  49.68  26.425 m3  7.187 kWh  3.68 L/Wh
  14:34:32  ON      44.5 Hz  P  13123 W  Vdc   472  Q  49.59  26.469 m3  7.199 kWh  3.68 L/Wh
  14:34:35  ON      44.5 Hz  P  13153 W  Vdc   471  Q  49.64  26.513 m3  7.211 kWh  3.68 L/Wh
  14:34:39  ON      44.9 Hz  P  13327 W  Vdc   468  Q  49.71  26.557 m3  7.222 kWh  3.68 L/Wh
  14:34:42  ON      44.9 Hz  P  13203 W  Vdc   470  Q  49.78  26.601 m3  7.234 kWh  3.68 L/Wh
  14:34:45  ON      44.9 Hz  P  13390 W  Vdc   467  Q  49.86  26.645 m3  7.246 kWh  3.68 L/Wh
  14:34:48  ON      44.5 Hz  P  13036 W  Vdc   472  Q  50.03  26.690 m3  7.258 kWh  3.68 L/Wh
  14:34:51  ON      44.5 Hz  P  12956 W  Vdc   473  Q  50.14  26.734 m3  7.269 kWh  3.68 L/Wh
  14:34:55  ON      44.5 Hz  P  12934 W  Vdc   473  Q  50.16  26.779 m3  7.281 kWh  3.68 L/Wh
  14:34:58  ON      44.5 Hz  P  12895 W  Vdc   474  Q  50.15  26.824 m3  7.292 kWh  3.68 L/Wh
  14:35:01  ON      44.9 Hz  P  13323 W  Vdc   468  Q  50.19  26.868 m3  7.304 kWh  3.68 L/Wh
  14:35:04  ON      44.5 Hz  P  13084 W  Vdc   471  Q  50.23  26.913 m3  7.316 kWh  3.68 L/Wh
  14:35:07  ON      44.5 Hz  P  13123 W  Vdc   471  Q  50.16  26.957 m3  7.327 kWh  3.68 L/Wh
  14:35:11  ON      44.1 Hz  P  12891 W  Vdc   474  Q  50.05  27.002 m3  7.339 kWh  3.68 L/Wh
  14:35:14  ON      44.9 Hz  P  13238 W  Vdc   469  Q  50.02  27.046 m3  7.350 kWh  3.68 L/Wh
  14:35:17  ON      44.9 Hz  P  13188 W  Vdc   469  Q  50.05  27.091 m3  7.362 kWh  3.68 L/Wh
  14:35:20  ON      44.1 Hz  P  12855 W  Vdc   474  Q  50.05  27.135 m3  7.374 kWh  3.68 L/Wh
  14:35:23  ON      44.5 Hz  P  12891 W  Vdc   474  Q  49.99  27.179 m3  7.385 kWh  3.68 L/Wh
  14:35:26  ON      44.5 Hz  P  12966 W  Vdc   472  Q  49.87  27.224 m3  7.397 kWh  3.68 L/Wh
  14:35:30  ON      44.5 Hz  P  13114 W  Vdc   470  Q  49.83  27.268 m3  7.408 kWh  3.68 L/Wh
  14:35:33  ON      44.9 Hz  P  13156 W  Vdc   469  Q  49.86  27.312 m3  7.420 kWh  3.68 L/Wh
  14:35:36  ON      44.5 Hz  P  12984 W  Vdc   472  Q  49.90  27.357 m3  7.431 kWh  3.68 L/Wh
  14:35:40  ON      44.5 Hz  P  13081 W  Vdc   470  Q     --  27.357 m3  7.445 kWh  3.67 L/Wh
  14:35:43  ON      44.5 Hz  P  12900 W  Vdc   473  Q  49.86  27.401 m3  7.457 kWh  3.67 L/Wh
  14:35:46  ON      44.9 Hz  P  13143 W  Vdc   469  Q  49.87  27.445 m3  7.468 kWh  3.67 L/Wh
  14:35:49  ON      44.5 Hz  P  12949 W  Vdc   471  Q  49.81  27.489 m3  7.480 kWh  3.68 L/Wh
  14:35:53  ON      44.1 Hz  P  12837 W  Vdc   473  Q  49.70  27.534 m3  7.491 kWh  3.68 L/Wh
  14:35:56  ON      44.9 Hz  P  13134 W  Vdc   468  Q  49.55  27.578 m3  7.503 kWh  3.68 L/Wh
  14:35:59  ON      44.5 Hz  P  12992 W  Vdc   471  Q  49.47  27.622 m3  7.514 kWh  3.68 L/Wh
  14:36:02  ON      44.1 Hz  P  12812 W  Vdc   473  Q  49.49  27.665 m3  7.526 kWh  3.68 L/Wh
  14:36:05  ON      44.5 Hz  P  13096 W  Vdc   469  Q  49.50  27.709 m3  7.537 kWh  3.68 L/Wh
  14:36:09  ON      44.5 Hz  P  13117 W  Vdc   469  Q  49.45  27.753 m3  7.549 kWh  3.68 L/Wh
  14:36:12  ON      44.5 Hz  P  12983 W  Vdc   471  Q  49.31  27.797 m3  7.561 kWh  3.68 L/Wh
  14:36:15  ON      44.5 Hz  P  12934 W  Vdc   471  Q  49.38  27.841 m3  7.572 kWh  3.68 L/Wh
  14:36:18  ON      44.1 Hz  P  12846 W  Vdc   472  Q  49.53  27.885 m3  7.583 kWh  3.68 L/Wh
  14:36:21  ON      44.1 Hz  P  12873 W  Vdc   472  Q  49.71  27.929 m3  7.595 kWh  3.68 L/Wh
  14:36:25  ON      44.1 Hz  P  12789 W  Vdc   473  Q  49.70  27.973 m3  7.606 kWh  3.68 L/Wh
  14:36:28  ON      44.5 Hz  P  12911 W  Vdc   471  Q  49.59  28.017 m3  7.618 kWh  3.68 L/Wh
  14:36:31  ON      44.5 Hz  P  13109 W  Vdc   468  Q  49.49  28.061 m3  7.629 kWh  3.68 L/Wh
  14:36:34  ON      44.1 Hz  P  12715 W  Vdc   474  Q  49.42  28.105 m3  7.641 kWh  3.68 L/Wh
  14:36:37  ON      44.1 Hz  P  12808 W  Vdc   473  Q  49.38  28.149 m3  7.652 kWh  3.68 L/Wh
  14:36:41  ON      44.1 Hz  P  12845 W  Vdc   472  Q  49.31  28.193 m3  7.663 kWh  3.68 L/Wh
  14:36:44  ON      44.5 Hz  P  12882 W  Vdc   471  Q  49.32  28.237 m3  7.675 kWh  3.68 L/Wh
  14:36:47  ON      44.5 Hz  P  12958 W  Vdc   470  Q  49.34  28.281 m3  7.686 kWh  3.68 L/Wh
  14:36:50  ON      44.5 Hz  P  12918 W  Vdc   470  Q  49.39  28.324 m3  7.698 kWh  3.68 L/Wh
  14:36:53  ON      44.1 Hz  P  12837 W  Vdc   471  Q  49.45  28.368 m3  7.709 kWh  3.68 L/Wh
  14:36:57  ON      44.9 Hz  P  13325 W  Vdc   462  Q  49.50  28.412 m3  7.721 kWh  3.68 L/Wh
  14:37:00  ON      44.5 Hz  P  12951 W  Vdc   470  Q  49.50  28.456 m3  7.733 kWh  3.68 L/Wh
  14:37:03  ON      44.1 Hz  P  12827 W  Vdc   472  Q  49.49  28.500 m3  7.744 kWh  3.68 L/Wh
  14:37:06  ON      44.1 Hz  P  12866 W  Vdc   471  Q  49.38  28.544 m3  7.755 kWh  3.68 L/Wh
  14:37:09  ON      44.5 Hz  P  13012 W  Vdc   469  Q  49.41  28.588 m3  7.767 kWh  3.68 L/Wh
  14:37:13  ON      44.5 Hz  P  12933 W  Vdc   470  Q  49.42  28.632 m3  7.778 kWh  3.68 L/Wh
  14:37:16  ON      44.1 Hz  P  12827 W  Vdc   472  Q  49.56  28.676 m3  7.790 kWh  3.68 L/Wh
  14:37:19  ON      44.5 Hz  P  12864 W  Vdc   471  Q  49.57  28.720 m3  7.801 kWh  3.68 L/Wh
  14:37:22  ON      44.1 Hz  P  12770 W  Vdc   472  Q  49.53  28.764 m3  7.813 kWh  3.68 L/Wh
  14:37:25  ON      44.1 Hz  P  12799 W  Vdc   472  Q  49.45  28.808 m3  7.824 kWh  3.68 L/Wh
  14:37:29  ON      44.5 Hz  P  12889 W  Vdc   471  Q  49.41  28.852 m3  7.835 kWh  3.68 L/Wh
  14:37:32  ON      44.1 Hz  P  12703 W  Vdc   473  Q  49.50  28.896 m3  7.847 kWh  3.68 L/Wh
  14:37:35  ON      44.5 Hz  P  13052 W  Vdc   468  Q  49.56  28.940 m3  7.858 kWh  3.68 L/Wh
  14:37:38  ON      44.5 Hz  P  13077 W  Vdc   467  Q  49.59  28.984 m3  7.870 kWh  3.68 L/Wh
  14:37:41  ON      44.5 Hz  P  13099 W  Vdc   467  Q  49.54  29.028 m3  7.882 kWh  3.68 L/Wh
  14:37:45  ON      44.5 Hz  P  12952 W  Vdc   468  Q  49.55  29.072 m3  7.893 kWh  3.68 L/Wh
  14:37:48  ON      44.5 Hz  P  12919 W  Vdc   469  Q  49.47  29.116 m3  7.905 kWh  3.68 L/Wh
  14:37:51  ON      44.1 Hz  P  12833 W  Vdc   470  Q  49.37  29.160 m3  7.916 kWh  3.68 L/Wh
  14:37:54  ON      44.1 Hz  P  12603 W  Vdc   474  Q  49.30  29.204 m3  7.927 kWh  3.68 L/Wh
  14:37:57  ON      44.5 Hz  P  12946 W  Vdc   469  Q  49.37  29.247 m3  7.939 kWh  3.68 L/Wh
  14:38:01  ON      44.1 Hz  P  12817 W  Vdc   471  Q  49.60  29.291 m3  7.950 kWh  3.68 L/Wh
  14:38:04  ON      44.5 Hz  P  12882 W  Vdc   470  Q  49.67  29.335 m3  7.961 kWh  3.68 L/Wh
  14:38:07  ON      44.5 Hz  P  13012 W  Vdc   468  Q  49.52  29.379 m3  7.973 kWh  3.68 L/Wh
  14:38:10  ON      44.5 Hz  P  12932 W  Vdc   469  Q  49.31  29.423 m3  7.984 kWh  3.69 L/Wh
  14:38:13  ON      44.1 Hz  P  12645 W  Vdc   473  Q  49.23  29.467 m3  7.996 kWh  3.69 L/Wh
  14:38:17  ON      44.5 Hz  P  12866 W  Vdc   470  Q  49.33  29.511 m3  8.007 kWh  3.69 L/Wh
  14:38:20  ON      44.5 Hz  P  12952 W  Vdc   468  Q     --  29.511 m3  8.021 kWh  3.68 L/Wh
  14:38:23  ON      44.5 Hz  P  12902 W  Vdc   469  Q  49.31  29.555 m3  8.032 kWh  3.68 L/Wh
  14:38:27  ON      44.1 Hz  P  12814 W  Vdc   470  Q  49.28  29.598 m3  8.043 kWh  3.68 L/Wh
  14:38:30  ON      44.1 Hz  P  12594 W  Vdc   473  Q  49.32  29.642 m3  8.055 kWh  3.68 L/Wh
  14:38:33  ON      44.5 Hz  P  13038 W  Vdc   466  Q  49.40  29.686 m3  8.066 kWh  3.68 L/Wh
  14:38:36  ON      44.5 Hz  P  12875 W  Vdc   469  Q  49.38  29.730 m3  8.078 kWh  3.68 L/Wh
  14:38:39  ON      44.5 Hz  P  12856 W  Vdc   469  Q  49.38  29.774 m3  8.089 kWh  3.68 L/Wh
  14:38:43  ON      44.5 Hz  P  12995 W  Vdc   466  Q  49.38  29.818 m3  8.101 kWh  3.68 L/Wh
  14:38:46  ON      44.1 Hz  P  12648 W  Vdc   471  Q  49.36  29.862 m3  8.112 kWh  3.68 L/Wh
  14:38:49  ON      44.5 Hz  P  13049 W  Vdc   465  Q  49.19  29.905 m3  8.124 kWh  3.68 L/Wh
  14:38:52  ON      44.1 Hz  P  12827 W  Vdc   468  Q  48.98  29.949 m3  8.135 kWh  3.68 L/Wh
  14:38:55  ON      44.5 Hz  P  13023 W  Vdc   466  Q  48.94  29.992 m3  8.147 kWh  3.68 L/Wh
  14:38:59  ON      44.1 Hz  P  12802 W  Vdc   469  Q  49.01  30.036 m3  8.158 kWh  3.68 L/Wh
  14:39:02  ON      44.1 Hz  P  12826 W  Vdc   469  Q  49.08  30.079 m3  8.169 kWh  3.68 L/Wh
  14:39:05  ON      44.5 Hz  P  12946 W  Vdc   467  Q  49.01  30.123 m3  8.181 kWh  3.68 L/Wh
  14:39:08  ON      44.1 Hz  P  12771 W  Vdc   470  Q  48.98  30.167 m3  8.192 kWh  3.68 L/Wh
  14:39:11  ON      44.5 Hz  P  12881 W  Vdc   468  Q  49.04  30.210 m3  8.204 kWh  3.68 L/Wh
